<html>
<body>
<pre>
<h1>礦ision Build Log</h1>
<h2>Tool Versions:</h2>
IDE-Version: μVision V5.40.0.0
Copyright (C) 2024 ARM Ltd and ARM Germany GmbH. All rights reserved.
License Information: huang yan, A, LIC=YA39H-WBB3W-WFAI7-EIPGA-63JT5-NEMTH
 
Tool Versions:
Toolchain:       MDK-ARM Plus  Version: 5.40.0.3
Toolchain Path:  D:\Keil5\ARM\ARMCC\Bin
C Compiler:      Armcc.exe V5.06 update 5 (build 528)
Assembler:       Armasm.exe V5.06 update 5 (build 528)
Linker/Locator:  ArmLink.exe V5.06 update 5 (build 528)
Library Manager: ArmAr.exe V5.06 update 5 (build 528)
Hex Converter:   FromElf.exe V5.06 update 5 (build 528)
CPU DLL:         SARMCM3.DLL V5.40.0.3
Dialog DLL:      DCM.DLL V1.17.5.0
Target DLL:      CMSIS_AGDI.dll V1.33.18.0
Dialog DLL:      TCM.DLL V1.56.4.0
 
<h2>Project:</h2>
C:\Users\huang\Desktop\RM\工程\自定义控制器\代码\Custom_Controller - v1.2\MDK-ARM\CtrlBoard-H7_WS1812.uvprojx
Project File Date:  03/21/2026

<h2>Output:</h2>
*** Using Compiler 'V5.06 update 5 (build 528)', folder: 'D:\Keil5\ARM\ARMCC\Bin'
Build target 'CtrlBoard-H7_WS1812'
compiling servo_mapping.c...
..\User\APP\Gravity_comp.h(7): warning:  #1-D: last line of file ends without a newline
  #endif
..\User\APP\servo_mapping.c(32): warning:  #177-D: variable "pos_txbuf"  was declared but never referenced
  static uint8_t pos_txbuf[6];  // 55 55 id 03 28 checksum 鏈轰綅缃煡璇㈠抚缂撳啿鍖?
..\User\APP\servo_mapping.c(520): warning:  #177-D: function "JustFloat_send"  was declared but never referenced
  static void JustFloat_send(moterMapHeader *MoterMap)
..\User\APP\servo_mapping.c(291): warning:  #177-D: function "map_servo_to_joint"  was declared but never referenced
  static void map_servo_to_joint(void)
..\User\APP\servo_mapping.c: 4 warnings, 0 errors
linking...
Program Size: Code=42336 RO-data=2500 RW-data=328 ZI-data=21792  
FromELF: creating hex file...
"CtrlBoard-H7_WS1812\CtrlBoard-H7_WS1812.axf" - 0 Error(s), 4 Warning(s).

<h2>Software Packages used:</h2>

Package Vendor: ARM
                https://www.keil.com/pack/ARM.CMSIS.6.1.0.pack
                ARM::CMSIS@6.1.0
                CMSIS (Common Microcontroller Software Interface Standard)
   * Component: CORE Version: 6.1.0

Package Vendor: Keil
                https://www.keil.com/pack/Keil.STM32H7xx_DFP.4.0.0.pack
                Keil::STM32H7xx_DFP@4.0.0
                STMicroelectronics STM32H7 Series Device Support

<h2>Collection of Component include folders:</h2>
  ./RTE/_CtrlBoard-H7_WS1812
  D:/Keil5/ARM/PACK/ARM/CMSIS/6.1.0/CMSIS/Core/Include

<h2>Collection of Component Files used:</h2>

   * Component: ARM::CMSIS:CORE@6.1.0
      Include file:  CMSIS/Core/Include/tz_context.h
Build Time Elapsed:  00:00:04
</pre>
</body>
</html>
