Component: ARM Compiler 5.06 update 5 (build 528) Tool: armlink [4d35e2]

==============================================================================

Section Cross References

    startup_stm32h723xx.o(STACK) refers (Special) to heapauxi.o(.text) for __use_two_region_memory
    startup_stm32h723xx.o(HEAP) refers (Special) to heapauxi.o(.text) for __use_two_region_memory
    startup_stm32h723xx.o(RESET) refers (Special) to heapauxi.o(.text) for __use_two_region_memory
    startup_stm32h723xx.o(RESET) refers to startup_stm32h723xx.o(STACK) for __initial_sp
    startup_stm32h723xx.o(RESET) refers to startup_stm32h723xx.o(.text) for Reset_Handler
    startup_stm32h723xx.o(RESET) refers to stm32h7xx_it.o(i.NMI_Handler) for NMI_Handler
    startup_stm32h723xx.o(RESET) refers to stm32h7xx_it.o(i.HardFault_Handler) for HardFault_Handler
    startup_stm32h723xx.o(RESET) refers to stm32h7xx_it.o(i.MemManage_Handler) for MemManage_Handler
    startup_stm32h723xx.o(RESET) refers to stm32h7xx_it.o(i.BusFault_Handler) for BusFault_Handler
    startup_stm32h723xx.o(RESET) refers to stm32h7xx_it.o(i.UsageFault_Handler) for UsageFault_Handler
    startup_stm32h723xx.o(RESET) refers to port.o(.emb_text) for SVC_Handler
    startup_stm32h723xx.o(RESET) refers to stm32h7xx_it.o(i.DebugMon_Handler) for DebugMon_Handler
    startup_stm32h723xx.o(RESET) refers to port.o(i.SysTick_Handler) for SysTick_Handler
    startup_stm32h723xx.o(RESET) refers to stm32h7xx_it.o(i.DMA1_Stream0_IRQHandler) for DMA1_Stream0_IRQHandler
    startup_stm32h723xx.o(RESET) refers to stm32h7xx_it.o(i.DMA1_Stream1_IRQHandler) for DMA1_Stream1_IRQHandler
    startup_stm32h723xx.o(RESET) refers to stm32h7xx_it.o(i.DMA1_Stream2_IRQHandler) for DMA1_Stream2_IRQHandler
    startup_stm32h723xx.o(RESET) refers to stm32h7xx_it.o(i.DMA1_Stream3_IRQHandler) for DMA1_Stream3_IRQHandler
    startup_stm32h723xx.o(RESET) refers to stm32h7xx_it.o(i.FDCAN1_IT0_IRQHandler) for FDCAN1_IT0_IRQHandler
    startup_stm32h723xx.o(RESET) refers to stm32h7xx_it.o(i.FDCAN2_IT0_IRQHandler) for FDCAN2_IT0_IRQHandler
    startup_stm32h723xx.o(RESET) refers to stm32h7xx_it.o(i.FDCAN1_IT1_IRQHandler) for FDCAN1_IT1_IRQHandler
    startup_stm32h723xx.o(RESET) refers to stm32h7xx_it.o(i.FDCAN2_IT1_IRQHandler) for FDCAN2_IT1_IRQHandler
    startup_stm32h723xx.o(RESET) refers to stm32h7xx_it.o(i.USART1_IRQHandler) for USART1_IRQHandler
    startup_stm32h723xx.o(RESET) refers to stm32h7xx_it.o(i.TIM6_DAC_IRQHandler) for TIM6_DAC_IRQHandler
    startup_stm32h723xx.o(RESET) refers to stm32h7xx_it.o(i.UART7_IRQHandler) for UART7_IRQHandler
    startup_stm32h723xx.o(RESET) refers to stm32h7xx_it.o(i.TIM23_IRQHandler) for TIM23_IRQHandler
    startup_stm32h723xx.o(.text) refers (Special) to heapauxi.o(.text) for __use_two_region_memory
    startup_stm32h723xx.o(.text) refers to system_stm32h7xx.o(i.SystemInit) for SystemInit
    startup_stm32h723xx.o(.text) refers to __main.o(!!!main) for __main
    startup_stm32h723xx.o(.text) refers to startup_stm32h723xx.o(HEAP) for Heap_Mem
    startup_stm32h723xx.o(.text) refers to startup_stm32h723xx.o(STACK) for Stack_Mem
    main.o(i.HAL_TIM_PeriodElapsedCallback) refers to servo_mapping.o(i.TaskFrequencyCheck) for TaskFrequencyCheck
    main.o(i.HAL_TIM_PeriodElapsedCallback) refers to userkey.o(i.Key_Tick) for Key_Tick
    main.o(i.HAL_TIM_PeriodElapsedCallback) refers to safewarning.o(i.Beep_Task) for Beep_Task
    main.o(i.HAL_TIM_PeriodElapsedCallback) refers to stm32h7xx_hal.o(i.HAL_IncTick) for HAL_IncTick
    main.o(i.HAL_TIM_PeriodElapsedCallback) refers to main.o(.data) for .data
    main.o(i.HAL_UARTEx_RxEventCallback) refers to stm32h7xx_hal_uart_ex.o(i.HAL_UARTEx_ReceiveToIdle_DMA) for HAL_UARTEx_ReceiveToIdle_DMA
    main.o(i.HAL_UARTEx_RxEventCallback) refers to servo_mapping.o(i.TaskFrequencycount) for TaskFrequencycount
    main.o(i.HAL_UARTEx_RxEventCallback) refers to main.o(.bss) for .bss
    main.o(i.HAL_UARTEx_RxEventCallback) refers to servo_mapping.o(.bss) for Servos
    main.o(i.HAL_UARTEx_RxEventCallback) refers to usart.o(.bss) for huart7
    main.o(i.HAL_UART_ErrorCallback) refers to stm32h7xx_hal_uart_ex.o(i.HAL_UARTEx_ReceiveToIdle_DMA) for HAL_UARTEx_ReceiveToIdle_DMA
    main.o(i.HAL_UART_ErrorCallback) refers to main.o(.bss) for .bss
    main.o(i.HAL_UART_ErrorCallback) refers to usart.o(.bss) for huart7
    main.o(i.SystemClock_Config) refers to rt_memclr_w.o(.text) for __aeabi_memclr4
    main.o(i.SystemClock_Config) refers to stm32h7xx_hal_pwr_ex.o(i.HAL_PWREx_ConfigSupply) for HAL_PWREx_ConfigSupply
    main.o(i.SystemClock_Config) refers to stm32h7xx_hal_rcc.o(i.HAL_RCC_OscConfig) for HAL_RCC_OscConfig
    main.o(i.SystemClock_Config) refers to stm32h7xx_hal_rcc.o(i.HAL_RCC_ClockConfig) for HAL_RCC_ClockConfig
    main.o(i.main) refers to stm32h7xx_hal.o(i.HAL_Init) for HAL_Init
    main.o(i.main) refers to main.o(i.SystemClock_Config) for SystemClock_Config
[...]
    OTG_HS_EP1_OUT_IRQHandler                0x08000447   Thumb Code     0  startup_stm32h723xx.o(.text)
    OTG_HS_IRQHandler                        0x08000447   Thumb Code     0  startup_stm32h723xx.o(.text)
    OTG_HS_WKUP_IRQHandler                   0x08000447   Thumb Code     0  startup_stm32h723xx.o(.text)
    PVD_AVD_IRQHandler                       0x08000447   Thumb Code     0  startup_stm32h723xx.o(.text)
    RCC_IRQHandler                           0x08000447   Thumb Code     0  startup_stm32h723xx.o(.text)
    RNG_IRQHandler                           0x08000447   Thumb Code     0  startup_stm32h723xx.o(.text)
    RTC_Alarm_IRQHandler                     0x08000447   Thumb Code     0  startup_stm32h723xx.o(.text)
    RTC_WKUP_IRQHandler                      0x08000447   Thumb Code     0  startup_stm32h723xx.o(.text)
    SAI1_IRQHandler                          0x08000447   Thumb Code     0  startup_stm32h723xx.o(.text)
    SAI4_IRQHandler                          0x08000447   Thumb Code     0  startup_stm32h723xx.o(.text)
    SDMMC1_IRQHandler                        0x08000447   Thumb Code     0  startup_stm32h723xx.o(.text)
    SDMMC2_IRQHandler                        0x08000447   Thumb Code     0  startup_stm32h723xx.o(.text)
    SPDIF_RX_IRQHandler                      0x08000447   Thumb Code     0  startup_stm32h723xx.o(.text)
    SPI1_IRQHandler                          0x08000447   Thumb Code     0  startup_stm32h723xx.o(.text)
    SPI2_IRQHandler                          0x08000447   Thumb Code     0  startup_stm32h723xx.o(.text)
    SPI3_IRQHandler                          0x08000447   Thumb Code     0  startup_stm32h723xx.o(.text)
    SPI4_IRQHandler                          0x08000447   Thumb Code     0  startup_stm32h723xx.o(.text)
    SPI5_IRQHandler                          0x08000447   Thumb Code     0  startup_stm32h723xx.o(.text)
    SPI6_IRQHandler                          0x08000447   Thumb Code     0  startup_stm32h723xx.o(.text)
    SWPMI1_IRQHandler                        0x08000447   Thumb Code     0  startup_stm32h723xx.o(.text)
    TAMP_STAMP_IRQHandler                    0x08000447   Thumb Code     0  startup_stm32h723xx.o(.text)
    TIM15_IRQHandler                         0x08000447   Thumb Code     0  startup_stm32h723xx.o(.text)
    TIM16_IRQHandler                         0x08000447   Thumb Code     0  startup_stm32h723xx.o(.text)
    TIM17_IRQHandler                         0x08000447   Thumb Code     0  startup_stm32h723xx.o(.text)
    TIM1_BRK_IRQHandler                      0x08000447   Thumb Code     0  startup_stm32h723xx.o(.text)
    TIM1_CC_IRQHandler                       0x08000447   Thumb Code     0  startup_stm32h723xx.o(.text)
    TIM1_TRG_COM_IRQHandler                  0x08000447   Thumb Code     0  startup_stm32h723xx.o(.text)
    TIM1_UP_IRQHandler                       0x08000447   Thumb Code     0  startup_stm32h723xx.o(.text)
    TIM24_IRQHandler                         0x08000447   Thumb Code     0  startup_stm32h723xx.o(.text)
    TIM2_IRQHandler                          0x08000447   Thumb Code     0  startup_stm32h723xx.o(.text)
    TIM3_IRQHandler                          0x08000447   Thumb Code     0  startup_stm32h723xx.o(.text)
    TIM4_IRQHandler                          0x08000447   Thumb Code     0  startup_stm32h723xx.o(.text)
    TIM5_IRQHandler                          0x08000447   Thumb Code     0  startup_stm32h723xx.o(.text)
    TIM7_IRQHandler                          0x08000447   Thumb Code     0  startup_stm32h723xx.o(.text)
    TIM8_BRK_TIM12_IRQHandler                0x08000447   Thumb Code     0  startup_stm32h723xx.o(.text)
    TIM8_CC_IRQHandler                       0x08000447   Thumb Code     0  startup_stm32h723xx.o(.text)
    TIM8_TRG_COM_TIM14_IRQHandler            0x08000447   Thumb Code     0  startup_stm32h723xx.o(.text)
    TIM8_UP_TIM13_IRQHandler                 0x08000447   Thumb Code     0  startup_stm32h723xx.o(.text)
    UART4_IRQHandler                         0x08000447   Thumb Code     0  startup_stm32h723xx.o(.text)
    UART5_IRQHandler                         0x08000447   Thumb Code     0  startup_stm32h723xx.o(.text)
    UART8_IRQHandler                         0x08000447   Thumb Code     0  startup_stm32h723xx.o(.text)
    UART9_IRQHandler                         0x08000447   Thumb Code     0  startup_stm32h723xx.o(.text)
    USART10_IRQHandler                       0x08000447   Thumb Code     0  startup_stm32h723xx.o(.text)
    USART2_IRQHandler                        0x08000447   Thumb Code     0  startup_stm32h723xx.o(.text)
    USART3_IRQHandler                        0x08000447   Thumb Code     0  startup_stm32h723xx.o(.text)
    USART6_IRQHandler                        0x08000447   Thumb Code     0  startup_stm32h723xx.o(.text)
    WAKEUP_PIN_IRQHandler                    0x08000447   Thumb Code     0  startup_stm32h723xx.o(.text)
    WWDG_IRQHandler                          0x08000447   Thumb Code     0  startup_stm32h723xx.o(.text)
    __user_initial_stackheap                 0x08000449   Thumb Code     0  startup_stm32h723xx.o(.text)
    __aeabi_uldivmod                         0x0800046d   Thumb Code     0  lludivv7m.o(.text)
    _ll_udiv                                 0x0800046d   Thumb Code   238  lludivv7m.o(.text)
    __aeabi_memcpy                           0x0800055b   Thumb Code     0  rt_memcpy_v6.o(.text)
    __rt_memcpy                              0x0800055b   Thumb Code   138  rt_memcpy_v6.o(.text)
    _memcpy_lastbytes                        0x080005c1   Thumb Code     0  rt_memcpy_v6.o(.text)
    __aeabi_memcpy4                          0x080005e5   Thumb Code     0  rt_memcpy_w.o(.text)
    __aeabi_memcpy8                          0x080005e5   Thumb Code     0  rt_memcpy_w.o(.text)
    __rt_memcpy_w                            0x080005e5   Thumb Code   100  rt_memcpy_w.o(.text)
    _memcpy_lastbytes_aligned                0x0800062d   Thumb Code     0  rt_memcpy_w.o(.text)
    __aeabi_memclr                           0x08000649   Thumb Code     0  rt_memclr.o(.text)
    __rt_memclr                              0x08000649   Thumb Code    68  rt_memclr.o(.text)
    _memset                                  0x0800064d   Thumb Code     0  rt_memclr.o(.text)
    __aeabi_memclr4                          0x0800068d   Thumb Code     0  rt_memclr_w.o(.text)
    __aeabi_memclr8                          0x0800068d   Thumb Code     0  rt_memclr_w.o(.text)
    __rt_memclr_w                            0x0800068d   Thumb Code    78  rt_memclr_w.o(.text)
    _memset_w                                0x08000691   Thumb Code     0  rt_memclr_w.o(.text)
    __use_two_region_memory                  0x080006db   Thumb Code     2  heapauxi.o(.text)
    __rt_heap_escrow$2region                 0x080006dd   Thumb Code     2  heapauxi.o(.text)
    __rt_heap_expand$2region                 0x080006df   Thumb Code     2  heapauxi.o(.text)
    __read_errno                             0x080006e1   Thumb Code    10  _rserrno.o(.text)
    __set_errno                              0x080006eb   Thumb Code    12  _rserrno.o(.text)
    __aeabi_errno_addr                       0x080006f9   Thumb Code     8  rt_errno_addr_intlibspace.o(.text)
    __errno$intlibspace                      0x080006f9   Thumb Code     0  rt_errno_addr_intlibspace.o(.text)
    __rt_errno_addr$intlibspace              0x080006f9   Thumb Code     0  rt_errno_addr_intlibspace.o(.text)
    __user_libspace                          0x08000701   Thumb Code     8  libspace.o(.text)
    __user_perproc_libspace                  0x08000701   Thumb Code     0  libspace.o(.text)
    __user_perthread_libspace                0x08000701   Thumb Code     0  libspace.o(.text)
    __user_setup_stackheap                   0x08000709   Thumb Code    74  sys_stackheap_outer.o(.text)
    exit                                     0x08000753   Thumb Code    18  exit.o(.text)
    _sys_exit                                0x08000765   Thumb Code     8  sys_exit.o(.text)
    __I$use$semihosting                      0x08000771   Thumb Code     0  use_no_semi.o(.text)
    __use_no_semihosting_swi                 0x08000771   Thumb Code     2  use_no_semi.o(.text)
    __semihosting_library_function           0x08000773   Thumb Code     0  indicate_semi.o(.text)
    Append_CRC16_Check_Sum                   0x08000775   Thumb Code    38  crc.o(i.Append_CRC16_Check_Sum)
    Append_CRC8_Check_Sum                    0x080007a1   Thumb Code    32  crc.o(i.Append_CRC8_Check_Sum)
    Beep_Init                                0x080007c1   Thumb Code    14  safewarning.o(i.Beep_Init)
    Beep_Play                                0x080007d5   Thumb Code    28  safewarning.o(i.Beep_Play)
    Beep_Stop                                0x080007f5   Thumb Code    22  safewarning.o(i.Beep_Stop)
    Beep_Task                                0x08000815   Thumb Code   164  safewarning.o(i.Beep_Task)
    BusFault_Handler                         0x080008c9   Thumb Code     2  stm32h7xx_it.o(i.BusFault_Handler)
    CAN_cmd_MIT                              0x080008cd   Thumb Code   182  bsp_fdcan.o(i.CAN_cmd_MIT)
    CustomController_AngleMapping            0x080009a9   Thumb Code   248  servo_mapping.o(i.CustomController_AngleMapping)
    CustomController_StructSend              0x08000ad1   Thumb Code   124  servo_mapping.o(i.CustomController_StructSend)
    DMA1_Stream0_IRQHandler                  0x08000b59   Thumb Code     6  stm32h7xx_it.o(i.DMA1_Stream0_IRQHandler)
    DMA1_Stream1_IRQHandler                  0x08000b65   Thumb Code     6  stm32h7xx_it.o(i.DMA1_Stream1_IRQHandler)
    DMA1_Stream2_IRQHandler                  0x08000b71   Thumb Code     6  stm32h7xx_it.o(i.DMA1_Stream2_IRQHandler)
    DMA1_Stream3_IRQHandler                  0x08000b7d   Thumb Code     6  stm32h7xx_it.o(i.DMA1_Stream3_IRQHandler)
    DebugMon_Handler                         0x08000fc1   Thumb Code     2  stm32h7xx_it.o(i.DebugMon_Handler)
    Error_Handler                            0x08000fc3   Thumb Code     4  main.o(i.Error_Handler)
    FDCAN1_IT0_IRQHandler                    0x08000fc9   Thumb Code     6  stm32h7xx_it.o(i.FDCAN1_IT0_IRQHandler)
    FDCAN1_IT1_IRQHandler                    0x08000fd5   Thumb Code     6  stm32h7xx_it.o(i.FDCAN1_IT1_IRQHandler)
    FDCAN2_IT0_IRQHandler                    0x08000fe1   Thumb Code     6  stm32h7xx_it.o(i.FDCAN2_IT0_IRQHandler)
    FDCAN2_IT1_IRQHandler                    0x08000fed   Thumb Code     6  stm32h7xx_it.o(i.FDCAN2_IT1_IRQHandler)
    FillServoPacket_LOAD                     0x08001231   Thumb Code    30  servo_mapping.o(i.FillServoPacket_LOAD)
    Get_CRC16_Check_Sum                      0x08001251   Thumb Code    38  crc.o(i.Get_CRC16_Check_Sum)
    Get_CRC8_Check_Sum                       0x0800127d   Thumb Code    26  crc.o(i.Get_CRC8_Check_Sum)
    Get_theta                                0x0800129d   Thumb Code   136  servo_mapping.o(i.Get_theta)
    HAL_DMA_Abort                            0x08001339   Thumb Code   836  stm32h7xx_hal_dma.o(i.HAL_DMA_Abort)
    HAL_DMA_Abort_IT                         0x08001699   Thumb Code   602  stm32h7xx_hal_dma.o(i.HAL_DMA_Abort_IT)
    HAL_DMA_IRQHandler                       0x0800191d   Thumb Code  1756  stm32h7xx_hal_dma.o(i.HAL_DMA_IRQHandler)
    HAL_DMA_Init                             0x08002005   Thumb Code   922  stm32h7xx_hal_dma.o(i.HAL_DMA_Init)
    HAL_DMA_Start_IT                         0x080023c1   Thumb Code   628  stm32h7xx_hal_dma.o(i.HAL_DMA_Start_IT)
    HAL_Delay                                0x0800265d   Thumb Code    32  stm32h7xx_hal.o(i.HAL_Delay)
    HAL_FDCAN_ActivateNotification           0x08002681   Thumb Code   126  stm32h7xx_hal_fdcan.o(i.HAL_FDCAN_ActivateNotification)
    HAL_FDCAN_AddMessageToTxFifoQ            0x08002709   Thumb Code   102  stm32h7xx_hal_fdcan.o(i.HAL_FDCAN_AddMessageToTxFifoQ)
    HAL_FDCAN_ClockCalibrationCallback       0x0800276f   Thumb Code     2  stm32h7xx_hal_fdcan.o(i.HAL_FDCAN_ClockCalibrationCallback)
    HAL_FDCAN_ConfigFifoWatermark            0x08002771   Thumb Code    90  stm32h7xx_hal_fdcan.o(i.HAL_FDCAN_ConfigFifoWatermark)
    HAL_FDCAN_ConfigFilter                   0x080027cb   Thumb Code   126  stm32h7xx_hal_fdcan.o(i.HAL_FDCAN_ConfigFilter)
    HAL_FDCAN_ConfigGlobalFilter             0x08002849   Thumb Code    50  stm32h7xx_hal_fdcan.o(i.HAL_FDCAN_ConfigGlobalFilter)
    HAL_FDCAN_ErrorCallback                  0x0800287d   Thumb Code    80  bsp_fdcan.o(i.HAL_FDCAN_ErrorCallback)
    HAL_FDCAN_ErrorStatusCallback            0x080028d5   Thumb Code     2  stm32h7xx_hal_fdcan.o(i.HAL_FDCAN_ErrorStatusCallback)
    HAL_FDCAN_GetError                       0x080028d7   Thumb Code     6  stm32h7xx_hal_fdcan.o(i.HAL_FDCAN_GetError)
    HAL_FDCAN_GetRxFifoFillLevel             0x080028dd   Thumb Code    24  stm32h7xx_hal_fdcan.o(i.HAL_FDCAN_GetRxFifoFillLevel)
    HAL_FDCAN_GetRxMessage                   0x080028f5   Thumb Code   400  stm32h7xx_hal_fdcan.o(i.HAL_FDCAN_GetRxMessage)
    HAL_FDCAN_GetTxFifoFreeLevel             0x08002a89   Thumb Code    12  stm32h7xx_hal_fdcan.o(i.HAL_FDCAN_GetTxFifoFreeLevel)
    HAL_FDCAN_HighPriorityMessageCallback    0x08002a95   Thumb Code     2  stm32h7xx_hal_fdcan.o(i.HAL_FDCAN_HighPriorityMessageCallback)
    HAL_FDCAN_IRQHandler                     0x08002a99   Thumb Code   788  stm32h7xx_hal_fdcan.o(i.HAL_FDCAN_IRQHandler)
    HAL_FDCAN_Init                           0x08002db9   Thumb Code   572  stm32h7xx_hal_fdcan.o(i.HAL_FDCAN_Init)
    HAL_FDCAN_MspInit                        0x08002ffd   Thumb Code   300  fdcan.o(i.HAL_FDCAN_MspInit)
    HAL_FDCAN_RxBufferNewMessageCallback     0x08003141   Thumb Code     2  stm32h7xx_hal_fdcan.o(i.HAL_FDCAN_RxBufferNewMessageCallback)
    HAL_FDCAN_RxFifo0Callback                0x08003145   Thumb Code    12  bsp_fdcan.o(i.HAL_FDCAN_RxFifo0Callback)
    HAL_FDCAN_RxFifo1Callback                0x08003155   Thumb Code    12  bsp_fdcan.o(i.HAL_FDCAN_RxFifo1Callback)
    HAL_FDCAN_Start                          0x08003165   Thumb Code    50  stm32h7xx_hal_fdcan.o(i.HAL_FDCAN_Start)
    HAL_FDCAN_TT_GlobalTimeCallback          0x08003197   Thumb Code     2  stm32h7xx_hal_fdcan.o(i.HAL_FDCAN_TT_GlobalTimeCallback)
    HAL_FDCAN_TT_ScheduleSyncCallback        0x08003199   Thumb Code     2  stm32h7xx_hal_fdcan.o(i.HAL_FDCAN_TT_ScheduleSyncCallback)
    HAL_FDCAN_TT_StopWatchCallback           0x0800319b   Thumb Code     2  stm32h7xx_hal_fdcan.o(i.HAL_FDCAN_TT_StopWatchCallback)
    HAL_FDCAN_TT_TimeMarkCallback            0x0800319d   Thumb Code     2  stm32h7xx_hal_fdcan.o(i.HAL_FDCAN_TT_TimeMarkCallback)
    HAL_FDCAN_TimeoutOccurredCallback        0x0800319f   Thumb Code     2  stm32h7xx_hal_fdcan.o(i.HAL_FDCAN_TimeoutOccurredCallback)
    HAL_FDCAN_TimestampWraparoundCallback    0x080031a1   Thumb Code     2  stm32h7xx_hal_fdcan.o(i.HAL_FDCAN_TimestampWraparoundCallback)
    HAL_FDCAN_TxBufferAbortCallback          0x080031a3   Thumb Code     2  stm32h7xx_hal_fdcan.o(i.HAL_FDCAN_TxBufferAbortCallback)
    HAL_FDCAN_TxBufferCompleteCallback       0x080031a5   Thumb Code     2  stm32h7xx_hal_fdcan.o(i.HAL_FDCAN_TxBufferCompleteCallback)
    HAL_FDCAN_TxEventFifoCallback            0x080031a7   Thumb Code     2  stm32h7xx_hal_fdcan.o(i.HAL_FDCAN_TxEventFifoCallback)
    HAL_FDCAN_TxFifoEmptyCallback            0x080031a9   Thumb Code     2  stm32h7xx_hal_fdcan.o(i.HAL_FDCAN_TxFifoEmptyCallback)
    HAL_GPIO_Init                            0x080031ad   Thumb Code   496  stm32h7xx_hal_gpio.o(i.HAL_GPIO_Init)
    HAL_GPIO_ReadPin                         0x080033c9   Thumb Code    10  stm32h7xx_hal_gpio.o(i.HAL_GPIO_ReadPin)
    HAL_GPIO_WritePin                        0x080033d3   Thumb Code    10  stm32h7xx_hal_gpio.o(i.HAL_GPIO_WritePin)
    HAL_GetTick                              0x080033dd   Thumb Code     6  stm32h7xx_hal.o(i.HAL_GetTick)
    HAL_IncTick                              0x080033e9   Thumb Code    12  stm32h7xx_hal.o(i.HAL_IncTick)
    HAL_Init                                 0x080033f9   Thumb Code    74  stm32h7xx_hal.o(i.HAL_Init)
    HAL_InitTick                             0x08003455   Thumb Code   110  stm32h7xx_hal_timebase_tim.o(i.HAL_InitTick)
    HAL_MspInit                              0x080034d9   Thumb Code    32  stm32h7xx_hal_msp.o(i.HAL_MspInit)
    HAL_NVIC_EnableIRQ                       0x080034fd   Thumb Code    26  stm32h7xx_hal_cortex.o(i.HAL_NVIC_EnableIRQ)
    HAL_NVIC_SetPriority                     0x08003519   Thumb Code    60  stm32h7xx_hal_cortex.o(i.HAL_NVIC_SetPriority)
    HAL_NVIC_SetPriorityGrouping             0x08003559   Thumb Code    28  stm32h7xx_hal_cortex.o(i.HAL_NVIC_SetPriorityGrouping)
    HAL_PWREx_ConfigSupply                   0x0800357d   Thumb Code    78  stm32h7xx_hal_pwr_ex.o(i.HAL_PWREx_ConfigSupply)
    HAL_RCCEx_GetD3PCLK1Freq                 0x080035d1   Thumb Code    26  stm32h7xx_hal_rcc_ex.o(i.HAL_RCCEx_GetD3PCLK1Freq)
    HAL_RCCEx_GetPLL2ClockFreq               0x080035f5   Thumb Code   296  stm32h7xx_hal_rcc_ex.o(i.HAL_RCCEx_GetPLL2ClockFreq)
    HAL_RCCEx_GetPLL3ClockFreq               0x08003739   Thumb Code   296  stm32h7xx_hal_rcc_ex.o(i.HAL_RCCEx_GetPLL3ClockFreq)
    HAL_RCCEx_PeriphCLKConfig                0x0800387d   Thumb Code  2362  stm32h7xx_hal_rcc_ex.o(i.HAL_RCCEx_PeriphCLKConfig)
    HAL_RCC_ClockConfig                      0x080041b9   Thumb Code   580  stm32h7xx_hal_rcc.o(i.HAL_RCC_ClockConfig)
    HAL_RCC_GetClockConfig                   0x08004415   Thumb Code    84  stm32h7xx_hal_rcc.o(i.HAL_RCC_GetClockConfig)
    HAL_RCC_GetHCLKFreq                      0x08004471   Thumb Code    52  stm32h7xx_hal_rcc.o(i.HAL_RCC_GetHCLKFreq)
    HAL_RCC_GetPCLK1Freq                     0x080044b5   Thumb Code    26  stm32h7xx_hal_rcc.o(i.HAL_RCC_GetPCLK1Freq)
    HAL_RCC_GetPCLK2Freq                     0x080044d9   Thumb Code    26  stm32h7xx_hal_rcc.o(i.HAL_RCC_GetPCLK2Freq)
    HAL_RCC_GetSysClockFreq                  0x080044fd   Thumb Code   278  stm32h7xx_hal_rcc.o(i.HAL_RCC_GetSysClockFreq)
    HAL_RCC_OscConfig                        0x08004635   Thumb Code  1318  stm32h7xx_hal_rcc.o(i.HAL_RCC_OscConfig)
    HAL_SPI_Init                             0x08004b5d   Thumb Code   366  stm32h7xx_hal_spi.o(i.HAL_SPI_Init)
    HAL_SPI_MspInit                          0x08004cd9   Thumb Code   126  spi.o(i.HAL_SPI_MspInit)
    HAL_SPI_Transmit                         0x08004d65   Thumb Code   590  stm32h7xx_hal_spi.o(i.HAL_SPI_Transmit)
    HAL_TIMEx_Break2Callback                 0x08004fb3   Thumb Code     2  stm32h7xx_hal_tim_ex.o(i.HAL_TIMEx_Break2Callback)
    HAL_TIMEx_BreakCallback                  0x08004fb5   Thumb Code     2  stm32h7xx_hal_tim_ex.o(i.HAL_TIMEx_BreakCallback)
    HAL_TIMEx_CommutCallback                 0x08004fb7   Thumb Code     2  stm32h7xx_hal_tim_ex.o(i.HAL_TIMEx_CommutCallback)
    HAL_TIMEx_MasterConfigSynchronization    0x08004fb9   Thumb Code   146  stm32h7xx_hal_tim_ex.o(i.HAL_TIMEx_MasterConfigSynchronization)
    HAL_TIM_Base_Init                        0x08005071   Thumb Code    98  stm32h7xx_hal_tim.o(i.HAL_TIM_Base_Init)
    HAL_TIM_Base_MspInit                     0x080050d5   Thumb Code    50  tim.o(i.HAL_TIM_Base_MspInit)
    HAL_TIM_Base_Start_IT                    0x08005111   Thumb Code   118  stm32h7xx_hal_tim.o(i.HAL_TIM_Base_Start_IT)
    HAL_TIM_IC_CaptureCallback               0x080051b1   Thumb Code     2  stm32h7xx_hal_tim.o(i.HAL_TIM_IC_CaptureCallback)
    HAL_TIM_IRQHandler                       0x080051b3   Thumb Code   386  stm32h7xx_hal_tim.o(i.HAL_TIM_IRQHandler)
    HAL_TIM_MspPostInit                      0x08005335   Thumb Code    68  tim.o(i.HAL_TIM_MspPostInit)
    HAL_TIM_OC_DelayElapsedCallback          0x08005385   Thumb Code     2  stm32h7xx_hal_tim.o(i.HAL_TIM_OC_DelayElapsedCallback)
    HAL_TIM_PWM_ConfigChannel                0x08005387   Thumb Code   292  stm32h7xx_hal_tim.o(i.HAL_TIM_PWM_ConfigChannel)
    HAL_TIM_PWM_Init                         0x080054ab   Thumb Code    98  stm32h7xx_hal_tim.o(i.HAL_TIM_PWM_Init)
    HAL_TIM_PWM_MspInit                      0x0800550d   Thumb Code    30  tim.o(i.HAL_TIM_PWM_MspInit)
    HAL_TIM_PWM_PulseFinishedCallback        0x08005535   Thumb Code     2  stm32h7xx_hal_tim.o(i.HAL_TIM_PWM_PulseFinishedCallback)
    HAL_TIM_PWM_Start                        0x08005539   Thumb Code   244  stm32h7xx_hal_tim.o(i.HAL_TIM_PWM_Start)
    HAL_TIM_PWM_Stop                         0x0800565d   Thumb Code   154  stm32h7xx_hal_tim.o(i.HAL_TIM_PWM_Stop)
    HAL_TIM_PeriodElapsedCallback            0x0800570d   Thumb Code    56  main.o(i.HAL_TIM_PeriodElapsedCallback)
    HAL_TIM_TriggerCallback                  0x08005751   Thumb Code     2  stm32h7xx_hal_tim.o(i.HAL_TIM_TriggerCallback)
    HAL_UARTEx_DisableFifoMode               0x08005753   Thumb Code    64  stm32h7xx_hal_uart_ex.o(i.HAL_UARTEx_DisableFifoMode)
    HAL_UARTEx_ReceiveToIdle_DMA             0x08005793   Thumb Code    74  stm32h7xx_hal_uart_ex.o(i.HAL_UARTEx_ReceiveToIdle_DMA)
    HAL_UARTEx_RxEventCallback               0x080057dd   Thumb Code   106  main.o(i.HAL_UARTEx_RxEventCallback)
    HAL_UARTEx_RxFifoFullCallback            0x08005859   Thumb Code     2  stm32h7xx_hal_uart_ex.o(i.HAL_UARTEx_RxFifoFullCallback)
    HAL_UARTEx_SetRxFifoThreshold            0x0800585b   Thumb Code    76  stm32h7xx_hal_uart_ex.o(i.HAL_UARTEx_SetRxFifoThreshold)
    HAL_UARTEx_SetTxFifoThreshold            0x080058a7   Thumb Code    76  stm32h7xx_hal_uart_ex.o(i.HAL_UARTEx_SetTxFifoThreshold)
    HAL_UARTEx_TxFifoEmptyCallback           0x080058f3   Thumb Code     2  stm32h7xx_hal_uart_ex.o(i.HAL_UARTEx_TxFifoEmptyCallback)
    HAL_UARTEx_WakeupCallback                0x080058f5   Thumb Code     2  stm32h7xx_hal_uart_ex.o(i.HAL_UARTEx_WakeupCallback)
    HAL_UART_ErrorCallback                   0x080058f9   Thumb Code    60  main.o(i.HAL_UART_ErrorCallback)
    HAL_UART_IRQHandler                      0x08005949   Thumb Code   878  stm32h7xx_hal_uart.o(i.HAL_UART_IRQHandler)
    HAL_UART_Init                            0x08005cd1   Thumb Code   106  stm32h7xx_hal_uart.o(i.HAL_UART_Init)
    HAL_UART_MspInit                         0x08005d3d   Thumb Code   448  usart.o(i.HAL_UART_MspInit)
    HAL_UART_RxCpltCallback                  0x08005f1d   Thumb Code     2  stm32h7xx_hal_uart.o(i.HAL_UART_RxCpltCallback)
    HAL_UART_RxHalfCpltCallback              0x08005f1f   Thumb Code     2  stm32h7xx_hal_uart.o(i.HAL_UART_RxHalfCpltCallback)
    HAL_UART_Transmit_DMA                    0x08005f21   Thumb Code   132  stm32h7xx_hal_uart.o(i.HAL_UART_Transmit_DMA)
    HAL_UART_TxCpltCallback                  0x08005fb1   Thumb Code     2  stm32h7xx_hal_uart.o(i.HAL_UART_TxCpltCallback)
    HAL_UART_TxHalfCpltCallback              0x08005fb3   Thumb Code     2  stm32h7xx_hal_uart.o(i.HAL_UART_TxHalfCpltCallback)
    HardFault_Handler                        0x08005fb5   Thumb Code     2  stm32h7xx_it.o(i.HardFault_Handler)
    JointControllers_Init                    0x08005fb9   Thumb Code   206  servo_mapping.o(i.JointControllers_Init)
    JointImp_ComputeTorque                   0x0800609d   Thumb Code   226  joint_impedance.o(i.JointImp_ComputeTorque)
    JointImp_DefaultConfig                   0x08006195   Thumb Code    56  joint_impedance.o(i.JointImp_DefaultConfig)
    JointImp_EnableHoldCurrent               0x080061d5   Thumb Code    28  joint_impedance.o(i.JointImp_EnableHoldCurrent)
    JointImp_Init                            0x080061f5   Thumb Code    34  joint_impedance.o(i.JointImp_Init)
    JointImp_Reset                           0x08006219   Thumb Code    60  joint_impedance.o(i.JointImp_Reset)
    JointImp_SetFeedforwardTorque            0x08006259   Thumb Code    10  joint_impedance.o(i.JointImp_SetFeedforwardTorque)
    JointImp_SetGravityTorque                0x08006263   Thumb Code    10  joint_impedance.o(i.JointImp_SetGravityTorque)
    JointImp_UpdateMeasurementWithVelocity   0x0800626d   Thumb Code    50  joint_impedance.o(i.JointImp_UpdateMeasurementWithVelocity)
    Key_Beep_Handler                         0x080062a1   Thumb Code    56  userkey.o(i.Key_Beep_Handler)
    Key_GetDoubleClick                       0x080062e1   Thumb Code    18  userkey.o(i.Key_GetDoubleClick)
    Key_GetNum                               0x080062f9   Thumb Code    18  userkey.o(i.Key_GetNum)
    Key_Tick                                 0x08006311   Thumb Code    94  userkey.o(i.Key_Tick)
    LedTask                                  0x08006379   Thumb Code    16  freertos.o(i.LedTask)
    Limite_tauqe                             0x08006389   Thumb Code    14  servo_mapping.o(i.Limite_tauqe)
    MX_DMA_Init                              0x0800645d   Thumb Code    88  dma.o(i.MX_DMA_Init)
    MX_FDCAN1_Init                           0x080064b9   Thumb Code   114  fdcan.o(i.MX_FDCAN1_Init)
    MX_FDCAN2_Init                           0x08006535   Thumb Code   108  fdcan.o(i.MX_FDCAN2_Init)
    MX_FREERTOS_Init                         0x080065a9   Thumb Code    96  freertos.o(i.MX_FREERTOS_Init)
    MX_GPIO_Init                             0x08006611   Thumb Code   164  gpio.o(i.MX_GPIO_Init)
    MX_SPI6_Init                             0x080066c1   Thumb Code    90  spi.o(i.MX_SPI6_Init)
    MX_TIM12_Init                            0x08006725   Thumb Code   106  tim.o(i.MX_TIM12_Init)
    MX_TIM6_Init                             0x08006799   Thumb Code    62  tim.o(i.MX_TIM6_Init)
    MX_UART7_Init                            0x080067e1   Thumb Code    94  usart.o(i.MX_UART7_Init)
    MX_USART1_UART_Init                      0x08006849   Thumb Code    94  usart.o(i.MX_USART1_UART_Init)
    MapDataSend_task                         0x080068b1   Thumb Code    14  freertos.o(i.MapDataSend_task)
    MemManage_Handler                        0x080068c5   Thumb Code     2  stm32h7xx_it.o(i.MemManage_Handler)
    Motor_ENABLE                             0x080068c9   Thumb Code     8  bsp_fdcan.o(i.Motor_ENABLE)
    Motor_save_zero                          0x080068d5   Thumb Code     8  bsp_fdcan.o(i.Motor_save_zero)
    NMI_Handler                              0x080068e1   Thumb Code     2  stm32h7xx_it.o(i.NMI_Handler)
    Read_zdt_Pos                             0x08006b25   Thumb Code    56  servo_mapping.o(i.Read_zdt_Pos)
    Robot_TASK                               0x08006b65   Thumb Code    24  freertos.o(i.Robot_TASK)
    Robot_Task                               0x08006b81   Thumb Code    84  servo_mapping.o(i.Robot_Task)
    Servo_Mapping_Init                       0x08006ce1   Thumb Code   156  servo_mapping.o(i.Servo_Mapping_Init)
    Servo_TASK                               0x08006d89   Thumb Code    18  freertos.o(i.Servo_TASK)
    Servo_Task                               0x08006d9d   Thumb Code    24  servo_mapping.o(i.Servo_Task)
    Set_Taget_Torque                         0x08006db9   Thumb Code   152  servo_mapping.o(i.Set_Taget_Torque)
    SysTick_Handler                          0x08006e69   Thumb Code    38  port.o(i.SysTick_Handler)
    SystemClock_Config                       0x08006e95   Thumb Code   146  main.o(i.SystemClock_Config)
    SystemInit                               0x08006f2d   Thumb Code   158  system_stm32h7xx.o(i.SystemInit)
    TIM23_IRQHandler                         0x08006fed   Thumb Code     6  stm32h7xx_it.o(i.TIM23_IRQHandler)
    TIM6_DAC_IRQHandler                      0x08006ff9   Thumb Code     6  stm32h7xx_it.o(i.TIM6_DAC_IRQHandler)
    TIM_Base_SetConfig                       0x08007005   Thumb Code   174  stm32h7xx_hal_tim.o(i.TIM_Base_SetConfig)
    TIM_CCxChannelCmd                        0x080070dd   Thumb Code    26  stm32h7xx_hal_tim.o(i.TIM_CCxChannelCmd)
    TIM_OC2_SetConfig                        0x080071a1   Thumb Code   126  stm32h7xx_hal_tim.o(i.TIM_OC2_SetConfig)
    TaskFrequencyCheck                       0x08007431   Thumb Code    38  servo_mapping.o(i.TaskFrequencyCheck)
    TaskFrequencycount                       0x0800745d   Thumb Code    14  servo_mapping.o(i.TaskFrequencycount)
    UART7_IRQHandler                         0x08007471   Thumb Code     6  stm32h7xx_it.o(i.UART7_IRQHandler)
    UART_AdvFeatureConfig                    0x080074c1   Thumb Code   200  stm32h7xx_hal_uart.o(i.UART_AdvFeatureConfig)
    UART_CheckIdleState                      0x08007589   Thumb Code   170  stm32h7xx_hal_uart.o(i.UART_CheckIdleState)
    UART_SetConfig                           0x08007805   Thumb Code   914  stm32h7xx_hal_uart.o(i.UART_SetConfig)
    UART_Start_Receive_DMA                   0x08007be1   Thumb Code   156  stm32h7xx_hal_uart.o(i.UART_Start_Receive_DMA)
    UART_WaitOnFlagUntilTimeout              0x08007c89   Thumb Code   140  stm32h7xx_hal_uart.o(i.UART_WaitOnFlagUntilTimeout)
    USART1_IRQHandler                        0x08007d15   Thumb Code     6  stm32h7xx_it.o(i.USART1_IRQHandler)
    USER_ZDT_X42_V2_Read_Sys_Params          0x08007d21   Thumb Code   174  zdt_x42_v2.o(i.USER_ZDT_X42_V2_Read_Sys_Params)
    USER_ZDT_X42_V2_Torque_Control           0x08007dcf   Thumb Code    78  zdt_x42_v2.o(i.USER_ZDT_X42_V2_Torque_Control)
    USER_can_SendCmd                         0x08007e1d   Thumb Code   218  bsp_fdcan.o(i.USER_can_SendCmd)
    UsageFault_Handler                       0x08007f91   Thumb Code     2  stm32h7xx_it.o(i.UsageFault_Handler)
    WS2812_Ctrl                              0x08007f95   Thumb Code   150  ws2812.o(i.WS2812_Ctrl)
    __ARM_fpclassifyf                        0x08008031   Thumb Code    38  fpclassifyf.o(i.__ARM_fpclassifyf)
    __hardfp_cosf                            0x08008079   Thumb Code   276  cosf.o(i.__hardfp_cosf)
    __hardfp_sinf                            0x080081c9   Thumb Code   344  sinf.o(i.__hardfp_sinf)
    __mathlib_flt_infnan                     0x0800835d   Thumb Code     6  funder.o(i.__mathlib_flt_infnan)
    __mathlib_flt_invalid                    0x08008365   Thumb Code    10  funder.o(i.__mathlib_flt_invalid)
    __mathlib_flt_underflow                  0x08008375   Thumb Code    10  funder.o(i.__mathlib_flt_underflow)
    __mathlib_rredf2                         0x08008385   Thumb Code   316  rredf.o(i.__mathlib_rredf2)
    bsp_can_init                             0x080084d9   Thumb Code    46  bsp_fdcan.o(i.bsp_can_init)
    calc_send_torque                         0x08008515   Thumb Code   310  servo_mapping.o(i.calc_send_torque)
    can1_filter_init                         0x0800867d   Thumb Code    62  bsp_fdcan.o(i.can1_filter_init)
    can2_filter_init                         0x080086c1   Thumb Code    60  bsp_fdcan.o(i.can2_filter_init)
    canx_send_data                           0x08008701   Thumb Code   108  bsp_fdcan.o(i.canx_send_data)
    fdcan1_receive                           0x08008935   Thumb Code    62  bsp_fdcan.o(i.fdcan1_receive)
    fdcan1_rx_callback                       0x0800897d   Thumb Code    34  bsp_fdcan.o(i.fdcan1_rx_callback)
    fdcan2_receive                           0x080089a9   Thumb Code   140  bsp_fdcan.o(i.fdcan2_receive)
    fdcan2_rx_callback                       0x08008a3d   Thumb Code    22  bsp_fdcan.o(i.fdcan2_rx_callback)
    float_to_uint                            0x08008a5d   Thumb Code    40  bsp_fdcan.o(i.float_to_uint)
    gravity_compensation                     0x08008a85   Thumb Code   592  gravity_comp.o(i.gravity_compensation)
    main                                     0x08008d49   Thumb Code   108  main.o(i.main)
    motor_mapping_init                       0x08008e6d   Thumb Code    80  servo_mapping.o(i.motor_mapping_init)
    osDelay                                  0x08008ec9   Thumb Code    14  cmsis_os.o(i.osDelay)
    osKernelStart                            0x08008ed7   Thumb Code    10  cmsis_os.o(i.osKernelStart)
    osThreadCreate                           0x08008ee1   Thumb Code    84  cmsis_os.o(i.osThreadCreate)
    process_zdt_can_frame                    0x08008f35   Thumb Code    94  servo_mapping.o(i.process_zdt_can_frame)
    pvPortMalloc                             0x080092ed   Thumb Code   216  heap_4.o(i.pvPortMalloc)
    pxPortInitialiseStack                    0x080093c9   Thumb Code    42  port.o(i.pxPortInitialiseStack)
    uint_to_float                            0x080093f9   Thumb Code    40  bsp_fdcan.o(i.uint_to_float)
    uxListRemove                             0x08009421   Thumb Code    38  list.o(i.uxListRemove)
    vApplicationGetIdleTaskMemory            0x08009449   Thumb Code    18  freertos.o(i.vApplicationGetIdleTaskMemory)
    vListInitialise                          0x08009461   Thumb Code    22  list.o(i.vListInitialise)
    vListInitialiseItem                      0x08009477   Thumb Code     6  list.o(i.vListInitialiseItem)
    vListInsert                              0x0800947d   Thumb Code    48  list.o(i.vListInsert)
    vListInsertEnd                           0x080094ad   Thumb Code    24  list.o(i.vListInsertEnd)
    vPortEnterCritical                       0x080094c5   Thumb Code    54  port.o(i.vPortEnterCritical)
    vPortExitCritical                        0x08009505   Thumb Code    34  port.o(i.vPortExitCritical)
    vPortFree                                0x0800952d   Thumb Code    94  heap_4.o(i.vPortFree)
    vPortSetupTimerInterrupt                 0x08009591   Thumb Code    32  port.o(i.vPortSetupTimerInterrupt)
    vTaskDelay                               0x080095b5   Thumb Code    66  tasks.o(i.vTaskDelay)
    vTaskDelayUntil                          0x08009601   Thumb Code   132  tasks.o(i.vTaskDelayUntil)
    vTaskStartScheduler                      0x0800968d   Thumb Code    90  tasks.o(i.vTaskStartScheduler)
    vTaskSuspendAll                          0x080096f9   Thumb Code    10  tasks.o(i.vTaskSuspendAll)
    vTaskSwitchContext                       0x08009709   Thumb Code    82  tasks.o(i.vTaskSwitchContext)
    ws2812_task                              0x08009765   Thumb Code    66  safewarning.o(i.ws2812_task)
    xPortStartScheduler                      0x080097ad   Thumb Code   222  port.o(i.xPortStartScheduler)
    xTaskCreate                              0x080098a1   Thumb Code    90  tasks.o(i.xTaskCreate)
    xTaskCreateStatic                        0x080098fb   Thumb Code    86  tasks.o(i.xTaskCreateStatic)
    xTaskIncrementTick                       0x08009951   Thumb Code   194  tasks.o(i.xTaskIncrementTick)
    xTaskResumeAll                           0x08009a1d   Thumb Code   184  tasks.o(i.xTaskResumeAll)
    _fp_init                                 0x08009ae1   Thumb Code    10  fpinit.o(x$fpl$fpinit)
    __fplib_config_fpu_vfp                   0x08009ae9   Thumb Code     0  fpinit.o(x$fpl$fpinit)
    __fplib_config_pureend_doubles           0x08009ae9   Thumb Code     0  fpinit.o(x$fpl$fpinit)
    __I$use$fp                               0x08009aea   Number         0  usenofp.o(x$fpl$usenofp)
    UARTPrescTable                           0x08009bc0   Data          24  stm32h7xx_hal_uart.o(.constdata)
    D1CorePrescTable                         0x08009be8   Data          16  system_stm32h7xx.o(.constdata)
    CRC8_TAB                                 0x08009bf8   Data         256  crc.o(.constdata)
    wCRC_Table                               0x08009cf8   Data         512  crc.o(.constdata)
    Region$$Table$$Base                      0x0800a124   Number         0  anon$$obj.o(Region$$Table)
    Region$$Table$$Limit                     0x0800a144   Number         0  anon$$obj.o(Region$$Table)
    datapack_ordorcount                      0x24000000   Data           1  main.o(.data)
    LED_TaskHandle                           0x24000008   Data           4  freertos.o(.data)
    SERVO_TASKHandle                         0x2400000c   Data           4  freertos.o(.data)
    ROBOT_TASKHandle                         0x24000010   Data           4  freertos.o(.data)
    MAPDATASEND_TASHandle                    0x24000014   Data           4  freertos.o(.data)
    uwTickFreq                               0x2400001c   Data           1  stm32h7xx_hal.o(.data)
    uwTickPrio                               0x24000020   Data           4  stm32h7xx_hal.o(.data)
    uwTick                                   0x24000024   Data           4  stm32h7xx_hal.o(.data)
    SystemCoreClock                          0x24000028   Data           4  system_stm32h7xx.o(.data)
    SystemD2Clock                            0x2400002c   Data           4  system_stm32h7xx.o(.data)
    pxCurrentTCB                             0x24000030   Data           4  tasks.o(.data)
    CRC_INIT                                 0x24000098   Data           2  crc.o(.data)
    r                                        0x2400009a   Data           1  safewarning.o(.data)
    g                                        0x2400009b   Data           1  safewarning.o(.data)
    b                                        0x2400009c   Data           1  safewarning.o(.data)
    key_lev                                  0x240000a0   Data           1  servo_mapping.o(.data)
    send_tau_mit                             0x240000a4   Data           4  servo_mapping.o(.data)
    Key_Num                                  0x240000b0   Data           1  userkey.o(.data)
    DoubleClickFlag                          0x240000b1   Data           1  userkey.o(.data)
    len1                                     0x240000c0   Data           1  bsp_fdcan.o(.data)
    len2                                     0x240000c1   Data           1  bsp_fdcan.o(.data)
    can_error_status                         0x240000c2   Data           2  bsp_fdcan.o(.data)
    rec_id1                                  0x240000c4   Data           2  bsp_fdcan.o(.data)
    rec_id2                                  0x240000c6   Data           2  bsp_fdcan.o(.data)
    g_can_fail_len                           0x240000cc   Data           4  bsp_fdcan.o(.data)
    rx1free_level                            0x240000d0   Data           4  bsp_fdcan.o(.data)
    free_level                               0x240000d4   Data           4  bsp_fdcan.o(.data)
    rx_data1                                 0x240000d8   Data           8  bsp_fdcan.o(.data)
    rx_data2                                 0x240000e0   Data           8  bsp_fdcan.o(.data)
    MOTOR_Data                               0x240000e8   Data           8  bsp_fdcan.o(.data)
    MOTOR_Enable                             0x240000f0   Data           8  bsp_fdcan.o(.data)
    MOTOR_Save_zero                          0x240000f8   Data           8  bsp_fdcan.o(.data)
    RS_MOTOR_MIT_MODE                        0x24000100   Data           8  bsp_fdcan.o(.data)
    uart7_rebuffer                           0x24000108   Data          10  main.o(.bss)
    miro_uart7_rebuffer                      0x24000112   Data          10  main.o(.bss)
    uart1_rebuffer                           0x2400011c   Data          10  main.o(.bss)
    hfdcan1                                  0x2400037c   Data         160  fdcan.o(.bss)
    hfdcan2                                  0x2400041c   Data         160  fdcan.o(.bss)
    hspi6                                    0x240004bc   Data         136  spi.o(.bss)
    htim6                                    0x24000544   Data          76  tim.o(.bss)
    htim12                                   0x24000590   Data          76  tim.o(.bss)
    huart7                                   0x240005dc   Data         148  usart.o(.bss)
    huart1                                   0x24000670   Data         148  usart.o(.bss)
    hdma_uart7_rx                            0x24000704   Data         120  usart.o(.bss)
    hdma_uart7_tx                            0x2400077c   Data         120  usart.o(.bss)
    hdma_usart1_rx                           0x240007f4   Data         120  usart.o(.bss)
    hdma_usart1_tx                           0x2400086c   Data         120  usart.o(.bss)
    htim23                                   0x240008e4   Data          76  stm32h7xx_hal_timebase_tim.o(.bss)
    send_tau                                 0x2400462c   Data          12  servo_mapping.o(.bss)
    g_joint_imp                              0x24004638   Data         552  servo_mapping.o(.bss)
    g_tau_cmd                                0x24004860   Data          24  servo_mapping.o(.bss)
    theta                                    0x24004878   Data          24  servo_mapping.o(.bss)
    tau                                      0x24004890   Data          24  servo_mapping.o(.bss)
    ServoMap                                 0x240048a8   Data          14  servo_mapping.o(.bss)
    Servos                                   0x240048b8   Data          72  servo_mapping.o(.bss)
    MoterMap                                 0x24004900   Data          30  servo_mapping.o(.bss)
    LastServos                               0x24004920   Data          72  servo_mapping.o(.bss)
    CustomController                         0x24004968   Data          39  servo_mapping.o(.bss)
    txFrame                                  0x24004990   Data          42  servo_mapping.o(.bss)
    taskFrequencyCheck                       0x240049ba   Data          18  servo_mapping.o(.bss)
    MotorCurrents                            0x240049cc   Data         216  servo_mapping.o(.bss)
    theta_add                                0x24004aa4   Data          24  gravity_comp.o(.bss)
    MIT_MOTOR_MEASURE                        0x24004abc   Data          64  bsp_fdcan.o(.bss)
    __libspace_start                         0x24004afc   Data          96  libspace.o(.bss)
    __temporary_stack_top$libspace           0x24004b5c   Data           0  libspace.o(.bss)



==============================================================================

Memory Map of the image

  Image Entry point : 0x080002cd

  Load Region LR_IROM1 (Base: 0x08000000, Size: 0x0000a24c, Max: 0x00100000, ABSOLUTE)

    Execution Region ER_IROM1 (Exec base: 0x08000000, Load base: 0x08000000, Size: 0x0000a144, Max: 0x00100000, ABSOLUTE)

    Exec Addr    Load Addr    Size         Type   Attr      Idx    E Section Name        Object

    0x08000000   0x08000000   0x000002cc   Data   RO            3    RESET               startup_stm32h723xx.o
    0x080002cc   0x080002cc   0x00000008   Code   RO         7834  * !!!main             c_w.l(__main.o)
    0x080002d4   0x080002d4   0x00000034   Code   RO         8052    !!!scatter          c_w.l(__scatter.o)
    0x08000308   0x08000308   0x0000001a   Code   RO         8054    !!handler_copy      c_w.l(__scatter_copy.o)
    0x08000322   0x08000322   0x00000002   PAD
    0x08000324   0x08000324   0x0000001c   Code   RO         8056    !!handler_zi        c_w.l(__scatter_zi.o)
    0x08000340   0x08000340   0x00000002   Code   RO         7925    .ARM.Collect$$libinit$$00000000  c_w.l(libinit.o)
    0x08000342   0x08000342   0x00000004   Code   RO         7934    .ARM.Collect$$libinit$$00000001  c_w.l(libinit2.o)
    0x08000346   0x08000346   0x00000000   Code   RO         7937    .ARM.Collect$$libinit$$00000004  c_w.l(libinit2.o)
    0x08000346   0x08000346   0x00000000   Code   RO         7940    .ARM.Collect$$libinit$$0000000A  c_w.l(libinit2.o)
    0x08000346   0x08000346   0x00000000   Code   RO         7942    .ARM.Collect$$libinit$$0000000C  c_w.l(libinit2.o)
    0x08000346   0x08000346   0x00000000   Code   RO         7944    .ARM.Collect$$libinit$$0000000E  c_w.l(libinit2.o)
    0x08000346   0x08000346   0x00000000   Code   RO         7947    .ARM.Collect$$libinit$$00000011  c_w.l(libinit2.o)
    0x08000346   0x08000346   0x00000000   Code   RO         7949    .ARM.Collect$$libinit$$00000013  c_w.l(libinit2.o)
    0x08000346   0x08000346   0x00000000   Code   RO         7951    .ARM.Collect$$libinit$$00000015  c_w.l(libinit2.o)
    0x08000346   0x08000346   0x00000000   Code   RO         7953    .ARM.Collect$$libinit$$00000017  c_w.l(libinit2.o)
    0x08000346   0x08000346   0x00000000   Code   RO         7955    .ARM.Collect$$libinit$$00000019  c_w.l(libinit2.o)
    0x08000346   0x08000346   0x00000000   Code   RO         7957    .ARM.Collect$$libinit$$0000001B  c_w.l(libinit2.o)
    0x08000346   0x08000346   0x00000000   Code   RO         7959    .ARM.Collect$$libinit$$0000001D  c_w.l(libinit2.o)
    0x08000346   0x08000346   0x00000000   Code   RO         7961    .ARM.Collect$$libinit$$0000001F  c_w.l(libinit2.o)
    0x08000346   0x08000346   0x00000000   Code   RO         7963    .ARM.Collect$$libinit$$00000021  c_w.l(libinit2.o)
    0x08000346   0x08000346   0x00000000   Code   RO         7965    .ARM.Collect$$libinit$$00000023  c_w.l(libinit2.o)
    0x08000346   0x08000346   0x00000000   Code   RO         7967    .ARM.Collect$$libinit$$00000025  c_w.l(libinit2.o)
    0x08000346   0x08000346   0x00000000   Code   RO         7971    .ARM.Collect$$libinit$$0000002C  c_w.l(libinit2.o)
    0x08000346   0x08000346   0x00000000   Code   RO         7973    .ARM.Collect$$libinit$$0000002E  c_w.l(libinit2.o)
    0x08000346   0x08000346   0x00000000   Code   RO         7975    .ARM.Collect$$libinit$$00000030  c_w.l(libinit2.o)
    0x08000346   0x08000346   0x00000000   Code   RO         7977    .ARM.Collect$$libinit$$00000032  c_w.l(libinit2.o)
    0x08000346   0x08000346   0x00000002   Code   RO         7978    .ARM.Collect$$libinit$$00000033  c_w.l(libinit2.o)
    0x08000348   0x08000348   0x00000002   Code   RO         8009    .ARM.Collect$$libshutdown$$00000000  c_w.l(libshutdown.o)
    0x0800034a   0x0800034a   0x00000000   Code   RO         8035    .ARM.Collect$$libshutdown$$00000002  c_w.l(libshutdown2.o)
    0x0800034a   0x0800034a   0x00000000   Code   RO         8037    .ARM.Collect$$libshutdown$$00000004  c_w.l(libshutdown2.o)
    0x0800034a   0x0800034a   0x00000000   Code   RO         8040    .ARM.Collect$$libshutdown$$00000007  c_w.l(libshutdown2.o)
    0x0800034a   0x0800034a   0x00000000   Code   RO         8043    .ARM.Collect$$libshutdown$$0000000A  c_w.l(libshutdown2.o)
    0x0800034a   0x0800034a   0x00000000   Code   RO         8045    .ARM.Collect$$libshutdown$$0000000C  c_w.l(libshutdown2.o)
    0x0800034a   0x0800034a   0x00000000   Code   RO         8048    .ARM.Collect$$libshutdown$$0000000F  c_w.l(libshutdown2.o)
    0x0800034a   0x0800034a   0x00000002   Code   RO         8049    .ARM.Collect$$libshutdown$$00000010  c_w.l(libshutdown2.o)
    0x0800034c   0x0800034c   0x00000000   Code   RO         7860    .ARM.Collect$$rtentry$$00000000  c_w.l(__rtentry.o)
    0x0800034c   0x0800034c   0x00000000   Code   RO         7888    .ARM.Collect$$rtentry$$00000002  c_w.l(__rtentry2.o)
    0x0800034c   0x0800034c   0x00000006   Code   RO         7900    .ARM.Collect$$rtentry$$00000004  c_w.l(__rtentry4.o)
    0x08000352   0x08000352   0x00000000   Code   RO         7890    .ARM.Collect$$rtentry$$00000009  c_w.l(__rtentry2.o)
    0x08000352   0x08000352   0x00000004   Code   RO         7891    .ARM.Collect$$rtentry$$0000000A  c_w.l(__rtentry2.o)
    0x08000356   0x08000356   0x00000000   Code   RO         7893    .ARM.Collect$$rtentry$$0000000C  c_w.l(__rtentry2.o)
    0x08000356   0x08000356   0x00000008   Code   RO         7894    .ARM.Collect$$rtentry$$0000000D  c_w.l(__rtentry2.o)
    0x0800035e   0x0800035e   0x00000002   Code   RO         7926    .ARM.Collect$$rtexit$$00000000  c_w.l(rtexit.o)
    0x08000360   0x08000360   0x00000000   Code   RO         7982    .ARM.Collect$$rtexit$$00000002  c_w.l(rtexit2.o)
    0x08000360   0x08000360   0x00000004   Code   RO         7983    .ARM.Collect$$rtexit$$00000003  c_w.l(rtexit2.o)
    0x08000364   0x08000364   0x00000006   Code   RO         7984    .ARM.Collect$$rtexit$$00000004  c_w.l(rtexit2.o)
    0x0800036a   0x0800036a   0x00000002   PAD
    0x0800036c   0x0800036c   0x000000be   Code   RO         6968    .emb_text           port.o
    0x0800042a   0x0800042a   0x00000002   PAD
    0x0800042c   0x0800042c   0x00000040   Code   RO            4    .text               startup_stm32h723xx.o
    0x0800046c   0x0800046c   0x000000ee   Code   RO         7820    .text               c_w.l(lludivv7m.o)
    0x0800055a   0x0800055a   0x0000008a   Code   RO         7822    .text               c_w.l(rt_memcpy_v6.o)
    0x080005e4   0x080005e4   0x00000064   Code   RO         7824    .text               c_w.l(rt_memcpy_w.o)
    0x08000648   0x08000648   0x00000044   Code   RO         7828    .text               c_w.l(rt_memclr.o)
    0x0800068c   0x0800068c   0x0000004e   Code   RO         7830    .text               c_w.l(rt_memclr_w.o)
    0x080006da   0x080006da   0x00000006   Code   RO         7832    .text               c_w.l(heapauxi.o)
    0x080006e0   0x080006e0   0x00000016   Code   RO         7865    .text               c_w.l(_rserrno.o)
    0x080006f6   0x080006f6   0x00000002   PAD
    0x080006f8   0x080006f8   0x00000008   Code   RO         7907    .text               c_w.l(rt_errno_addr_intlibspace.o)
    0x08000700   0x08000700   0x00000008   Code   RO         7909    .text               c_w.l(libspace.o)
    0x08000708   0x08000708   0x0000004a   Code   RO         7912    .text               c_w.l(sys_stackheap_outer.o)
    0x08000752   0x08000752   0x00000012   Code   RO         7914    .text               c_w.l(exit.o)
    0x08000764   0x08000764   0x0000000c   Code   RO         7979    .text               c_w.l(sys_exit.o)
    0x08000770   0x08000770   0x00000002   Code   RO         7998    .text               c_w.l(use_no_semi.o)
    0x08000772   0x08000772   0x00000000   Code   RO         8000    .text               c_w.l(indicate_semi.o)
    0x08000772   0x08000772   0x00000002   PAD
    0x08000774   0x08000774   0x0000002c   Code   RO         7045    i.Append_CRC16_Check_Sum  crc.o
    0x080007a0   0x080007a0   0x00000020   Code   RO         7046    i.Append_CRC8_Check_Sum  crc.o
    0x080007c0   0x080007c0   0x00000014   Code   RO         7097    i.Beep_Init         safewarning.o
    0x080007d4   0x080007d4   0x00000020   Code   RO         7099    i.Beep_Play         safewarning.o
    0x080007f4   0x080007f4   0x00000020   Code   RO         7100    i.Beep_Stop         safewarning.o
    0x08000814   0x08000814   0x000000b4   Code   RO         7101    i.Beep_Task         safewarning.o
    0x080008c8   0x080008c8   0x00000002   Code   RO          609    i.BusFault_Handler  stm32h7xx_it.o
    0x080008ca   0x080008ca   0x00000002   PAD
    0x080008cc   0x080008cc   0x000000dc   Code   RO         7519    i.CAN_cmd_MIT       bsp_fdcan.o
    0x080009a8   0x080009a8   0x00000128   Code   RO         7169    i.CustomController_AngleMapping  servo_mapping.o
    0x08000ad0   0x08000ad0   0x00000088   Code   RO         7170    i.CustomController_StructSend  servo_mapping.o
    0x08000b58   0x08000b58   0x0000000c   Code   RO          610    i.DMA1_Stream0_IRQHandler  stm32h7xx_it.o
    0x08000b64   0x08000b64   0x0000000c   Code   RO          611    i.DMA1_Stream1_IRQHandler  stm32h7xx_it.o
    0x08000b70   0x08000b70   0x0000000c   Code   RO          612    i.DMA1_Stream2_IRQHandler  stm32h7xx_it.o
    0x08000b7c   0x08000b7c   0x0000000c   Code   RO          613    i.DMA1_Stream3_IRQHandler  stm32h7xx_it.o
    0x08000b88   0x08000b88   0x000000b4   Code   RO         2582    i.DMA_CalcBaseAndBitshift  stm32h7xx_hal_dma.o
    0x08000c3c   0x08000c3c   0x0000009c   Code   RO         2583    i.DMA_CalcDMAMUXChannelBaseAndMask  stm32h7xx_hal_dma.o
    0x08000cd8   0x08000cd8   0x00000074   Code   RO         2584    i.DMA_CalcDMAMUXRequestGenBaseAndMask  stm32h7xx_hal_dma.o
    0x08000d4c   0x08000d4c   0x00000054   Code   RO         2585    i.DMA_CheckFifoParam  stm32h7xx_hal_dma.o
    0x08000da0   0x08000da0   0x00000220   Code   RO         2586    i.DMA_SetConfig     stm32h7xx_hal_dma.o
    0x08000fc0   0x08000fc0   0x00000002   Code   RO          614    i.DebugMon_Handler  stm32h7xx_it.o
    0x08000fc2   0x08000fc2   0x00000004   Code   RO           13    i.Error_Handler     main.o
    0x08000fc6   0x08000fc6   0x00000002   PAD
    0x08000fc8   0x08000fc8   0x0000000c   Code   RO          615    i.FDCAN1_IT0_IRQHandler  stm32h7xx_it.o
    0x08000fd4   0x08000fd4   0x0000000c   Code   RO          616    i.FDCAN1_IT1_IRQHandler  stm32h7xx_it.o
    0x08000fe0   0x08000fe0   0x0000000c   Code   RO          617    i.FDCAN2_IT0_IRQHandler  stm32h7xx_it.o
    0x08000fec   0x08000fec   0x0000000c   Code   RO          618    i.FDCAN2_IT1_IRQHandler  stm32h7xx_it.o
    0x08000ff8   0x08000ff8   0x000001c8   Code   RO         4223    i.FDCAN_CalcultateRamBlockAddresses  stm32h7xx_hal_fdcan.o
    0x080011c0   0x080011c0   0x00000070   Code   RO         4224    i.FDCAN_CopyMessageToRAM  stm32h7xx_hal_fdcan.o
    0x08001230   0x08001230   0x0000001e   Code   RO         7171    i.FillServoPacket_LOAD  servo_mapping.o
    0x0800124e   0x0800124e   0x00000002   PAD
    0x08001250   0x08001250   0x0000002c   Code   RO         7047    i.Get_CRC16_Check_Sum  crc.o
    0x0800127c   0x0800127c   0x00000020   Code   RO         7048    i.Get_CRC8_Check_Sum  crc.o
    0x0800129c   0x0800129c   0x0000009c   Code   RO         7174    i.Get_theta         servo_mapping.o
    0x08001338   0x08001338   0x00000360   Code   RO         2587    i.HAL_DMA_Abort     stm32h7xx_hal_dma.o
    0x08001698   0x08001698   0x00000284   Code   RO         2588    i.HAL_DMA_Abort_IT  stm32h7xx_hal_dma.o
    0x0800191c   0x0800191c   0x000006e8   Code   RO         2592    i.HAL_DMA_IRQHandler  stm32h7xx_hal_dma.o
    0x08002004   0x08002004   0x000003bc   Code   RO         2593    i.HAL_DMA_Init      stm32h7xx_hal_dma.o
    0x080023c0   0x080023c0   0x0000029c   Code   RO         2597    i.HAL_DMA_Start_IT  stm32h7xx_hal_dma.o
    0x0800265c   0x0800265c   0x00000024   Code   RO         3284    i.HAL_Delay         stm32h7xx_hal.o
    0x08002680   0x08002680   0x00000088   Code   RO         4226    i.HAL_FDCAN_ActivateNotification  stm32h7xx_hal_fdcan.o
    0x08002708   0x08002708   0x00000066   Code   RO         4228    i.HAL_FDCAN_AddMessageToTxFifoQ  stm32h7xx_hal_fdcan.o
    0x0800276e   0x0800276e   0x00000002   Code   RO         4229    i.HAL_FDCAN_ClockCalibrationCallback  stm32h7xx_hal_fdcan.o
    0x08002770   0x08002770   0x0000005a   Code   RO         4232    i.HAL_FDCAN_ConfigFifoWatermark  stm32h7xx_hal_fdcan.o
    0x080027ca   0x080027ca   0x0000007e   Code   RO         4233    i.HAL_FDCAN_ConfigFilter  stm32h7xx_hal_fdcan.o
    0x08002848   0x08002848   0x00000032   Code   RO         4234    i.HAL_FDCAN_ConfigGlobalFilter  stm32h7xx_hal_fdcan.o
    0x0800287a   0x0800287a   0x00000002   PAD
    0x0800287c   0x0800287c   0x00000058   Code   RO         7520    i.HAL_FDCAN_ErrorCallback  bsp_fdcan.o
    0x080028d4   0x080028d4   0x00000002   Code   RO         4256    i.HAL_FDCAN_ErrorStatusCallback  stm32h7xx_hal_fdcan.o
    0x080028d6   0x080028d6   0x00000006   Code   RO         4261    i.HAL_FDCAN_GetError  stm32h7xx_hal_fdcan.o
    0x080028dc   0x080028dc   0x00000018   Code   RO         4266    i.HAL_FDCAN_GetRxFifoFillLevel  stm32h7xx_hal_fdcan.o
    0x080028f4   0x080028f4   0x00000194   Code   RO         4267    i.HAL_FDCAN_GetRxMessage  stm32h7xx_hal_fdcan.o
    0x08002a88   0x08002a88   0x0000000c   Code   RO         4272    i.HAL_FDCAN_GetTxFifoFreeLevel  stm32h7xx_hal_fdcan.o
    0x08002a94   0x08002a94   0x00000002   Code   RO         4273    i.HAL_FDCAN_HighPriorityMessageCallback  stm32h7xx_hal_fdcan.o
    0x08002a96   0x08002a96   0x00000002   PAD
    0x08002a98   0x08002a98   0x00000320   Code   RO         4274    i.HAL_FDCAN_IRQHandler  stm32h7xx_hal_fdcan.o
    0x08002db8   0x08002db8   0x00000244   Code   RO         4275    i.HAL_FDCAN_Init    stm32h7xx_hal_fdcan.o
    0x08002ffc   0x08002ffc   0x00000144   Code   RO          403    i.HAL_FDCAN_MspInit  fdcan.o
    0x08003140   0x08003140   0x00000002   Code   RO         4284    i.HAL_FDCAN_RxBufferNewMessageCallback  stm32h7xx_hal_fdcan.o
    0x08003142   0x08003142   0x00000002   PAD
    0x08003144   0x08003144   0x00000010   Code   RO         7521    i.HAL_FDCAN_RxFifo0Callback  bsp_fdcan.o
    0x08003154   0x08003154   0x00000010   Code   RO         7522    i.HAL_FDCAN_RxFifo1Callback  bsp_fdcan.o
    0x08003164   0x08003164   0x00000032   Code   RO         4287    i.HAL_FDCAN_Start   stm32h7xx_hal_fdcan.o
    0x08003196   0x08003196   0x00000002   Code   RO         4309    i.HAL_FDCAN_TT_GlobalTimeCallback  stm32h7xx_hal_fdcan.o
    0x08003198   0x08003198   0x00000002   Code   RO         4310    i.HAL_FDCAN_TT_ScheduleSyncCallback  stm32h7xx_hal_fdcan.o
    0x0800319a   0x0800319a   0x00000002   Code   RO         4315    i.HAL_FDCAN_TT_StopWatchCallback  stm32h7xx_hal_fdcan.o
    0x0800319c   0x0800319c   0x00000002   Code   RO         4316    i.HAL_FDCAN_TT_TimeMarkCallback  stm32h7xx_hal_fdcan.o
    0x0800319e   0x0800319e   0x00000002   Code   RO         4317    i.HAL_FDCAN_TimeoutOccurredCallback  stm32h7xx_hal_fdcan.o
    0x080031a0   0x080031a0   0x00000002   Code   RO         4318    i.HAL_FDCAN_TimestampWraparoundCallback  stm32h7xx_hal_fdcan.o
    0x080031a2   0x080031a2   0x00000002   Code   RO         4319    i.HAL_FDCAN_TxBufferAbortCallback  stm32h7xx_hal_fdcan.o
    0x080031a4   0x080031a4   0x00000002   Code   RO         4320    i.HAL_FDCAN_TxBufferCompleteCallback  stm32h7xx_hal_fdcan.o
    0x080031a6   0x080031a6   0x00000002   Code   RO         4321    i.HAL_FDCAN_TxEventFifoCallback  stm32h7xx_hal_fdcan.o
    0x080031a8   0x080031a8   0x00000002   Code   RO         4322    i.HAL_FDCAN_TxFifoEmptyCallback  stm32h7xx_hal_fdcan.o
    0x080031aa   0x080031aa   0x00000002   PAD
    0x080031ac   0x080031ac   0x0000021c   Code   RO         2435    i.HAL_GPIO_Init     stm32h7xx_hal_gpio.o
    0x080033c8   0x080033c8   0x0000000a   Code   RO         2437    i.HAL_GPIO_ReadPin  stm32h7xx_hal_gpio.o
    0x080033d2   0x080033d2   0x0000000a   Code   RO         2439    i.HAL_GPIO_WritePin  stm32h7xx_hal_gpio.o
    0x080033dc   0x080033dc   0x0000000c   Code   RO         3300    i.HAL_GetTick       stm32h7xx_hal.o
    0x080033e8   0x080033e8   0x00000010   Code   RO         3306    i.HAL_IncTick       stm32h7xx_hal.o
    0x080033f8   0x080033f8   0x0000005c   Code   RO         3307    i.HAL_Init          stm32h7xx_hal.o
    0x08003454   0x08003454   0x00000084   Code   RO          763    i.HAL_InitTick      stm32h7xx_hal_timebase_tim.o
    0x080034d8   0x080034d8   0x00000024   Code   RO          739    i.HAL_MspInit       stm32h7xx_hal_msp.o
    0x080034fc   0x080034fc   0x0000001a   Code   RO         1827    i.HAL_NVIC_EnableIRQ  stm32h7xx_hal_cortex.o
    0x08003516   0x08003516   0x00000002   PAD
    0x08003518   0x08003518   0x00000040   Code   RO         1833    i.HAL_NVIC_SetPriority  stm32h7xx_hal_cortex.o
    0x08003558   0x08003558   0x00000024   Code   RO         1834    i.HAL_NVIC_SetPriorityGrouping  stm32h7xx_hal_cortex.o
    0x0800357c   0x0800357c   0x00000054   Code   RO         3036    i.HAL_PWREx_ConfigSupply  stm32h7xx_hal_pwr_ex.o
    0x080035d0   0x080035d0   0x00000024   Code   RO         2078    i.HAL_RCCEx_GetD3PCLK1Freq  stm32h7xx_hal_rcc_ex.o
    0x080035f4   0x080035f4   0x00000144   Code   RO         2080    i.HAL_RCCEx_GetPLL2ClockFreq  stm32h7xx_hal_rcc_ex.o
    0x08003738   0x08003738   0x00000144   Code   RO         2081    i.HAL_RCCEx_GetPLL3ClockFreq  stm32h7xx_hal_rcc_ex.o
    0x0800387c   0x0800387c   0x0000093a   Code   RO         2087    i.HAL_RCCEx_PeriphCLKConfig  stm32h7xx_hal_rcc_ex.o
    0x080041b6   0x080041b6   0x00000002   PAD
    0x080041b8   0x080041b8   0x0000025c   Code   RO         1963    i.HAL_RCC_ClockConfig  stm32h7xx_hal_rcc.o
    0x08004414   0x08004414   0x0000005c   Code   RO         1967    i.HAL_RCC_GetClockConfig  stm32h7xx_hal_rcc.o
    0x08004470   0x08004470   0x00000044   Code   RO         1968    i.HAL_RCC_GetHCLKFreq  stm32h7xx_hal_rcc.o
    0x080044b4   0x080044b4   0x00000024   Code   RO         1970    i.HAL_RCC_GetPCLK1Freq  stm32h7xx_hal_rcc.o
    0x080044d8   0x080044d8   0x00000024   Code   RO         1971    i.HAL_RCC_GetPCLK2Freq  stm32h7xx_hal_rcc.o
    0x080044fc   0x080044fc   0x00000138   Code   RO         1972    i.HAL_RCC_GetSysClockFreq  stm32h7xx_hal_rcc.o
    0x08004634   0x08004634   0x00000526   Code   RO         1975    i.HAL_RCC_OscConfig  stm32h7xx_hal_rcc.o
    0x08004b5a   0x08004b5a   0x00000002   PAD
    0x08004b5c   0x08004b5c   0x0000017c   Code   RO         4852    i.HAL_SPI_Init      stm32h7xx_hal_spi.o
    0x08004cd8   0x08004cd8   0x0000008c   Code   RO          454    i.HAL_SPI_MspInit   spi.o
    0x08004d64   0x08004d64   0x0000024e   Code   RO         4861    i.HAL_SPI_Transmit  stm32h7xx_hal_spi.o
    0x08004fb2   0x08004fb2   0x00000002   Code   RO         1518    i.HAL_TIMEx_Break2Callback  stm32h7xx_hal_tim_ex.o
    0x08004fb4   0x08004fb4   0x00000002   Code   RO         1519    i.HAL_TIMEx_BreakCallback  stm32h7xx_hal_tim_ex.o
    0x08004fb6   0x08004fb6   0x00000002   Code   RO         1520    i.HAL_TIMEx_CommutCallback  stm32h7xx_hal_tim_ex.o
    0x08004fb8   0x08004fb8   0x000000b8   Code   RO         1541    i.HAL_TIMEx_MasterConfigSynchronization  stm32h7xx_hal_tim_ex.o
    0x08005070   0x08005070   0x00000062   Code   RO          804    i.HAL_TIM_Base_Init  stm32h7xx_hal_tim.o
    0x080050d2   0x080050d2   0x00000002   PAD
    0x080050d4   0x080050d4   0x0000003c   Code   RO          496    i.HAL_TIM_Base_MspInit  tim.o
    0x08005110   0x08005110   0x000000a0   Code   RO          809    i.HAL_TIM_Base_Start_IT  stm32h7xx_hal_tim.o
    0x080051b0   0x080051b0   0x00000002   Code   RO          838    i.HAL_TIM_IC_CaptureCallback  stm32h7xx_hal_tim.o
    0x080051b2   0x080051b2   0x00000182   Code   RO          852    i.HAL_TIM_IRQHandler  stm32h7xx_hal_tim.o
    0x08005334   0x08005334   0x00000050   Code   RO          497    i.HAL_TIM_MspPostInit  tim.o
    0x08005384   0x08005384   0x00000002   Code   RO          855    i.HAL_TIM_OC_DelayElapsedCallback  stm32h7xx_hal_tim.o
    0x08005386   0x08005386   0x00000124   Code   RO          876    i.HAL_TIM_PWM_ConfigChannel  stm32h7xx_hal_tim.o
    0x080054aa   0x080054aa   0x00000062   Code   RO          879    i.HAL_TIM_PWM_Init  stm32h7xx_hal_tim.o
    0x0800550c   0x0800550c   0x00000028   Code   RO          499    i.HAL_TIM_PWM_MspInit  tim.o
    0x08005534   0x08005534   0x00000002   Code   RO          882    i.HAL_TIM_PWM_PulseFinishedCallback  stm32h7xx_hal_tim.o
    0x08005536   0x08005536   0x00000002   PAD
    0x08005538   0x08005538   0x00000124   Code   RO          884    i.HAL_TIM_PWM_Start  stm32h7xx_hal_tim.o
    0x0800565c   0x0800565c   0x000000b0   Code   RO          887    i.HAL_TIM_PWM_Stop  stm32h7xx_hal_tim.o
    0x0800570c   0x0800570c   0x00000044   Code   RO           14    i.HAL_TIM_PeriodElapsedCallback  main.o
    0x08005750   0x08005750   0x00000002   Code   RO          895    i.HAL_TIM_TriggerCallback  stm32h7xx_hal_tim.o
    0x08005752   0x08005752   0x00000040   Code   RO         5590    i.HAL_UARTEx_DisableFifoMode  stm32h7xx_hal_uart_ex.o
    0x08005792   0x08005792   0x0000004a   Code   RO         5596    i.HAL_UARTEx_ReceiveToIdle_DMA  stm32h7xx_hal_uart_ex.o
    0x080057dc   0x080057dc   0x0000007c   Code   RO           15    i.HAL_UARTEx_RxEventCallback  main.o
    0x08005858   0x08005858   0x00000002   Code   RO         5598    i.HAL_UARTEx_RxFifoFullCallback  stm32h7xx_hal_uart_ex.o
    0x0800585a   0x0800585a   0x0000004c   Code   RO         5599    i.HAL_UARTEx_SetRxFifoThreshold  stm32h7xx_hal_uart_ex.o
    0x080058a6   0x080058a6   0x0000004c   Code   RO         5600    i.HAL_UARTEx_SetTxFifoThreshold  stm32h7xx_hal_uart_ex.o
    0x080058f2   0x080058f2   0x00000002   Code   RO         5602    i.HAL_UARTEx_TxFifoEmptyCallback  stm32h7xx_hal_uart_ex.o
    0x080058f4   0x080058f4   0x00000002   Code   RO         5603    i.HAL_UARTEx_WakeupCallback  stm32h7xx_hal_uart_ex.o
    0x080058f6   0x080058f6   0x00000002   PAD
    0x080058f8   0x080058f8   0x00000050   Code   RO           16    i.HAL_UART_ErrorCallback  main.o
    0x08005948   0x08005948   0x00000388   Code   RO         5198    i.HAL_UART_IRQHandler  stm32h7xx_hal_uart.o
    0x08005cd0   0x08005cd0   0x0000006a   Code   RO         5199    i.HAL_UART_Init     stm32h7xx_hal_uart.o
    0x08005d3a   0x08005d3a   0x00000002   PAD
    0x08005d3c   0x08005d3c   0x000001e0   Code   RO          562    i.HAL_UART_MspInit  usart.o
    0x08005f1c   0x08005f1c   0x00000002   Code   RO         5206    i.HAL_UART_RxCpltCallback  stm32h7xx_hal_uart.o
    0x08005f1e   0x08005f1e   0x00000002   Code   RO         5207    i.HAL_UART_RxHalfCpltCallback  stm32h7xx_hal_uart.o
    0x08005f20   0x08005f20   0x00000090   Code   RO         5209    i.HAL_UART_Transmit_DMA  stm32h7xx_hal_uart.o
    0x08005fb0   0x08005fb0   0x00000002   Code   RO         5211    i.HAL_UART_TxCpltCallback  stm32h7xx_hal_uart.o
    0x08005fb2   0x08005fb2   0x00000002   Code   RO         5212    i.HAL_UART_TxHalfCpltCallback  stm32h7xx_hal_uart.o
    0x08005fb4   0x08005fb4   0x00000002   Code   RO          619    i.HardFault_Handler  stm32h7xx_it.o
    0x08005fb6   0x08005fb6   0x00000002   PAD
    0x08005fb8   0x08005fb8   0x000000e4   Code   RO         7175    i.JointControllers_Init  servo_mapping.o
    0x0800609c   0x0800609c   0x000000f8   Code   RO         7392    i.JointImp_ComputeTorque  joint_impedance.o
    0x08006194   0x08006194   0x00000040   Code   RO         7393    i.JointImp_DefaultConfig  joint_impedance.o
    0x080061d4   0x080061d4   0x00000020   Code   RO         7394    i.JointImp_EnableHoldCurrent  joint_impedance.o
    0x080061f4   0x080061f4   0x00000022   Code   RO         7395    i.JointImp_Init     joint_impedance.o
    0x08006216   0x08006216   0x00000002   PAD
    0x08006218   0x08006218   0x00000040   Code   RO         7396    i.JointImp_Reset    joint_impedance.o
    0x08006258   0x08006258   0x0000000a   Code   RO         7398    i.JointImp_SetFeedforwardTorque  joint_impedance.o
    0x08006262   0x08006262   0x0000000a   Code   RO         7400    i.JointImp_SetGravityTorque  joint_impedance.o
    0x0800626c   0x0800626c   0x00000032   Code   RO         7404    i.JointImp_UpdateMeasurementWithVelocity  joint_impedance.o
    0x0800629e   0x0800629e   0x00000002   PAD
    0x080062a0   0x080062a0   0x00000040   Code   RO         7337    i.Key_Beep_Handler  userkey.o
    0x080062e0   0x080062e0   0x00000018   Code   RO         7338    i.Key_GetDoubleClick  userkey.o
    0x080062f8   0x080062f8   0x00000018   Code   RO         7339    i.Key_GetNum        userkey.o
    0x08006310   0x08006310   0x00000068   Code   RO         7341    i.Key_Tick          userkey.o
    0x08006378   0x08006378   0x00000010   Code   RO          310    i.LedTask           freertos.o
    0x08006388   0x08006388   0x0000000e   Code   RO         7176    i.Limite_tauqe      servo_mapping.o
    0x08006396   0x08006396   0x00000002   PAD
    0x08006398   0x08006398   0x000000c4   Code   RO         7523    i.MITFdbData        bsp_fdcan.o
    0x0800645c   0x0800645c   0x0000005c   Code   RO          378    i.MX_DMA_Init       dma.o
    0x080064b8   0x080064b8   0x0000007c   Code   RO          404    i.MX_FDCAN1_Init    fdcan.o
    0x08006534   0x08006534   0x00000074   Code   RO          405    i.MX_FDCAN2_Init    fdcan.o
    0x080065a8   0x080065a8   0x00000068   Code   RO          311    i.MX_FREERTOS_Init  freertos.o
    0x08006610   0x08006610   0x000000b0   Code   RO          286    i.MX_GPIO_Init      gpio.o
    0x080066c0   0x080066c0   0x00000064   Code   RO          455    i.MX_SPI6_Init      spi.o
    0x08006724   0x08006724   0x00000074   Code   RO          500    i.MX_TIM12_Init     tim.o
    0x08006798   0x08006798   0x00000048   Code   RO          501    i.MX_TIM6_Init      tim.o
    0x080067e0   0x080067e0   0x00000068   Code   RO          563    i.MX_UART7_Init     usart.o
    0x08006848   0x08006848   0x00000068   Code   RO          564    i.MX_USART1_UART_Init  usart.o
    0x080068b0   0x080068b0   0x00000014   Code   RO          312    i.MapDataSend_task  freertos.o
    0x080068c4   0x080068c4   0x00000002   Code   RO          620    i.MemManage_Handler  stm32h7xx_it.o
    0x080068c6   0x080068c6   0x00000002   PAD
    0x080068c8   0x080068c8   0x0000000c   Code   RO         7524    i.Motor_ENABLE      bsp_fdcan.o
    0x080068d4   0x080068d4   0x0000000c   Code   RO         7526    i.Motor_save_zero   bsp_fdcan.o
    0x080068e0   0x080068e0   0x00000002   Code   RO          621    i.NMI_Handler       stm32h7xx_it.o
    0x080068e2   0x080068e2   0x00000002   PAD
    0x080068e4   0x080068e4   0x00000120   Code   RO         2090    i.RCCEx_PLL2_Config  stm32h7xx_hal_rcc_ex.o
    0x08006a04   0x08006a04   0x00000120   Code   RO         2091    i.RCCEx_PLL3_Config  stm32h7xx_hal_rcc_ex.o
    0x08006b24   0x08006b24   0x00000040   Code   RO         7177    i.Read_zdt_Pos      servo_mapping.o
    0x08006b64   0x08006b64   0x0000001c   Code   RO          313    i.Robot_TASK        freertos.o
    0x08006b80   0x08006b80   0x0000005c   Code   RO         7178    i.Robot_Task        servo_mapping.o
    0x08006bdc   0x08006bdc   0x000000bc   Code   RO         4872    i.SPI_CloseTransfer  stm32h7xx_hal_spi.o
    0x08006c98   0x08006c98   0x00000046   Code   RO         4889    i.SPI_WaitOnFlagUntilTimeout  stm32h7xx_hal_spi.o
    0x08006cde   0x08006cde   0x00000002   PAD
    0x08006ce0   0x08006ce0   0x000000a8   Code   RO         7179    i.Servo_Mapping_Init  servo_mapping.o
    0x08006d88   0x08006d88   0x00000012   Code   RO          314    i.Servo_TASK        freertos.o
    0x08006d9a   0x08006d9a   0x00000002   PAD
    0x08006d9c   0x08006d9c   0x0000001c   Code   RO         7180    i.Servo_Task        servo_mapping.o
    0x08006db8   0x08006db8   0x000000b0   Code   RO         7181    i.Set_Taget_Torque  servo_mapping.o
    0x08006e68   0x08006e68   0x0000002c   Code   RO         6969    i.SysTick_Handler   port.o
    0x08006e94   0x08006e94   0x00000098   Code   RO           17    i.SystemClock_Config  main.o
    0x08006f2c   0x08006f2c   0x000000c0   Code   RO         5709    i.SystemInit        system_stm32h7xx.o
    0x08006fec   0x08006fec   0x0000000c   Code   RO          622    i.TIM23_IRQHandler  stm32h7xx_it.o
    0x08006ff8   0x08006ff8   0x0000000c   Code   RO          623    i.TIM6_DAC_IRQHandler  stm32h7xx_it.o
    0x08007004   0x08007004   0x000000d8   Code   RO          897    i.TIM_Base_SetConfig  stm32h7xx_hal_tim.o
    0x080070dc   0x080070dc   0x0000001a   Code   RO          898    i.TIM_CCxChannelCmd  stm32h7xx_hal_tim.o
    0x080070f6   0x080070f6   0x00000002   PAD
    0x080070f8   0x080070f8   0x000000a8   Code   RO          910    i.TIM_OC1_SetConfig  stm32h7xx_hal_tim.o
    0x080071a0   0x080071a0   0x00000098   Code   RO          911    i.TIM_OC2_SetConfig  stm32h7xx_hal_tim.o
    0x08007238   0x08007238   0x00000098   Code   RO          912    i.TIM_OC3_SetConfig  stm32h7xx_hal_tim.o
    0x080072d0   0x080072d0   0x00000078   Code   RO          913    i.TIM_OC4_SetConfig  stm32h7xx_hal_tim.o
    0x08007348   0x08007348   0x00000074   Code   RO          914    i.TIM_OC5_SetConfig  stm32h7xx_hal_tim.o
    0x080073bc   0x080073bc   0x00000074   Code   RO          915    i.TIM_OC6_SetConfig  stm32h7xx_hal_tim.o
    0x08007430   0x08007430   0x0000002c   Code   RO         7182    i.TaskFrequencyCheck  servo_mapping.o
    0x0800745c   0x0800745c   0x00000014   Code   RO         7183    i.TaskFrequencycount  servo_mapping.o
    0x08007470   0x08007470   0x0000000c   Code   RO          624    i.UART7_IRQHandler  stm32h7xx_it.o
    0x0800747c   0x0800747c   0x00000044   Code   RO         5604    i.UARTEx_SetNbDataToProcess  stm32h7xx_hal_uart_ex.o
    0x080074c0   0x080074c0   0x000000c8   Code   RO         5213    i.UART_AdvFeatureConfig  stm32h7xx_hal_uart.o
    0x08007588   0x08007588   0x000000aa   Code   RO         5214    i.UART_CheckIdleState  stm32h7xx_hal_uart.o
    0x08007632   0x08007632   0x00000014   Code   RO         5215    i.UART_DMAAbortOnError  stm32h7xx_hal_uart.o
    0x08007646   0x08007646   0x0000004e   Code   RO         5216    i.UART_DMAError     stm32h7xx_hal_uart.o
    0x08007694   0x08007694   0x00000082   Code   RO         5217    i.UART_DMAReceiveCplt  stm32h7xx_hal_uart.o
    0x08007716   0x08007716   0x00000020   Code   RO         5219    i.UART_DMARxHalfCplt  stm32h7xx_hal_uart.o
    0x08007736   0x08007736   0x00000040   Code   RO         5221    i.UART_DMATransmitCplt  stm32h7xx_hal_uart.o
    0x08007776   0x08007776   0x0000000a   Code   RO         5223    i.UART_DMATxHalfCplt  stm32h7xx_hal_uart.o
    0x08007780   0x08007780   0x00000054   Code   RO         5225    i.UART_EndRxTransfer  stm32h7xx_hal_uart.o
    0x080077d4   0x080077d4   0x0000002e   Code   RO         5226    i.UART_EndTxTransfer  stm32h7xx_hal_uart.o
    0x08007802   0x08007802   0x00000002   PAD
    0x08007804   0x08007804   0x000003dc   Code   RO         5231    i.UART_SetConfig    stm32h7xx_hal_uart.o
    0x08007be0   0x08007be0   0x000000a8   Code   RO         5232    i.UART_Start_Receive_DMA  stm32h7xx_hal_uart.o
    0x08007c88   0x08007c88   0x0000008c   Code   RO         5238    i.UART_WaitOnFlagUntilTimeout  stm32h7xx_hal_uart.o
    0x08007d14   0x08007d14   0x0000000c   Code   RO          625    i.USART1_IRQHandler  stm32h7xx_it.o
    0x08007d20   0x08007d20   0x000000ae   Code   RO         7698    i.USER_ZDT_X42_V2_Read_Sys_Params  zdt_x42_v2.o
    0x08007dce   0x08007dce   0x0000004e   Code   RO         7699    i.USER_ZDT_X42_V2_Torque_Control  zdt_x42_v2.o
    0x08007e1c   0x08007e1c   0x000000e0   Code   RO         7527    i.USER_can_SendCmd  bsp_fdcan.o
    0x08007efc   0x08007efc   0x00000094   Code   RO         7184    i.Update_All_Joint_Impedance  servo_mapping.o
    0x08007f90   0x08007f90   0x00000002   Code   RO          626    i.UsageFault_Handler  stm32h7xx_it.o
    0x08007f92   0x08007f92   0x00000002   PAD
    0x08007f94   0x08007f94   0x0000009c   Code   RO         7670    i.WS2812_Ctrl       ws2812.o
    0x08008030   0x08008030   0x00000026   Code   RO         7868    i.__ARM_fpclassifyf  m_wv.l(fpclassifyf.o)
    0x08008056   0x08008056   0x00000022   Code   RO         1840    i.__NVIC_SetPriority  stm32h7xx_hal_cortex.o
    0x08008078   0x08008078   0x00000150   Code   RO         7836    i.__hardfp_cosf     m_wv.l(cosf.o)
    0x080081c8   0x080081c8   0x00000194   Code   RO         7848    i.__hardfp_sinf     m_wv.l(sinf.o)
    0x0800835c   0x0800835c   0x00000006   Code   RO         7871    i.__mathlib_flt_infnan  m_wv.l(funder.o)
    0x08008362   0x08008362   0x00000002   PAD
    0x08008364   0x08008364   0x00000010   Code   RO         7873    i.__mathlib_flt_invalid  m_wv.l(funder.o)
    0x08008374   0x08008374   0x00000010   Code   RO         7876    i.__mathlib_flt_underflow  m_wv.l(funder.o)
    0x08008384   0x08008384   0x00000154   Code   RO         7884    i.__mathlib_rredf2  m_wv.l(rredf.o)
    0x080084d8   0x080084d8   0x0000003c   Code   RO         7528    i.bsp_can_init      bsp_fdcan.o
    0x08008514   0x08008514   0x00000168   Code   RO         7185    i.calc_send_torque  servo_mapping.o
    0x0800867c   0x0800867c   0x00000044   Code   RO         7529    i.can1_filter_init  bsp_fdcan.o
    0x080086c0   0x080086c0   0x00000040   Code   RO         7530    i.can2_filter_init  bsp_fdcan.o
    0x08008700   0x08008700   0x00000070   Code   RO         7532    i.canx_send_data    bsp_fdcan.o
    0x08008770   0x08008770   0x000001bc   Code   RO         7491    i.compute_transforms  gravity_comp.o
    0x0800892c   0x0800892c   0x00000006   Code   RO         7186    i.fabsf             servo_mapping.o
    0x08008932   0x08008932   0x00000002   PAD
    0x08008934   0x08008934   0x00000048   Code   RO         7533    i.fdcan1_receive    bsp_fdcan.o
    0x0800897c   0x0800897c   0x0000002c   Code   RO         7534    i.fdcan1_rx_callback  bsp_fdcan.o
    0x080089a8   0x080089a8   0x00000094   Code   RO         7535    i.fdcan2_receive    bsp_fdcan.o
    0x08008a3c   0x08008a3c   0x00000020   Code   RO         7536    i.fdcan2_rx_callback  bsp_fdcan.o
    0x08008a5c   0x08008a5c   0x00000028   Code   RO         7538    i.float_to_uint     bsp_fdcan.o
    0x08008a84   0x08008a84   0x00000268   Code   RO         7492    i.gravity_compensation  gravity_comp.o
    0x08008cec   0x08008cec   0x00000020   Code   RO         7405    i.joint_imp_clampf  joint_impedance.o
    0x08008d0c   0x08008d0c   0x0000003c   Code   RO         7406    i.joint_imp_filter_velocity  joint_impedance.o
    0x08008d48   0x08008d48   0x0000007c   Code   RO           18    i.main              main.o
    0x08008dc4   0x08008dc4   0x0000000e   Code   RO         6534    i.makeFreeRtosPriority  cmsis_os.o
    0x08008dd2   0x08008dd2   0x00000002   PAD
    0x08008dd4   0x08008dd4   0x00000098   Code   RO         7188    i.map_zdt_to_joint  servo_mapping.o
    0x08008e6c   0x08008e6c   0x0000005c   Code   RO         7189    i.motor_mapping_init  servo_mapping.o
    0x08008ec8   0x08008ec8   0x0000000e   Code   RO         6536    i.osDelay           cmsis_os.o
    0x08008ed6   0x08008ed6   0x0000000a   Code   RO         6539    i.osKernelStart     cmsis_os.o
    0x08008ee0   0x08008ee0   0x00000054   Code   RO         6573    i.osThreadCreate    cmsis_os.o
    0x08008f34   0x08008f34   0x00000064   Code   RO         7190    i.process_zdt_can_frame  servo_mapping.o
    0x08008f98   0x08008f98   0x00000070   Code   RO         6210    i.prvAddCurrentTaskToDelayedList  tasks.o
    0x08009008   0x08009008   0x000000d0   Code   RO         6211    i.prvAddNewTaskToReadyList  tasks.o
    0x080090d8   0x080090d8   0x00000034   Code   RO         6212    i.prvDeleteTCB      tasks.o
    0x0800910c   0x0800910c   0x00000050   Code   RO         6901    i.prvHeapInit       heap_4.o
    0x0800915c   0x0800915c   0x00000060   Code   RO         6213    i.prvIdleTask       tasks.o
    0x080091bc   0x080091bc   0x0000009a   Code   RO         6214    i.prvInitialiseNewTask  tasks.o
    0x08009256   0x08009256   0x00000002   PAD
    0x08009258   0x08009258   0x0000004c   Code   RO         6902    i.prvInsertBlockIntoFreeList  heap_4.o
    0x080092a4   0x080092a4   0x00000020   Code   RO         6215    i.prvResetNextTaskUnblockTime  tasks.o
    0x080092c4   0x080092c4   0x00000028   Code   RO         6970    i.prvTaskExitError  port.o
    0x080092ec   0x080092ec   0x000000dc   Code   RO         6903    i.pvPortMalloc      heap_4.o
    0x080093c8   0x080093c8   0x00000030   Code   RO         6971    i.pxPortInitialiseStack  port.o
    0x080093f8   0x080093f8   0x00000028   Code   RO         7539    i.uint_to_float     bsp_fdcan.o
    0x08009420   0x08009420   0x00000026   Code   RO         5846    i.uxListRemove      list.o
    0x08009446   0x08009446   0x00000002   PAD
    0x08009448   0x08009448   0x00000018   Code   RO          315    i.vApplicationGetIdleTaskMemory  freertos.o
    0x08009460   0x08009460   0x00000016   Code   RO         5847    i.vListInitialise   list.o
    0x08009476   0x08009476   0x00000006   Code   RO         5848    i.vListInitialiseItem  list.o
    0x0800947c   0x0800947c   0x00000030   Code   RO         5849    i.vListInsert       list.o
    0x080094ac   0x080094ac   0x00000018   Code   RO         5850    i.vListInsertEnd    list.o
    0x080094c4   0x080094c4   0x00000040   Code   RO         6973    i.vPortEnterCritical  port.o
    0x08009504   0x08009504   0x00000028   Code   RO         6974    i.vPortExitCritical  port.o
    0x0800952c   0x0800952c   0x00000064   Code   RO         6904    i.vPortFree         heap_4.o
    0x08009590   0x08009590   0x00000024   Code   RO         6975    i.vPortSetupTimerInterrupt  port.o
    0x080095b4   0x080095b4   0x0000004c   Code   RO         6224    i.vTaskDelay        tasks.o
    0x08009600   0x08009600   0x0000008c   Code   RO         6225    i.vTaskDelayUntil   tasks.o
    0x0800968c   0x0800968c   0x0000006c   Code   RO         6238    i.vTaskStartScheduler  tasks.o
    0x080096f8   0x080096f8   0x00000010   Code   RO         6240    i.vTaskSuspendAll   tasks.o
    0x08009708   0x08009708   0x0000005c   Code   RO         6241    i.vTaskSwitchContext  tasks.o
    0x08009764   0x08009764   0x00000048   Code   RO         7103    i.ws2812_task       safewarning.o
    0x080097ac   0x080097ac   0x000000f4   Code   RO         6977    i.xPortStartScheduler  port.o
    0x080098a0   0x080098a0   0x0000005a   Code   RO         6244    i.xTaskCreate       tasks.o
    0x080098fa   0x080098fa   0x00000056   Code   RO         6245    i.xTaskCreateStatic  tasks.o
    0x08009950   0x08009950   0x000000cc   Code   RO         6252    i.xTaskIncrementTick  tasks.o
    0x08009a1c   0x08009a1c   0x000000c4   Code   RO         6258    i.xTaskResumeAll    tasks.o
    0x08009ae0   0x08009ae0   0x0000000a   Code   RO         7994    x$fpl$fpinit        fz_wv.l(fpinit.o)
    0x08009aea   0x08009aea   0x00000000   Code   RO         7867    x$fpl$usenofp       fz_wv.l(usenofp.o)
    0x08009aea   0x08009aea   0x00000002   PAD
    0x08009aec   0x08009aec   0x00000070   Data   RO          317    .constdata          freertos.o
    0x08009b5c   0x08009b5c   0x00000008   Data   RO         2599    .constdata          stm32h7xx_hal_dma.o
    0x08009b64   0x08009b64   0x0000005c   Data   RO         4323    .constdata          stm32h7xx_hal_fdcan.o
    0x08009bc0   0x08009bc0   0x00000018   Data   RO         5239    .constdata          stm32h7xx_hal_uart.o
    0x08009bd8   0x08009bd8   0x00000010   Data   RO         5605    .constdata          stm32h7xx_hal_uart_ex.o
    0x08009be8   0x08009be8   0x00000010   Data   RO         5710    .constdata          system_stm32h7xx.o
    0x08009bf8   0x08009bf8   0x00000300   Data   RO         7052    .constdata          crc.o
    0x08009ef8   0x08009ef8   0x00000060   Data   RO         7105    .constdata          safewarning.o
    0x08009f58   0x08009f58   0x00000090   Data   RO         7194    .constdata          servo_mapping.o
    0x08009fe8   0x08009fe8   0x000000e8   Data   RO         7494    .constdata          gravity_comp.o
    0x0800a0d0   0x0800a0d0   0x00000020   Data   RO         7885    .constdata          m_wv.l(rredf.o)
    0x0800a0f0   0x0800a0f0   0x00000031   Data   RO          318    .conststring        freertos.o
    0x0800a121   0x0800a121   0x00000003   PAD
    0x0800a124   0x0800a124   0x00000020   Data   RO         8050    Region$$Table       anon$$obj.o


    Execution Region RW_IRAM1 (Exec base: 0x20000000, Load base: 0x0800a144, Size: 0x00000000, Max: 0x00020000, ABSOLUTE)

    **** No section assigned to this execution region ****


    Execution Region RW_IRAM2 (Exec base: 0x24000000, Load base: 0x0800a144, Size: 0x00005560, Max: 0x00050000, ABSOLUTE)

    Exec Addr    Load Addr    Size         Type   Attr      Idx    E Section Name        Object

    0x24000000   0x0800a144   0x00000001   Data   RW           21    .data               main.o
    0x24000001   0x0800a145   0x00000003   PAD
    0x24000004   0x0800a148   0x00000014   Data   RW          319    .data               freertos.o
    0x24000018   0x0800a15c   0x00000004   Data   RW          409    .data               fdcan.o
    0x2400001c   0x0800a160   0x0000000c   Data   RW         3331    .data               stm32h7xx_hal.o
    0x24000028   0x0800a16c   0x00000008   Data   RW         5711    .data               system_stm32h7xx.o
    0x24000030   0x0800a174   0x0000003c   Data   RW         6261    .data               tasks.o
    0x2400006c   0x0800a1b0   0x00000020   Data   RW         6910    .data               heap_4.o
    0x2400008c   0x0800a1d0   0x0000000c   Data   RW         6978    .data               port.o
    0x24000098   0x0800a1dc   0x00000002   Data   RW         7053    .data               crc.o
    0x2400009a   0x0800a1de   0x00000003   Data   RW         7106    .data               safewarning.o
    0x2400009d   0x0800a1e1   0x00000003   PAD
    0x240000a0   0x0800a1e4   0x0000000f   Data   RW         7195    .data               servo_mapping.o
    0x240000af   0x0800a1f3   0x00000001   PAD
    0x240000b0   0x0800a1f4   0x00000010   Data   RW         7342    .data               userkey.o
    0x240000c0   0x0800a204   0x00000048   Data   RW         7542    .data               bsp_fdcan.o
    0x24000108        -       0x0000001e   Zero   RW           19    .bss                main.o
    0x24000126   0x0800a24c   0x00000002   PAD
    0x24000128        -       0x00000254   Zero   RW          316    .bss                freertos.o
    0x2400037c        -       0x00000140   Zero   RW          408    .bss                fdcan.o
    0x240004bc        -       0x00000088   Zero   RW          456    .bss                spi.o
    0x24000544        -       0x00000098   Zero   RW          502    .bss                tim.o
    0x240005dc        -       0x00000308   Zero   RW          565    .bss                usart.o
    0x240008e4        -       0x0000004c   Zero   RW          766    .bss                stm32h7xx_hal_timebase_tim.o
    0x24000930        -       0x000000f0   Zero   RW         6260    .bss                tasks.o
    0x24000a20        -       0x00003c00   Zero   RW         6909    .bss                heap_4.o
    0x24004620        -       0x0000000c   Zero   RW         7104    .bss                safewarning.o
    0x2400462c        -       0x00000478   Zero   RW         7191    .bss                servo_mapping.o
    0x24004aa4        -       0x00000018   Zero   RW         7493    .bss                gravity_comp.o
    0x24004abc        -       0x00000040   Zero   RW         7540    .bss                bsp_fdcan.o
    0x24004afc        -       0x00000060   Zero   RW         7910    .bss                c_w.l(libspace.o)
    0x24004b5c   0x0800a24c   0x00000004   PAD
    0x24004b60        -       0x00000200   Zero   RW            2    HEAP                startup_stm32h723xx.o
    0x24004d60        -       0x00000800   Zero   RW            1    STACK               startup_stm32h723xx.o


==============================================================================

Image component sizes


      Code (inc. data)   RO Data    RW Data    ZI Data      Debug   Object Name

      1464        166          0         72         64      16049   bsp_fdcan.o
       122          0          0          0          0      23813   cmsis_os.o
       152         18        768          2          0       3731   crc.o
        92          4          0          0          0       1018   dma.o
         0          0          0          0          0      17028   event_groups.o
       564         42          0          4        320       3192   fdcan.o
       210         24        161         20        596       4887   freertos.o
       176         12          0          0          0       1235   gpio.o
      1060         32        232          0         24       4743   gravity_comp.o
       476         24          0         32      15360       7859   heap_4.o
       604         46          0          0          0       7953   joint_impedance.o
       138          0          0          0          0       3950   list.o
       552         72          0          1         30    1272199   main.o
       706         74          0         12          0      11624   port.o
       336         48         96          3         12       5098   safewarning.o
      2310        268        144         15       1144      23224   servo_mapping.o
       240         24          0          0        136       2085   spi.o
        64         26        716          0       2560        880   startup_stm32h723xx.o
       156         32          0         12          0      23310   stm32h7xx_hal.o
       160         12          0          0          0      39050   stm32h7xx_hal_cortex.o
      5980        242          8          0          0      12566   stm32h7xx_hal_dma.o
      2976         48         92          0          0      25501   stm32h7xx_hal_fdcan.o
       560         44          0          0          0       3163   stm32h7xx_hal_gpio.o
        36          4          0          0          0       1042   stm32h7xx_hal_msp.o
        84          6          0          0          0        837   stm32h7xx_hal_pwr_ex.o
      2466        110          0          0          0       8221   stm32h7xx_hal_rcc.o
      3622        112          0          0          0       8149   stm32h7xx_hal_rcc_ex.o
      1228         14          0          0          0       5218   stm32h7xx_hal_spi.o
      2576        306          0          0          0      16615   stm32h7xx_hal_tim.o
       190         38          0          0          0       3508   stm32h7xx_hal_tim_ex.o
       132         22          0          0         76       1728   stm32h7xx_hal_timebase_tim.o
      3292        172         24          0          0      37325   stm32h7xx_hal_uart.o
       364          6         16          0          0       6849   stm32h7xx_hal_uart_ex.o
       156         72          0          0          0       9321   stm32h7xx_it.o
         0          0          0          0          0        384   stream_buffer.o
       192         34         16          8          0       1630   system_stm32h7xx.o
      1662        118          0         60        240      21648   tasks.o
       368         52          0          0        152       3969   tim.o
       688         52          0          0        776       3375   usart.o
       216         30          0         16          0       3556   userkey.o
       156          6          0          0          0        950   ws2812.o
       252         22          0          0          0       2911   zdt_x42_v2.o

    ----------------------------------------------------------------------
     36838       2434       2308        264      21492    1651394   Object Totals
         0          0         32          0          0          0   (incl. Generated)
        60          0          3          7          2          0   (incl. Padding)

    ----------------------------------------------------------------------

      Code (inc. data)   RO Data    RW Data    ZI Data      Debug   Library Member Name

         8          0          0          0          0         68   __main.o
         0          0          0          0          0          0   __rtentry.o
        12          0          0          0          0          0   __rtentry2.o
         6          0          0          0          0          0   __rtentry4.o
        52          8          0          0          0          0   __scatter.o
        26          0          0          0          0          0   __scatter_copy.o
        28          0          0          0          0          0   __scatter_zi.o
        22          0          0          0          0        100   _rserrno.o
        18          0          0          0          0         80   exit.o
         6          0          0          0          0        152   heapauxi.o
         0          0          0          0          0          0   indicate_semi.o
         2          0          0          0          0          0   libinit.o
         6          0          0          0          0          0   libinit2.o
         2          0          0          0          0          0   libshutdown.o
         2          0          0          0          0          0   libshutdown2.o
         8          4          0          0         96         68   libspace.o
       238          0          0          0          0        100   lludivv7m.o
         8          4          0          0          0         68   rt_errno_addr_intlibspace.o
        68          0          0          0          0         68   rt_memclr.o
        78          0          0          0          0         80   rt_memclr_w.o
       138          0          0          0          0         68   rt_memcpy_v6.o
       100          0          0          0          0         80   rt_memcpy_w.o
         2          0          0          0          0          0   rtexit.o
        10          0          0          0          0          0   rtexit2.o
        12          4          0          0          0         68   sys_exit.o
        74          0          0          0          0         80   sys_stackheap_outer.o
         2          0          0          0          0         68   use_no_semi.o
        10          0          0          0          0        116   fpinit.o
         0          0          0          0          0          0   usenofp.o
       336         60          0          0          0        136   cosf.o
        38          0          0          0          0        116   fpclassifyf.o
        38         12          0          0          0        348   funder.o
       340         24         32          0          0        160   rredf.o
       404         60          0          0          0        212   sinf.o

    ----------------------------------------------------------------------
      2106        176         32          0        100       2236   Library Totals
        12          0          0          0          4          0   (incl. Padding)

    ----------------------------------------------------------------------

      Code (inc. data)   RO Data    RW Data    ZI Data      Debug   Library Name

       928         20          0          0         96       1148   c_w.l
        10          0          0          0          0        116   fz_wv.l
      1156        156         32          0          0        972   m_wv.l

    ----------------------------------------------------------------------
      2106        176         32          0        100       2236   Library Totals

    ----------------------------------------------------------------------

==============================================================================


      Code (inc. data)   RO Data    RW Data    ZI Data      Debug   

     38944       2610       2340        264      21592    1627210   Grand Totals
     38944       2610       2340        264      21592    1627210   ELF Image Totals
     38944       2610       2340        264          0          0   ROM Totals

==============================================================================

    Total RO  Size (Code + RO Data)                41284 (  40.32kB)
    Total RW  Size (RW Data + ZI Data)             21856 (  21.34kB)
    Total ROM Size (Code + RO Data + RW Data)      41548 (  40.57kB)

==============================================================================

