Component: ARM Compiler 5.06 update 5 (build 528) Tool: armlink [4d35e2]

==============================================================================

Section Cross References

    startup_stm32h723xx.o(STACK) refers (Special) to heapauxi.o(.text) for __use_two_region_memory
    startup_stm32h723xx.o(HEAP) refers (Special) to heapauxi.o(.text) for __use_two_region_memory
    startup_stm32h723xx.o(RESET) refers (Special) to heapauxi.o(.text) for __use_two_region_memory
    startup_stm32h723xx.o(RESET) refers to startup_stm32h723xx.o(STACK) for __initial_sp
    startup_stm32h723xx.o(RESET) refers to startup_stm32h723xx.o(.text) for Reset_Handler
    startup_stm32h723xx.o(RESET) refers to stm32h7xx_it.o(i.NMI_Handler) for NMI_Handler
    startup_stm32h723xx.o(RESET) refers to stm32h7xx_it.o(i.HardFault_Handler) for HardFault_Handler
    startup_stm32h723xx.o(RESET) refers to stm32h7xx_it.o(i.MemManage_Handler) for MemManage_Handler
    startup_stm32h723xx.o(RESET) refers to stm32h7xx_it.o(i.BusFault_Handler) for BusFault_Handler
    startup_stm32h723xx.o(RESET) refers to stm32h7xx_it.o(i.UsageFault_Handler) for UsageFault_Handler
    startup_stm32h723xx.o(RESET) refers to port.o(.emb_text) for SVC_Handler
    startup_stm32h723xx.o(RESET) refers to stm32h7xx_it.o(i.DebugMon_Handler) for DebugMon_Handler
    startup_stm32h723xx.o(RESET) refers to port.o(i.SysTick_Handler) for SysTick_Handler
    startup_stm32h723xx.o(RESET) refers to stm32h7xx_it.o(i.DMA1_Stream0_IRQHandler) for DMA1_Stream0_IRQHandler
    startup_stm32h723xx.o(RESET) refers to stm32h7xx_it.o(i.DMA1_Stream1_IRQHandler) for DMA1_Stream1_IRQHandler
    startup_stm32h723xx.o(RESET) refers to stm32h7xx_it.o(i.DMA1_Stream2_IRQHandler) for DMA1_Stream2_IRQHandler
    startup_stm32h723xx.o(RESET) refers to stm32h7xx_it.o(i.DMA1_Stream3_IRQHandler) for DMA1_Stream3_IRQHandler
    startup_stm32h723xx.o(RESET) refers to stm32h7xx_it.o(i.FDCAN1_IT0_IRQHandler) for FDCAN1_IT0_IRQHandler
    startup_stm32h723xx.o(RESET) refers to stm32h7xx_it.o(i.FDCAN1_IT1_IRQHandler) for FDCAN1_IT1_IRQHandler
    startup_stm32h723xx.o(RESET) refers to stm32h7xx_it.o(i.USART1_IRQHandler) for USART1_IRQHandler
    startup_stm32h723xx.o(RESET) refers to stm32h7xx_it.o(i.TIM6_DAC_IRQHandler) for TIM6_DAC_IRQHandler
    startup_stm32h723xx.o(RESET) refers to stm32h7xx_it.o(i.UART7_IRQHandler) for UART7_IRQHandler
    startup_stm32h723xx.o(RESET) refers to stm32h7xx_it.o(i.TIM23_IRQHandler) for TIM23_IRQHandler
    startup_stm32h723xx.o(.text) refers (Special) to heapauxi.o(.text) for __use_two_region_memory
    startup_stm32h723xx.o(.text) refers to system_stm32h7xx.o(i.SystemInit) for SystemInit
    startup_stm32h723xx.o(.text) refers to __main.o(!!!main) for __main
    startup_stm32h723xx.o(.text) refers to startup_stm32h723xx.o(HEAP) for Heap_Mem
    startup_stm32h723xx.o(.text) refers to startup_stm32h723xx.o(STACK) for Stack_Mem
    main.o(i.HAL_TIM_PeriodElapsedCallback) refers to servo_mapping.o(i.TaskFrequencyCheck) for TaskFrequencyCheck
    main.o(i.HAL_TIM_PeriodElapsedCallback) refers to stm32h7xx_hal.o(i.HAL_IncTick) for HAL_IncTick
    main.o(i.HAL_UARTEx_RxEventCallback) refers to stm32h7xx_hal_uart_ex.o(i.HAL_UARTEx_ReceiveToIdle_DMA) for HAL_UARTEx_ReceiveToIdle_DMA
    main.o(i.HAL_UARTEx_RxEventCallback) refers to servo_mapping.o(i.TaskFrequencycount) for TaskFrequencycount
    main.o(i.HAL_UARTEx_RxEventCallback) refers to main.o(.bss) for .bss
    main.o(i.HAL_UARTEx_RxEventCallback) refers to servo_mapping.o(.bss) for Servos
    main.o(i.HAL_UARTEx_RxEventCallback) refers to usart.o(.bss) for huart7
    main.o(i.HAL_UART_ErrorCallback) refers to stm32h7xx_hal_uart_ex.o(i.HAL_UARTEx_ReceiveToIdle_DMA) for HAL_UARTEx_ReceiveToIdle_DMA
    main.o(i.HAL_UART_ErrorCallback) refers to main.o(.bss) for .bss
    main.o(i.HAL_UART_ErrorCallback) refers to usart.o(.bss) for huart7
    main.o(i.SystemClock_Config) refers to rt_memclr_w.o(.text) for __aeabi_memclr4
    main.o(i.SystemClock_Config) refers to stm32h7xx_hal_pwr_ex.o(i.HAL_PWREx_ConfigSupply) for HAL_PWREx_ConfigSupply
    main.o(i.SystemClock_Config) refers to stm32h7xx_hal_rcc.o(i.HAL_RCC_OscConfig) for HAL_RCC_OscConfig
    main.o(i.SystemClock_Config) refers to stm32h7xx_hal_rcc.o(i.HAL_RCC_ClockConfig) for HAL_RCC_ClockConfig
    main.o(i.main) refers to stm32h7xx_hal.o(i.HAL_Init) for HAL_Init
    main.o(i.main) refers to main.o(i.SystemClock_Config) for SystemClock_Config
    main.o(i.main) refers to gpio.o(i.MX_GPIO_Init) for MX_GPIO_Init
    main.o(i.main) refers to dma.o(i.MX_DMA_Init) for MX_DMA_Init
    main.o(i.main) refers to spi.o(i.MX_SPI6_Init) for MX_SPI6_Init
    main.o(i.main) refers to usart.o(i.MX_USART1_UART_Init) for MX_USART1_UART_Init
    main.o(i.main) refers to usart.o(i.MX_UART7_Init) for MX_UART7_Init
    main.o(i.main) refers to fdcan.o(i.MX_FDCAN1_Init) for MX_FDCAN1_Init
    main.o(i.main) refers to tim.o(i.MX_TIM6_Init) for MX_TIM6_Init
[...]
    numerator                                0x080074ec   Data           8  stm32h7xx_hal_uart_ex.o(.constdata)
    denominator                              0x080074f4   Data           8  stm32h7xx_hal_uart_ex.o(.constdata)
    .constdata                               0x080074fc   Section       16  system_stm32h7xx.o(.constdata)
    .conststring                             0x0800750c   Section       33  freertos.o(.conststring)
    .data                                    0x24000000   Section       12  freertos.o(.data)
    .data                                    0x2400000c   Section       12  stm32h7xx_hal.o(.data)
    .data                                    0x24000018   Section        8  system_stm32h7xx.o(.data)
    .data                                    0x24000020   Section       60  tasks.o(.data)
    uxDeletedTasksWaitingCleanUp             0x24000024   Data           4  tasks.o(.data)
    uxCurrentNumberOfTasks                   0x24000028   Data           4  tasks.o(.data)
    xTickCount                               0x2400002c   Data           4  tasks.o(.data)
    uxTopReadyPriority                       0x24000030   Data           4  tasks.o(.data)
    xSchedulerRunning                        0x24000034   Data           4  tasks.o(.data)
    xPendedTicks                             0x24000038   Data           4  tasks.o(.data)
    xYieldPending                            0x2400003c   Data           4  tasks.o(.data)
    xNumOfOverflows                          0x24000040   Data           4  tasks.o(.data)
    uxTaskNumber                             0x24000044   Data           4  tasks.o(.data)
    xNextTaskUnblockTime                     0x24000048   Data           4  tasks.o(.data)
    xIdleTaskHandle                          0x2400004c   Data           4  tasks.o(.data)
    uxSchedulerSuspended                     0x24000050   Data           4  tasks.o(.data)
    pxDelayedTaskList                        0x24000054   Data           4  tasks.o(.data)
    pxOverflowDelayedTaskList                0x24000058   Data           4  tasks.o(.data)
    .data                                    0x2400005c   Section       32  heap_4.o(.data)
    pxEnd                                    0x2400005c   Data           4  heap_4.o(.data)
    xFreeBytesRemaining                      0x24000060   Data           4  heap_4.o(.data)
    xMinimumEverFreeBytesRemaining           0x24000064   Data           4  heap_4.o(.data)
    xNumberOfSuccessfulAllocations           0x24000068   Data           4  heap_4.o(.data)
    xNumberOfSuccessfulFrees                 0x2400006c   Data           4  heap_4.o(.data)
    xBlockAllocatedBit                       0x24000070   Data           4  heap_4.o(.data)
    xStart                                   0x24000074   Data           8  heap_4.o(.data)
    .data                                    0x2400007c   Section       12  port.o(.data)
    ucMaxSysCallPriority                     0x2400007c   Data           1  port.o(.data)
    uxCriticalNesting                        0x24000080   Data           4  port.o(.data)
    ulMaxPRIGROUPValue                       0x24000084   Data           4  port.o(.data)
    .data                                    0x24000088   Section        3  safewarning.o(.data)
    .data                                    0x2400008c   Section       36  servo_mapping.o(.data)
    load_txbuf                               0x2400008d   Data           7  servo_mapping.o(.data)
    .data                                    0x240000b0   Section       10  bsp_fdcan.o(.data)
    .bss                                     0x240000bc   Section       30  main.o(.bss)
    .bss                                     0x240000dc   Section      596  freertos.o(.bss)
    xIdleTaskTCBBuffer                       0x240000dc   Data          84  freertos.o(.bss)
    xIdleStack                               0x24000130   Data         512  freertos.o(.bss)
    .bss                                     0x24000330   Section      160  fdcan.o(.bss)
    .bss                                     0x240003d0   Section      136  spi.o(.bss)
    .bss                                     0x24000458   Section       76  tim.o(.bss)
    .bss                                     0x240004a4   Section      776  usart.o(.bss)
    .bss                                     0x240007ac   Section       76  stm32h7xx_hal_timebase_tim.o(.bss)
    .bss                                     0x240007f8   Section      240  tasks.o(.bss)
    pxReadyTasksLists                        0x240007f8   Data         140  tasks.o(.bss)
    xDelayedTaskList1                        0x24000884   Data          20  tasks.o(.bss)
    xDelayedTaskList2                        0x24000898   Data          20  tasks.o(.bss)
    xPendingReadyList                        0x240008ac   Data          20  tasks.o(.bss)
    xTasksWaitingTermination                 0x240008c0   Data          20  tasks.o(.bss)
    xSuspendedTaskList                       0x240008d4   Data          20  tasks.o(.bss)
    .bss                                     0x240008e8   Section    15360  heap_4.o(.bss)
    ucHeap                                   0x240008e8   Data       15360  heap_4.o(.bss)
    .bss                                     0x240044e8   Section      368  servo_mapping.o(.bss)
    .bss                                     0x24004658   Section       96  libspace.o(.bss)
    HEAP                                     0x240046b8   Section      512  startup_stm32h723xx.o(HEAP)
    Heap_Mem                                 0x240046b8   Data         512  startup_stm32h723xx.o(HEAP)
    STACK                                    0x240048b8   Section     2048  startup_stm32h723xx.o(STACK)
    Stack_Mem                                0x240048b8   Data        2048  startup_stm32h723xx.o(STACK)
    __initial_sp                             0x240050b8   Data           0  startup_stm32h723xx.o(STACK)

    Global Symbols

    Symbol Name                              Value     Ov Type        Size  Object(Section)

    BuildAttributes$$THM_ISAv4$E$P$D$K$B$S$7EM$VFPv5_D16$PE$PLD8$A:L22UL41UL21$X:L11$S22US41US21$IEEE1$IW$USESV6$~STKCKD$USESV7$~SHL$OTIME$ROPI$IEEEX$EBA8$UX$STANDARDLIB$REQ8$PRES8$EABIv2 0x00000000   Number         0  anon$$obj.o ABSOLUTE
    __ARM_use_no_argv                        0x00000000   Number         0  main.o ABSOLUTE
    __ARM_exceptions_init                     - Undefined Weak Reference
    __alloca_initialize                       - Undefined Weak Reference
    __arm_preinit_                            - Undefined Weak Reference
    __cpp_initialize__aeabi_                  - Undefined Weak Reference
    __cxa_finalize                            - Undefined Weak Reference
    __rt_locale                               - Undefined Weak Reference
    __sigvec_lookup                           - Undefined Weak Reference
    _atexit_init                              - Undefined Weak Reference
    _call_atexit_fns                          - Undefined Weak Reference
    _clock_init                               - Undefined Weak Reference
    _fp_trap_init                             - Undefined Weak Reference
    _fp_trap_shutdown                         - Undefined Weak Reference
    _get_lc_collate                           - Undefined Weak Reference
    _get_lc_ctype                             - Undefined Weak Reference
    _get_lc_monetary                          - Undefined Weak Reference
    _get_lc_numeric                           - Undefined Weak Reference
    _get_lc_time                              - Undefined Weak Reference
    _getenv_init                              - Undefined Weak Reference
    _handle_redirection                       - Undefined Weak Reference
    _init_alloc                               - Undefined Weak Reference
    _init_user_alloc                          - Undefined Weak Reference
    _initio                                   - Undefined Weak Reference
    _rand_init                                - Undefined Weak Reference
    _signal_finish                            - Undefined Weak Reference
    _signal_init                              - Undefined Weak Reference
    _terminate_alloc                          - Undefined Weak Reference
    _terminate_user_alloc                     - Undefined Weak Reference
    _terminateio                              - Undefined Weak Reference
    __Vectors_Size                           0x000002cc   Number         0  startup_stm32h723xx.o ABSOLUTE
    __Vectors                                0x08000000   Data           4  startup_stm32h723xx.o(RESET)
    __Vectors_End                            0x080002cc   Data           0  startup_stm32h723xx.o(RESET)
    __main                                   0x080002cd   Thumb Code     8  __main.o(!!!main)
    __scatterload                            0x080002d5   Thumb Code     0  __scatter.o(!!!scatter)
    __scatterload_rt2                        0x080002d5   Thumb Code    44  __scatter.o(!!!scatter)
    __scatterload_rt2_thumb_only             0x080002d5   Thumb Code     0  __scatter.o(!!!scatter)
    __scatterload_null                       0x080002e3   Thumb Code     0  __scatter.o(!!!scatter)
    __scatterload_copy                       0x08000309   Thumb Code    26  __scatter_copy.o(!!handler_copy)
    __scatterload_zeroinit                   0x08000325   Thumb Code    28  __scatter_zi.o(!!handler_zi)
    __rt_lib_init                            0x08000341   Thumb Code     0  libinit.o(.ARM.Collect$$libinit$$00000000)
    __rt_lib_init_fp_1                       0x08000343   Thumb Code     0  libinit2.o(.ARM.Collect$$libinit$$00000001)
    __rt_lib_init_alloca_1                   0x08000347   Thumb Code     0  libinit2.o(.ARM.Collect$$libinit$$0000002E)
    __rt_lib_init_argv_1                     0x08000347   Thumb Code     0  libinit2.o(.ARM.Collect$$libinit$$0000002C)
    __rt_lib_init_atexit_1                   0x08000347   Thumb Code     0  libinit2.o(.ARM.Collect$$libinit$$0000001B)
    __rt_lib_init_clock_1                    0x08000347   Thumb Code     0  libinit2.o(.ARM.Collect$$libinit$$00000021)
    __rt_lib_init_cpp_1                      0x08000347   Thumb Code     0  libinit2.o(.ARM.Collect$$libinit$$00000032)
    __rt_lib_init_exceptions_1               0x08000347   Thumb Code     0  libinit2.o(.ARM.Collect$$libinit$$00000030)
    __rt_lib_init_fp_trap_1                  0x08000347   Thumb Code     0  libinit2.o(.ARM.Collect$$libinit$$0000001F)
    __rt_lib_init_getenv_1                   0x08000347   Thumb Code     0  libinit2.o(.ARM.Collect$$libinit$$00000023)
    __rt_lib_init_heap_1                     0x08000347   Thumb Code     0  libinit2.o(.ARM.Collect$$libinit$$0000000A)
    __rt_lib_init_lc_collate_1               0x08000347   Thumb Code     0  libinit2.o(.ARM.Collect$$libinit$$00000011)
    __rt_lib_init_lc_ctype_1                 0x08000347   Thumb Code     0  libinit2.o(.ARM.Collect$$libinit$$00000013)
    __rt_lib_init_lc_monetary_1              0x08000347   Thumb Code     0  libinit2.o(.ARM.Collect$$libinit$$00000015)
    __rt_lib_init_lc_numeric_1               0x08000347   Thumb Code     0  libinit2.o(.ARM.Collect$$libinit$$00000017)
    __rt_lib_init_lc_time_1                  0x08000347   Thumb Code     0  libinit2.o(.ARM.Collect$$libinit$$00000019)
    __rt_lib_init_preinit_1                  0x08000347   Thumb Code     0  libinit2.o(.ARM.Collect$$libinit$$00000004)
    __rt_lib_init_rand_1                     0x08000347   Thumb Code     0  libinit2.o(.ARM.Collect$$libinit$$0000000E)
    __rt_lib_init_return                     0x08000347   Thumb Code     0  libinit2.o(.ARM.Collect$$libinit$$00000033)
    __rt_lib_init_signal_1                   0x08000347   Thumb Code     0  libinit2.o(.ARM.Collect$$libinit$$0000001D)
    __rt_lib_init_stdio_1                    0x08000347   Thumb Code     0  libinit2.o(.ARM.Collect$$libinit$$00000025)
    __rt_lib_init_user_alloc_1               0x08000347   Thumb Code     0  libinit2.o(.ARM.Collect$$libinit$$0000000C)
    __rt_lib_shutdown                        0x08000349   Thumb Code     0  libshutdown.o(.ARM.Collect$$libshutdown$$00000000)
    __rt_lib_shutdown_cpp_1                  0x0800034b   Thumb Code     0  libshutdown2.o(.ARM.Collect$$libshutdown$$00000002)
    __rt_lib_shutdown_fp_trap_1              0x0800034b   Thumb Code     0  libshutdown2.o(.ARM.Collect$$libshutdown$$00000007)
    __rt_lib_shutdown_heap_1                 0x0800034b   Thumb Code     0  libshutdown2.o(.ARM.Collect$$libshutdown$$0000000F)
    __rt_lib_shutdown_return                 0x0800034b   Thumb Code     0  libshutdown2.o(.ARM.Collect$$libshutdown$$00000010)
    __rt_lib_shutdown_signal_1               0x0800034b   Thumb Code     0  libshutdown2.o(.ARM.Collect$$libshutdown$$0000000A)
    __rt_lib_shutdown_stdio_1                0x0800034b   Thumb Code     0  libshutdown2.o(.ARM.Collect$$libshutdown$$00000004)
    __rt_lib_shutdown_user_alloc_1           0x0800034b   Thumb Code     0  libshutdown2.o(.ARM.Collect$$libshutdown$$0000000C)
    __rt_entry                               0x0800034d   Thumb Code     0  __rtentry.o(.ARM.Collect$$rtentry$$00000000)
    __rt_entry_presh_1                       0x0800034d   Thumb Code     0  __rtentry2.o(.ARM.Collect$$rtentry$$00000002)
    __rt_entry_sh                            0x0800034d   Thumb Code     0  __rtentry4.o(.ARM.Collect$$rtentry$$00000004)
    __rt_entry_li                            0x08000353   Thumb Code     0  __rtentry2.o(.ARM.Collect$$rtentry$$0000000A)
    __rt_entry_postsh_1                      0x08000353   Thumb Code     0  __rtentry2.o(.ARM.Collect$$rtentry$$00000009)
    __rt_entry_main                          0x08000357   Thumb Code     0  __rtentry2.o(.ARM.Collect$$rtentry$$0000000D)
    __rt_entry_postli_1                      0x08000357   Thumb Code     0  __rtentry2.o(.ARM.Collect$$rtentry$$0000000C)
    __rt_exit                                0x0800035f   Thumb Code     0  rtexit.o(.ARM.Collect$$rtexit$$00000000)
    __rt_exit_ls                             0x08000361   Thumb Code     0  rtexit2.o(.ARM.Collect$$rtexit$$00000003)
    __rt_exit_prels_1                        0x08000361   Thumb Code     0  rtexit2.o(.ARM.Collect$$rtexit$$00000002)
    __rt_exit_exit                           0x08000365   Thumb Code     0  rtexit2.o(.ARM.Collect$$rtexit$$00000004)
    SVC_Handler                              0x0800036d   Thumb Code    28  port.o(.emb_text)
    __asm___6_port_c_39a90d8d__prvStartFirstTask 0x0800038d   Thumb Code    36  port.o(.emb_text)
    __asm___6_port_c_39a90d8d__prvEnableVFP  0x080003b5   Thumb Code    16  port.o(.emb_text)
    PendSV_Handler                           0x080003c9   Thumb Code    88  port.o(.emb_text)
    vPortGetIPSR                             0x08000425   Thumb Code     6  port.o(.emb_text)
    Reset_Handler                            0x0800042d   Thumb Code     8  startup_stm32h723xx.o(.text)
    ADC3_IRQHandler                          0x08000447   Thumb Code     0  startup_stm32h723xx.o(.text)
    ADC_IRQHandler                           0x08000447   Thumb Code     0  startup_stm32h723xx.o(.text)
    BDMA_Channel0_IRQHandler                 0x08000447   Thumb Code     0  startup_stm32h723xx.o(.text)
    BDMA_Channel1_IRQHandler                 0x08000447   Thumb Code     0  startup_stm32h723xx.o(.text)
    BDMA_Channel2_IRQHandler                 0x08000447   Thumb Code     0  startup_stm32h723xx.o(.text)
    BDMA_Channel3_IRQHandler                 0x08000447   Thumb Code     0  startup_stm32h723xx.o(.text)
    BDMA_Channel4_IRQHandler                 0x08000447   Thumb Code     0  startup_stm32h723xx.o(.text)
    BDMA_Channel5_IRQHandler                 0x08000447   Thumb Code     0  startup_stm32h723xx.o(.text)
    BDMA_Channel6_IRQHandler                 0x08000447   Thumb Code     0  startup_stm32h723xx.o(.text)
    BDMA_Channel7_IRQHandler                 0x08000447   Thumb Code     0  startup_stm32h723xx.o(.text)
    CEC_IRQHandler                           0x08000447   Thumb Code     0  startup_stm32h723xx.o(.text)
    COMP1_IRQHandler                         0x08000447   Thumb Code     0  startup_stm32h723xx.o(.text)
    CORDIC_IRQHandler                        0x08000447   Thumb Code     0  startup_stm32h723xx.o(.text)
    CRS_IRQHandler                           0x08000447   Thumb Code     0  startup_stm32h723xx.o(.text)
    DCMI_PSSI_IRQHandler                     0x08000447   Thumb Code     0  startup_stm32h723xx.o(.text)
    DFSDM1_FLT0_IRQHandler                   0x08000447   Thumb Code     0  startup_stm32h723xx.o(.text)
    DFSDM1_FLT1_IRQHandler                   0x08000447   Thumb Code     0  startup_stm32h723xx.o(.text)
    DFSDM1_FLT2_IRQHandler                   0x08000447   Thumb Code     0  startup_stm32h723xx.o(.text)
    DFSDM1_FLT3_IRQHandler                   0x08000447   Thumb Code     0  startup_stm32h723xx.o(.text)
    DMA1_Stream4_IRQHandler                  0x08000447   Thumb Code     0  startup_stm32h723xx.o(.text)
    DMA1_Stream5_IRQHandler                  0x08000447   Thumb Code     0  startup_stm32h723xx.o(.text)
    DMA1_Stream6_IRQHandler                  0x08000447   Thumb Code     0  startup_stm32h723xx.o(.text)
    DMA1_Stream7_IRQHandler                  0x08000447   Thumb Code     0  startup_stm32h723xx.o(.text)
    DMA2D_IRQHandler                         0x08000447   Thumb Code     0  startup_stm32h723xx.o(.text)
    DMA2_Stream0_IRQHandler                  0x08000447   Thumb Code     0  startup_stm32h723xx.o(.text)
    DMA2_Stream1_IRQHandler                  0x08000447   Thumb Code     0  startup_stm32h723xx.o(.text)
    DMA2_Stream2_IRQHandler                  0x08000447   Thumb Code     0  startup_stm32h723xx.o(.text)
    DMA2_Stream3_IRQHandler                  0x08000447   Thumb Code     0  startup_stm32h723xx.o(.text)
    DMA2_Stream4_IRQHandler                  0x08000447   Thumb Code     0  startup_stm32h723xx.o(.text)
    DMA2_Stream5_IRQHandler                  0x08000447   Thumb Code     0  startup_stm32h723xx.o(.text)
    DMA2_Stream6_IRQHandler                  0x08000447   Thumb Code     0  startup_stm32h723xx.o(.text)
    DMA2_Stream7_IRQHandler                  0x08000447   Thumb Code     0  startup_stm32h723xx.o(.text)
    DMAMUX1_OVR_IRQHandler                   0x08000447   Thumb Code     0  startup_stm32h723xx.o(.text)
    DMAMUX2_OVR_IRQHandler                   0x08000447   Thumb Code     0  startup_stm32h723xx.o(.text)
    DTS_IRQHandler                           0x08000447   Thumb Code     0  startup_stm32h723xx.o(.text)
    ECC_IRQHandler                           0x08000447   Thumb Code     0  startup_stm32h723xx.o(.text)
    ETH_IRQHandler                           0x08000447   Thumb Code     0  startup_stm32h723xx.o(.text)
    ETH_WKUP_IRQHandler                      0x08000447   Thumb Code     0  startup_stm32h723xx.o(.text)
    EXTI0_IRQHandler                         0x08000447   Thumb Code     0  startup_stm32h723xx.o(.text)
    EXTI15_10_IRQHandler                     0x08000447   Thumb Code     0  startup_stm32h723xx.o(.text)
    EXTI1_IRQHandler                         0x08000447   Thumb Code     0  startup_stm32h723xx.o(.text)
    EXTI2_IRQHandler                         0x08000447   Thumb Code     0  startup_stm32h723xx.o(.text)
    EXTI3_IRQHandler                         0x08000447   Thumb Code     0  startup_stm32h723xx.o(.text)
    EXTI4_IRQHandler                         0x08000447   Thumb Code     0  startup_stm32h723xx.o(.text)
    EXTI9_5_IRQHandler                       0x08000447   Thumb Code     0  startup_stm32h723xx.o(.text)
    FDCAN2_IT0_IRQHandler                    0x08000447   Thumb Code     0  startup_stm32h723xx.o(.text)
    FDCAN2_IT1_IRQHandler                    0x08000447   Thumb Code     0  startup_stm32h723xx.o(.text)
    FDCAN3_IT0_IRQHandler                    0x08000447   Thumb Code     0  startup_stm32h723xx.o(.text)
    FDCAN3_IT1_IRQHandler                    0x08000447   Thumb Code     0  startup_stm32h723xx.o(.text)
    FDCAN_CAL_IRQHandler                     0x08000447   Thumb Code     0  startup_stm32h723xx.o(.text)
    FLASH_IRQHandler                         0x08000447   Thumb Code     0  startup_stm32h723xx.o(.text)
    FMAC_IRQHandler                          0x08000447   Thumb Code     0  startup_stm32h723xx.o(.text)
    FMC_IRQHandler                           0x08000447   Thumb Code     0  startup_stm32h723xx.o(.text)
    FPU_IRQHandler                           0x08000447   Thumb Code     0  startup_stm32h723xx.o(.text)
    HSEM1_IRQHandler                         0x08000447   Thumb Code     0  startup_stm32h723xx.o(.text)
    I2C1_ER_IRQHandler                       0x08000447   Thumb Code     0  startup_stm32h723xx.o(.text)
    I2C1_EV_IRQHandler                       0x08000447   Thumb Code     0  startup_stm32h723xx.o(.text)
    I2C2_ER_IRQHandler                       0x08000447   Thumb Code     0  startup_stm32h723xx.o(.text)
    I2C2_EV_IRQHandler                       0x08000447   Thumb Code     0  startup_stm32h723xx.o(.text)
    I2C3_ER_IRQHandler                       0x08000447   Thumb Code     0  startup_stm32h723xx.o(.text)
    I2C3_EV_IRQHandler                       0x08000447   Thumb Code     0  startup_stm32h723xx.o(.text)
    I2C4_ER_IRQHandler                       0x08000447   Thumb Code     0  startup_stm32h723xx.o(.text)
    I2C4_EV_IRQHandler                       0x08000447   Thumb Code     0  startup_stm32h723xx.o(.text)
    I2C5_ER_IRQHandler                       0x08000447   Thumb Code     0  startup_stm32h723xx.o(.text)
    I2C5_EV_IRQHandler                       0x08000447   Thumb Code     0  startup_stm32h723xx.o(.text)
    LPTIM1_IRQHandler                        0x08000447   Thumb Code     0  startup_stm32h723xx.o(.text)
    LPTIM2_IRQHandler                        0x08000447   Thumb Code     0  startup_stm32h723xx.o(.text)
    LPTIM3_IRQHandler                        0x08000447   Thumb Code     0  startup_stm32h723xx.o(.text)
    LPTIM4_IRQHandler                        0x08000447   Thumb Code     0  startup_stm32h723xx.o(.text)
    LPTIM5_IRQHandler                        0x08000447   Thumb Code     0  startup_stm32h723xx.o(.text)
    LPUART1_IRQHandler                       0x08000447   Thumb Code     0  startup_stm32h723xx.o(.text)
    LTDC_ER_IRQHandler                       0x08000447   Thumb Code     0  startup_stm32h723xx.o(.text)
    LTDC_IRQHandler                          0x08000447   Thumb Code     0  startup_stm32h723xx.o(.text)
    MDIOS_IRQHandler                         0x08000447   Thumb Code     0  startup_stm32h723xx.o(.text)
    MDIOS_WKUP_IRQHandler                    0x08000447   Thumb Code     0  startup_stm32h723xx.o(.text)
    MDMA_IRQHandler                          0x08000447   Thumb Code     0  startup_stm32h723xx.o(.text)
    OCTOSPI1_IRQHandler                      0x08000447   Thumb Code     0  startup_stm32h723xx.o(.text)
    OCTOSPI2_IRQHandler                      0x08000447   Thumb Code     0  startup_stm32h723xx.o(.text)
    OTG_HS_EP1_IN_IRQHandler                 0x08000447   Thumb Code     0  startup_stm32h723xx.o(.text)
    OTG_HS_EP1_OUT_IRQHandler                0x08000447   Thumb Code     0  startup_stm32h723xx.o(.text)
    OTG_HS_IRQHandler                        0x08000447   Thumb Code     0  startup_stm32h723xx.o(.text)
    OTG_HS_WKUP_IRQHandler                   0x08000447   Thumb Code     0  startup_stm32h723xx.o(.text)
    PVD_AVD_IRQHandler                       0x08000447   Thumb Code     0  startup_stm32h723xx.o(.text)
    RCC_IRQHandler                           0x08000447   Thumb Code     0  startup_stm32h723xx.o(.text)
    RNG_IRQHandler                           0x08000447   Thumb Code     0  startup_stm32h723xx.o(.text)
    RTC_Alarm_IRQHandler                     0x08000447   Thumb Code     0  startup_stm32h723xx.o(.text)
    RTC_WKUP_IRQHandler                      0x08000447   Thumb Code     0  startup_stm32h723xx.o(.text)
    SAI1_IRQHandler                          0x08000447   Thumb Code     0  startup_stm32h723xx.o(.text)
    SAI4_IRQHandler                          0x08000447   Thumb Code     0  startup_stm32h723xx.o(.text)
    SDMMC1_IRQHandler                        0x08000447   Thumb Code     0  startup_stm32h723xx.o(.text)
    SDMMC2_IRQHandler                        0x08000447   Thumb Code     0  startup_stm32h723xx.o(.text)
    SPDIF_RX_IRQHandler                      0x08000447   Thumb Code     0  startup_stm32h723xx.o(.text)
    SPI1_IRQHandler                          0x08000447   Thumb Code     0  startup_stm32h723xx.o(.text)
    SPI2_IRQHandler                          0x08000447   Thumb Code     0  startup_stm32h723xx.o(.text)
    SPI3_IRQHandler                          0x08000447   Thumb Code     0  startup_stm32h723xx.o(.text)
    SPI4_IRQHandler                          0x08000447   Thumb Code     0  startup_stm32h723xx.o(.text)
    SPI5_IRQHandler                          0x08000447   Thumb Code     0  startup_stm32h723xx.o(.text)
    SPI6_IRQHandler                          0x08000447   Thumb Code     0  startup_stm32h723xx.o(.text)
    SWPMI1_IRQHandler                        0x08000447   Thumb Code     0  startup_stm32h723xx.o(.text)
    TAMP_STAMP_IRQHandler                    0x08000447   Thumb Code     0  startup_stm32h723xx.o(.text)
    TIM15_IRQHandler                         0x08000447   Thumb Code     0  startup_stm32h723xx.o(.text)
    TIM16_IRQHandler                         0x08000447   Thumb Code     0  startup_stm32h723xx.o(.text)
    TIM17_IRQHandler                         0x08000447   Thumb Code     0  startup_stm32h723xx.o(.text)
    TIM1_BRK_IRQHandler                      0x08000447   Thumb Code     0  startup_stm32h723xx.o(.text)
    TIM1_CC_IRQHandler                       0x08000447   Thumb Code     0  startup_stm32h723xx.o(.text)
    TIM1_TRG_COM_IRQHandler                  0x08000447   Thumb Code     0  startup_stm32h723xx.o(.text)
    TIM1_UP_IRQHandler                       0x08000447   Thumb Code     0  startup_stm32h723xx.o(.text)
    TIM24_IRQHandler                         0x08000447   Thumb Code     0  startup_stm32h723xx.o(.text)
    TIM2_IRQHandler                          0x08000447   Thumb Code     0  startup_stm32h723xx.o(.text)
    TIM3_IRQHandler                          0x08000447   Thumb Code     0  startup_stm32h723xx.o(.text)
    TIM4_IRQHandler                          0x08000447   Thumb Code     0  startup_stm32h723xx.o(.text)
    TIM5_IRQHandler                          0x08000447   Thumb Code     0  startup_stm32h723xx.o(.text)
    TIM7_IRQHandler                          0x08000447   Thumb Code     0  startup_stm32h723xx.o(.text)
    TIM8_BRK_TIM12_IRQHandler                0x08000447   Thumb Code     0  startup_stm32h723xx.o(.text)
    TIM8_CC_IRQHandler                       0x08000447   Thumb Code     0  startup_stm32h723xx.o(.text)
    TIM8_TRG_COM_TIM14_IRQHandler            0x08000447   Thumb Code     0  startup_stm32h723xx.o(.text)
    TIM8_UP_TIM13_IRQHandler                 0x08000447   Thumb Code     0  startup_stm32h723xx.o(.text)
    UART4_IRQHandler                         0x08000447   Thumb Code     0  startup_stm32h723xx.o(.text)
    UART5_IRQHandler                         0x08000447   Thumb Code     0  startup_stm32h723xx.o(.text)
    UART8_IRQHandler                         0x08000447   Thumb Code     0  startup_stm32h723xx.o(.text)
    UART9_IRQHandler                         0x08000447   Thumb Code     0  startup_stm32h723xx.o(.text)
    USART10_IRQHandler                       0x08000447   Thumb Code     0  startup_stm32h723xx.o(.text)
    USART2_IRQHandler                        0x08000447   Thumb Code     0  startup_stm32h723xx.o(.text)
    USART3_IRQHandler                        0x08000447   Thumb Code     0  startup_stm32h723xx.o(.text)
    USART6_IRQHandler                        0x08000447   Thumb Code     0  startup_stm32h723xx.o(.text)
    WAKEUP_PIN_IRQHandler                    0x08000447   Thumb Code     0  startup_stm32h723xx.o(.text)
    WWDG_IRQHandler                          0x08000447   Thumb Code     0  startup_stm32h723xx.o(.text)
    __user_initial_stackheap                 0x08000449   Thumb Code     0  startup_stm32h723xx.o(.text)
    __aeabi_uldivmod                         0x0800046d   Thumb Code     0  lludivv7m.o(.text)
    _ll_udiv                                 0x0800046d   Thumb Code   238  lludivv7m.o(.text)
    __aeabi_memcpy4                          0x0800055b   Thumb Code     0  rt_memcpy_w.o(.text)
    __aeabi_memcpy8                          0x0800055b   Thumb Code     0  rt_memcpy_w.o(.text)
    __rt_memcpy_w                            0x0800055b   Thumb Code   100  rt_memcpy_w.o(.text)
    _memcpy_lastbytes_aligned                0x080005a3   Thumb Code     0  rt_memcpy_w.o(.text)
    __aeabi_memclr4                          0x080005bf   Thumb Code     0  rt_memclr_w.o(.text)
    __aeabi_memclr8                          0x080005bf   Thumb Code     0  rt_memclr_w.o(.text)
    __rt_memclr_w                            0x080005bf   Thumb Code    78  rt_memclr_w.o(.text)
    _memset_w                                0x080005c3   Thumb Code     0  rt_memclr_w.o(.text)
    __use_two_region_memory                  0x0800060d   Thumb Code     2  heapauxi.o(.text)
    __rt_heap_escrow$2region                 0x0800060f   Thumb Code     2  heapauxi.o(.text)
    __rt_heap_expand$2region                 0x08000611   Thumb Code     2  heapauxi.o(.text)
    __user_libspace                          0x08000615   Thumb Code     8  libspace.o(.text)
    __user_perproc_libspace                  0x08000615   Thumb Code     0  libspace.o(.text)
    __user_perthread_libspace                0x08000615   Thumb Code     0  libspace.o(.text)
    __user_setup_stackheap                   0x0800061d   Thumb Code    74  sys_stackheap_outer.o(.text)
    exit                                     0x08000667   Thumb Code    18  exit.o(.text)
    _sys_exit                                0x08000679   Thumb Code     8  sys_exit.o(.text)
    __I$use$semihosting                      0x08000685   Thumb Code     0  use_no_semi.o(.text)
    __use_no_semihosting_swi                 0x08000685   Thumb Code     2  use_no_semi.o(.text)
    BusFault_Handler                         0x08000687   Thumb Code     2  stm32h7xx_it.o(i.BusFault_Handler)
    __semihosting_library_function           0x08000687   Thumb Code     0  indicate_semi.o(.text)
    DMA1_Stream0_IRQHandler                  0x08000689   Thumb Code     6  stm32h7xx_it.o(i.DMA1_Stream0_IRQHandler)
    DMA1_Stream1_IRQHandler                  0x08000695   Thumb Code     6  stm32h7xx_it.o(i.DMA1_Stream1_IRQHandler)
    DMA1_Stream2_IRQHandler                  0x080006a1   Thumb Code     6  stm32h7xx_it.o(i.DMA1_Stream2_IRQHandler)
    DMA1_Stream3_IRQHandler                  0x080006ad   Thumb Code     6  stm32h7xx_it.o(i.DMA1_Stream3_IRQHandler)
    DebugMon_Handler                         0x08000af1   Thumb Code     2  stm32h7xx_it.o(i.DebugMon_Handler)
    Error_Handler                            0x08000af3   Thumb Code     4  main.o(i.Error_Handler)
    FDCAN1_IT0_IRQHandler                    0x08000af9   Thumb Code     6  stm32h7xx_it.o(i.FDCAN1_IT0_IRQHandler)
    FDCAN1_IT1_IRQHandler                    0x08000b05   Thumb Code     6  stm32h7xx_it.o(i.FDCAN1_IT1_IRQHandler)
    FillServoPacket_LOAD                     0x08000cd9   Thumb Code    30  servo_mapping.o(i.FillServoPacket_LOAD)
    Get_Keynum                               0x08000cf9   Thumb Code    32  servo_mapping.o(i.Get_Keynum)
    HAL_DMA_Abort                            0x08000d25   Thumb Code   836  stm32h7xx_hal_dma.o(i.HAL_DMA_Abort)
    HAL_DMA_Abort_IT                         0x08001085   Thumb Code   602  stm32h7xx_hal_dma.o(i.HAL_DMA_Abort_IT)
    HAL_DMA_IRQHandler                       0x08001309   Thumb Code  1756  stm32h7xx_hal_dma.o(i.HAL_DMA_IRQHandler)
    HAL_DMA_Init                             0x080019f1   Thumb Code   922  stm32h7xx_hal_dma.o(i.HAL_DMA_Init)
    HAL_DMA_Start_IT                         0x08001dad   Thumb Code   628  stm32h7xx_hal_dma.o(i.HAL_DMA_Start_IT)
    HAL_Delay                                0x08002049   Thumb Code    32  stm32h7xx_hal.o(i.HAL_Delay)
    HAL_FDCAN_ActivateNotification           0x0800206d   Thumb Code   126  stm32h7xx_hal_fdcan.o(i.HAL_FDCAN_ActivateNotification)
    HAL_FDCAN_ClockCalibrationCallback       0x080020f5   Thumb Code     2  stm32h7xx_hal_fdcan.o(i.HAL_FDCAN_ClockCalibrationCallback)
    HAL_FDCAN_ConfigFifoWatermark            0x080020f7   Thumb Code    90  stm32h7xx_hal_fdcan.o(i.HAL_FDCAN_ConfigFifoWatermark)
    HAL_FDCAN_ConfigFilter                   0x08002151   Thumb Code   126  stm32h7xx_hal_fdcan.o(i.HAL_FDCAN_ConfigFilter)
    HAL_FDCAN_ConfigGlobalFilter             0x080021cf   Thumb Code    50  stm32h7xx_hal_fdcan.o(i.HAL_FDCAN_ConfigGlobalFilter)
    HAL_FDCAN_ErrorCallback                  0x08002201   Thumb Code     2  stm32h7xx_hal_fdcan.o(i.HAL_FDCAN_ErrorCallback)
    HAL_FDCAN_ErrorStatusCallback            0x08002203   Thumb Code     2  stm32h7xx_hal_fdcan.o(i.HAL_FDCAN_ErrorStatusCallback)
    HAL_FDCAN_GetRxMessage                   0x08002205   Thumb Code   400  stm32h7xx_hal_fdcan.o(i.HAL_FDCAN_GetRxMessage)
    HAL_FDCAN_HighPriorityMessageCallback    0x08002399   Thumb Code     2  stm32h7xx_hal_fdcan.o(i.HAL_FDCAN_HighPriorityMessageCallback)
    HAL_FDCAN_IRQHandler                     0x0800239d   Thumb Code   788  stm32h7xx_hal_fdcan.o(i.HAL_FDCAN_IRQHandler)
    HAL_FDCAN_Init                           0x080026bd   Thumb Code   572  stm32h7xx_hal_fdcan.o(i.HAL_FDCAN_Init)
    HAL_FDCAN_MspInit                        0x08002901   Thumb Code   156  fdcan.o(i.HAL_FDCAN_MspInit)
    HAL_FDCAN_RxBufferNewMessageCallback     0x080029a9   Thumb Code     2  stm32h7xx_hal_fdcan.o(i.HAL_FDCAN_RxBufferNewMessageCallback)
    HAL_FDCAN_RxFifo0Callback                0x080029ad   Thumb Code    12  bsp_fdcan.o(i.HAL_FDCAN_RxFifo0Callback)
    HAL_FDCAN_RxFifo1Callback                0x080029bd   Thumb Code     2  stm32h7xx_hal_fdcan.o(i.HAL_FDCAN_RxFifo1Callback)
    HAL_FDCAN_Start                          0x080029bf   Thumb Code    50  stm32h7xx_hal_fdcan.o(i.HAL_FDCAN_Start)
    HAL_FDCAN_TT_GlobalTimeCallback          0x080029f1   Thumb Code     2  stm32h7xx_hal_fdcan.o(i.HAL_FDCAN_TT_GlobalTimeCallback)
    HAL_FDCAN_TT_ScheduleSyncCallback        0x080029f3   Thumb Code     2  stm32h7xx_hal_fdcan.o(i.HAL_FDCAN_TT_ScheduleSyncCallback)
    HAL_FDCAN_TT_StopWatchCallback           0x080029f5   Thumb Code     2  stm32h7xx_hal_fdcan.o(i.HAL_FDCAN_TT_StopWatchCallback)
    HAL_FDCAN_TT_TimeMarkCallback            0x080029f7   Thumb Code     2  stm32h7xx_hal_fdcan.o(i.HAL_FDCAN_TT_TimeMarkCallback)
    HAL_FDCAN_TimeoutOccurredCallback        0x080029f9   Thumb Code     2  stm32h7xx_hal_fdcan.o(i.HAL_FDCAN_TimeoutOccurredCallback)
    HAL_FDCAN_TimestampWraparoundCallback    0x080029fb   Thumb Code     2  stm32h7xx_hal_fdcan.o(i.HAL_FDCAN_TimestampWraparoundCallback)
    HAL_FDCAN_TxBufferAbortCallback          0x080029fd   Thumb Code     2  stm32h7xx_hal_fdcan.o(i.HAL_FDCAN_TxBufferAbortCallback)
    HAL_FDCAN_TxBufferCompleteCallback       0x080029ff   Thumb Code     2  stm32h7xx_hal_fdcan.o(i.HAL_FDCAN_TxBufferCompleteCallback)
    HAL_FDCAN_TxEventFifoCallback            0x08002a01   Thumb Code     2  stm32h7xx_hal_fdcan.o(i.HAL_FDCAN_TxEventFifoCallback)
    HAL_FDCAN_TxFifoEmptyCallback            0x08002a03   Thumb Code     2  stm32h7xx_hal_fdcan.o(i.HAL_FDCAN_TxFifoEmptyCallback)
    HAL_GPIO_Init                            0x08002a05   Thumb Code   496  stm32h7xx_hal_gpio.o(i.HAL_GPIO_Init)
    HAL_GPIO_ReadPin                         0x08002c21   Thumb Code    10  stm32h7xx_hal_gpio.o(i.HAL_GPIO_ReadPin)
    HAL_GPIO_WritePin                        0x08002c2b   Thumb Code    10  stm32h7xx_hal_gpio.o(i.HAL_GPIO_WritePin)
    HAL_GetTick                              0x08002c35   Thumb Code     6  stm32h7xx_hal.o(i.HAL_GetTick)
    HAL_IncTick                              0x08002c41   Thumb Code    12  stm32h7xx_hal.o(i.HAL_IncTick)
    HAL_Init                                 0x08002c51   Thumb Code    74  stm32h7xx_hal.o(i.HAL_Init)
    HAL_InitTick                             0x08002cad   Thumb Code   110  stm32h7xx_hal_timebase_tim.o(i.HAL_InitTick)
    HAL_MspInit                              0x08002d31   Thumb Code    32  stm32h7xx_hal_msp.o(i.HAL_MspInit)
    HAL_NVIC_EnableIRQ                       0x08002d55   Thumb Code    26  stm32h7xx_hal_cortex.o(i.HAL_NVIC_EnableIRQ)
    HAL_NVIC_SetPriority                     0x08002d71   Thumb Code    60  stm32h7xx_hal_cortex.o(i.HAL_NVIC_SetPriority)
    HAL_NVIC_SetPriorityGrouping             0x08002db1   Thumb Code    28  stm32h7xx_hal_cortex.o(i.HAL_NVIC_SetPriorityGrouping)
    HAL_PWREx_ConfigSupply                   0x08002dd5   Thumb Code    78  stm32h7xx_hal_pwr_ex.o(i.HAL_PWREx_ConfigSupply)
    HAL_RCCEx_GetD3PCLK1Freq                 0x08002e29   Thumb Code    26  stm32h7xx_hal_rcc_ex.o(i.HAL_RCCEx_GetD3PCLK1Freq)
    HAL_RCCEx_GetPLL2ClockFreq               0x08002e4d   Thumb Code   296  stm32h7xx_hal_rcc_ex.o(i.HAL_RCCEx_GetPLL2ClockFreq)
    HAL_RCCEx_GetPLL3ClockFreq               0x08002f91   Thumb Code   296  stm32h7xx_hal_rcc_ex.o(i.HAL_RCCEx_GetPLL3ClockFreq)
    HAL_RCCEx_PeriphCLKConfig                0x080030d5   Thumb Code  2362  stm32h7xx_hal_rcc_ex.o(i.HAL_RCCEx_PeriphCLKConfig)
    HAL_RCC_ClockConfig                      0x08003a11   Thumb Code   580  stm32h7xx_hal_rcc.o(i.HAL_RCC_ClockConfig)
    HAL_RCC_GetClockConfig                   0x08003c6d   Thumb Code    84  stm32h7xx_hal_rcc.o(i.HAL_RCC_GetClockConfig)
    HAL_RCC_GetHCLKFreq                      0x08003cc9   Thumb Code    52  stm32h7xx_hal_rcc.o(i.HAL_RCC_GetHCLKFreq)
    HAL_RCC_GetPCLK1Freq                     0x08003d0d   Thumb Code    26  stm32h7xx_hal_rcc.o(i.HAL_RCC_GetPCLK1Freq)
    HAL_RCC_GetPCLK2Freq                     0x08003d31   Thumb Code    26  stm32h7xx_hal_rcc.o(i.HAL_RCC_GetPCLK2Freq)
    HAL_RCC_GetSysClockFreq                  0x08003d55   Thumb Code   278  stm32h7xx_hal_rcc.o(i.HAL_RCC_GetSysClockFreq)
    HAL_RCC_OscConfig                        0x08003e8d   Thumb Code  1318  stm32h7xx_hal_rcc.o(i.HAL_RCC_OscConfig)
    HAL_SPI_Init                             0x080043b5   Thumb Code   366  stm32h7xx_hal_spi.o(i.HAL_SPI_Init)
    HAL_SPI_MspInit                          0x08004531   Thumb Code   126  spi.o(i.HAL_SPI_MspInit)
    HAL_SPI_Transmit                         0x080045bd   Thumb Code   590  stm32h7xx_hal_spi.o(i.HAL_SPI_Transmit)
    HAL_TIMEx_Break2Callback                 0x0800480b   Thumb Code     2  stm32h7xx_hal_tim_ex.o(i.HAL_TIMEx_Break2Callback)
    HAL_TIMEx_BreakCallback                  0x0800480d   Thumb Code     2  stm32h7xx_hal_tim_ex.o(i.HAL_TIMEx_BreakCallback)
    HAL_TIMEx_CommutCallback                 0x0800480f   Thumb Code     2  stm32h7xx_hal_tim_ex.o(i.HAL_TIMEx_CommutCallback)
    HAL_TIMEx_MasterConfigSynchronization    0x08004811   Thumb Code   146  stm32h7xx_hal_tim_ex.o(i.HAL_TIMEx_MasterConfigSynchronization)
    HAL_TIM_Base_Init                        0x080048c9   Thumb Code    98  stm32h7xx_hal_tim.o(i.HAL_TIM_Base_Init)
    HAL_TIM_Base_MspInit                     0x0800492d   Thumb Code    50  tim.o(i.HAL_TIM_Base_MspInit)
    HAL_TIM_Base_Start_IT                    0x08004969   Thumb Code   118  stm32h7xx_hal_tim.o(i.HAL_TIM_Base_Start_IT)
    HAL_TIM_IC_CaptureCallback               0x08004a09   Thumb Code     2  stm32h7xx_hal_tim.o(i.HAL_TIM_IC_CaptureCallback)
    HAL_TIM_IRQHandler                       0x08004a0b   Thumb Code   386  stm32h7xx_hal_tim.o(i.HAL_TIM_IRQHandler)
    HAL_TIM_OC_DelayElapsedCallback          0x08004b8d   Thumb Code     2  stm32h7xx_hal_tim.o(i.HAL_TIM_OC_DelayElapsedCallback)
    HAL_TIM_PWM_PulseFinishedCallback        0x08004b8f   Thumb Code     2  stm32h7xx_hal_tim.o(i.HAL_TIM_PWM_PulseFinishedCallback)
    HAL_TIM_PeriodElapsedCallback            0x08004b91   Thumb Code    42  main.o(i.HAL_TIM_PeriodElapsedCallback)
    HAL_TIM_TriggerCallback                  0x08004bc5   Thumb Code     2  stm32h7xx_hal_tim.o(i.HAL_TIM_TriggerCallback)
    HAL_UARTEx_DisableFifoMode               0x08004bc7   Thumb Code    64  stm32h7xx_hal_uart_ex.o(i.HAL_UARTEx_DisableFifoMode)
    HAL_UARTEx_ReceiveToIdle_DMA             0x08004c07   Thumb Code    74  stm32h7xx_hal_uart_ex.o(i.HAL_UARTEx_ReceiveToIdle_DMA)
    HAL_UARTEx_RxEventCallback               0x08004c51   Thumb Code   106  main.o(i.HAL_UARTEx_RxEventCallback)
    HAL_UARTEx_RxFifoFullCallback            0x08004ccd   Thumb Code     2  stm32h7xx_hal_uart_ex.o(i.HAL_UARTEx_RxFifoFullCallback)
    HAL_UARTEx_SetRxFifoThreshold            0x08004ccf   Thumb Code    76  stm32h7xx_hal_uart_ex.o(i.HAL_UARTEx_SetRxFifoThreshold)
    HAL_UARTEx_SetTxFifoThreshold            0x08004d1b   Thumb Code    76  stm32h7xx_hal_uart_ex.o(i.HAL_UARTEx_SetTxFifoThreshold)
    HAL_UARTEx_TxFifoEmptyCallback           0x08004d67   Thumb Code     2  stm32h7xx_hal_uart_ex.o(i.HAL_UARTEx_TxFifoEmptyCallback)
    HAL_UARTEx_WakeupCallback                0x08004d69   Thumb Code     2  stm32h7xx_hal_uart_ex.o(i.HAL_UARTEx_WakeupCallback)
    HAL_UART_ErrorCallback                   0x08004d6d   Thumb Code    60  main.o(i.HAL_UART_ErrorCallback)
    HAL_UART_IRQHandler                      0x08004dbd   Thumb Code   878  stm32h7xx_hal_uart.o(i.HAL_UART_IRQHandler)
    HAL_UART_Init                            0x08005145   Thumb Code   106  stm32h7xx_hal_uart.o(i.HAL_UART_Init)
    HAL_UART_MspInit                         0x080051b1   Thumb Code   448  usart.o(i.HAL_UART_MspInit)
    HAL_UART_RxCpltCallback                  0x08005391   Thumb Code     2  stm32h7xx_hal_uart.o(i.HAL_UART_RxCpltCallback)
    HAL_UART_RxHalfCpltCallback              0x08005393   Thumb Code     2  stm32h7xx_hal_uart.o(i.HAL_UART_RxHalfCpltCallback)
    HAL_UART_Transmit_DMA                    0x08005395   Thumb Code   132  stm32h7xx_hal_uart.o(i.HAL_UART_Transmit_DMA)
    HAL_UART_TxCpltCallback                  0x08005425   Thumb Code     2  stm32h7xx_hal_uart.o(i.HAL_UART_TxCpltCallback)
    HAL_UART_TxHalfCpltCallback              0x08005427   Thumb Code     2  stm32h7xx_hal_uart.o(i.HAL_UART_TxHalfCpltCallback)
    HardFault_Handler                        0x08005429   Thumb Code     2  stm32h7xx_it.o(i.HardFault_Handler)
    LedTask                                  0x0800542b   Thumb Code    16  freertos.o(i.LedTask)
    MX_DMA_Init                              0x0800543d   Thumb Code    88  dma.o(i.MX_DMA_Init)
    MX_FDCAN1_Init                           0x08005499   Thumb Code   106  fdcan.o(i.MX_FDCAN1_Init)
    MX_FREERTOS_Init                         0x0800550d   Thumb Code    86  freertos.o(i.MX_FREERTOS_Init)
    MX_GPIO_Init                             0x0800556d   Thumb Code   148  gpio.o(i.MX_GPIO_Init)
    MX_SPI6_Init                             0x0800560d   Thumb Code    90  spi.o(i.MX_SPI6_Init)
    MX_TIM6_Init                             0x08005671   Thumb Code    62  tim.o(i.MX_TIM6_Init)
    MX_UART7_Init                            0x080056b9   Thumb Code    94  usart.o(i.MX_UART7_Init)
    MX_USART1_UART_Init                      0x08005721   Thumb Code    94  usart.o(i.MX_USART1_UART_Init)
    MemManage_Handler                        0x08005789   Thumb Code     2  stm32h7xx_it.o(i.MemManage_Handler)
    NMI_Handler                              0x0800578b   Thumb Code     2  stm32h7xx_it.o(i.NMI_Handler)
    Robot_TASK                               0x080059cd   Thumb Code    18  freertos.o(i.Robot_TASK)
    Robot_Task                               0x080059df   Thumb Code     2  servo_mapping.o(i.Robot_Task)
    Servo_Mapping_Init                       0x08005ae5   Thumb Code   156  servo_mapping.o(i.Servo_Mapping_Init)
    Servo_TASK                               0x08005b8d   Thumb Code    12  freertos.o(i.Servo_TASK)
    Servo_Task                               0x08005b99   Thumb Code     2  servo_mapping.o(i.Servo_Task)
    SysTick_Handler                          0x08005b9d   Thumb Code    38  port.o(i.SysTick_Handler)
    SystemClock_Config                       0x08005bc9   Thumb Code   146  main.o(i.SystemClock_Config)
    SystemInit                               0x08005c61   Thumb Code   158  system_stm32h7xx.o(i.SystemInit)
    TIM23_IRQHandler                         0x08005d21   Thumb Code     6  stm32h7xx_it.o(i.TIM23_IRQHandler)
    TIM6_DAC_IRQHandler                      0x08005d2d   Thumb Code     6  stm32h7xx_it.o(i.TIM6_DAC_IRQHandler)
    TIM_Base_SetConfig                       0x08005d39   Thumb Code   174  stm32h7xx_hal_tim.o(i.TIM_Base_SetConfig)
    TaskFrequencyCheck                       0x08005e11   Thumb Code    30  servo_mapping.o(i.TaskFrequencyCheck)
    TaskFrequencycount                       0x08005e35   Thumb Code    28  servo_mapping.o(i.TaskFrequencycount)
    UART7_IRQHandler                         0x08005e55   Thumb Code     6  stm32h7xx_it.o(i.UART7_IRQHandler)
    UART_AdvFeatureConfig                    0x08005ea5   Thumb Code   200  stm32h7xx_hal_uart.o(i.UART_AdvFeatureConfig)
    UART_CheckIdleState                      0x08005f6d   Thumb Code   170  stm32h7xx_hal_uart.o(i.UART_CheckIdleState)
    UART_SetConfig                           0x080061e9   Thumb Code   914  stm32h7xx_hal_uart.o(i.UART_SetConfig)
    UART_Start_Receive_DMA                   0x080065c5   Thumb Code   156  stm32h7xx_hal_uart.o(i.UART_Start_Receive_DMA)
    UART_WaitOnFlagUntilTimeout              0x0800666d   Thumb Code   140  stm32h7xx_hal_uart.o(i.UART_WaitOnFlagUntilTimeout)
    USART1_IRQHandler                        0x080066f9   Thumb Code     6  stm32h7xx_it.o(i.USART1_IRQHandler)
    UsageFault_Handler                       0x08006705   Thumb Code     2  stm32h7xx_it.o(i.UsageFault_Handler)
    WS2812_Ctrl                              0x08006709   Thumb Code   150  ws2812.o(i.WS2812_Ctrl)
    bsp_can_init                             0x080067c9   Thumb Code    26  bsp_fdcan.o(i.bsp_can_init)
    can_filter_init                          0x080067e9   Thumb Code    62  bsp_fdcan.o(i.can_filter_init)
    fdcan1_rx_callback                       0x0800682d   Thumb Code    10  bsp_fdcan.o(i.fdcan1_rx_callback)
    fdcanx_receive                           0x08006841   Thumb Code    44  bsp_fdcan.o(i.fdcanx_receive)
    main                                     0x0800686d   Thumb Code    82  main.o(i.main)
    motor_mapping_init                       0x080068e1   Thumb Code    42  servo_mapping.o(i.motor_mapping_init)
    osDelay                                  0x08006911   Thumb Code    14  cmsis_os.o(i.osDelay)
    osKernelStart                            0x0800691f   Thumb Code    10  cmsis_os.o(i.osKernelStart)
    osThreadCreate                           0x08006929   Thumb Code    84  cmsis_os.o(i.osThreadCreate)
    pvPortMalloc                             0x08006cd1   Thumb Code   216  heap_4.o(i.pvPortMalloc)
    pxPortInitialiseStack                    0x08006dad   Thumb Code    42  port.o(i.pxPortInitialiseStack)
    uxListRemove                             0x08006ddd   Thumb Code    38  list.o(i.uxListRemove)
    vApplicationGetIdleTaskMemory            0x08006e05   Thumb Code    18  freertos.o(i.vApplicationGetIdleTaskMemory)
    vListInitialise                          0x08006e1d   Thumb Code    22  list.o(i.vListInitialise)
    vListInitialiseItem                      0x08006e33   Thumb Code     6  list.o(i.vListInitialiseItem)
    vListInsert                              0x08006e39   Thumb Code    48  list.o(i.vListInsert)
    vListInsertEnd                           0x08006e69   Thumb Code    24  list.o(i.vListInsertEnd)
    vPortEnterCritical                       0x08006e81   Thumb Code    54  port.o(i.vPortEnterCritical)
    vPortExitCritical                        0x08006ec1   Thumb Code    34  port.o(i.vPortExitCritical)
    vPortFree                                0x08006ee9   Thumb Code    94  heap_4.o(i.vPortFree)
    vPortSetupTimerInterrupt                 0x08006f4d   Thumb Code    32  port.o(i.vPortSetupTimerInterrupt)
    vTaskDelay                               0x08006f71   Thumb Code    66  tasks.o(i.vTaskDelay)
    vTaskStartScheduler                      0x08006fbd   Thumb Code    90  tasks.o(i.vTaskStartScheduler)
    vTaskSuspendAll                          0x08007029   Thumb Code    10  tasks.o(i.vTaskSuspendAll)
    vTaskSwitchContext                       0x08007039   Thumb Code    82  tasks.o(i.vTaskSwitchContext)
    ws2812_task                              0x08007095   Thumb Code    66  safewarning.o(i.ws2812_task)
    xPortStartScheduler                      0x080070dd   Thumb Code   222  port.o(i.xPortStartScheduler)
    xTaskCreate                              0x080071d1   Thumb Code    90  tasks.o(i.xTaskCreate)
    xTaskCreateStatic                        0x0800722b   Thumb Code    86  tasks.o(i.xTaskCreateStatic)
    xTaskIncrementTick                       0x08007281   Thumb Code   194  tasks.o(i.xTaskIncrementTick)
    xTaskResumeAll                           0x0800734d   Thumb Code   184  tasks.o(i.xTaskResumeAll)
    _fp_init                                 0x08007411   Thumb Code    10  fpinit.o(x$fpl$fpinit)
    __fplib_config_fpu_vfp                   0x08007419   Thumb Code     0  fpinit.o(x$fpl$fpinit)
    __fplib_config_pureend_doubles           0x08007419   Thumb Code     0  fpinit.o(x$fpl$fpinit)
    UARTPrescTable                           0x080074d4   Data          24  stm32h7xx_hal_uart.o(.constdata)
    D1CorePrescTable                         0x080074fc   Data          16  system_stm32h7xx.o(.constdata)
    Region$$Table$$Base                      0x08007530   Number         0  anon$$obj.o(Region$$Table)
    Region$$Table$$Limit                     0x08007550   Number         0  anon$$obj.o(Region$$Table)
    LED_TaskHandle                           0x24000000   Data           4  freertos.o(.data)
    SERVO_TASKHandle                         0x24000004   Data           4  freertos.o(.data)
    ROBOT_TASKHandle                         0x24000008   Data           4  freertos.o(.data)
    uwTickFreq                               0x2400000c   Data           1  stm32h7xx_hal.o(.data)
    uwTickPrio                               0x24000010   Data           4  stm32h7xx_hal.o(.data)
    uwTick                                   0x24000014   Data           4  stm32h7xx_hal.o(.data)
    SystemCoreClock                          0x24000018   Data           4  system_stm32h7xx.o(.data)
    SystemD2Clock                            0x2400001c   Data           4  system_stm32h7xx.o(.data)
    pxCurrentTCB                             0x24000020   Data           4  tasks.o(.data)
    r                                        0x24000088   Data           1  safewarning.o(.data)
    g                                        0x24000089   Data           1  safewarning.o(.data)
    b                                        0x2400008a   Data           1  safewarning.o(.data)
    key_lev                                  0x2400008c   Data           1  servo_mapping.o(.data)
    frame                                    0x24000094   Data          28  servo_mapping.o(.data)
    rec_id1                                  0x240000b0   Data           2  bsp_fdcan.o(.data)
    rx_data1                                 0x240000b2   Data           8  bsp_fdcan.o(.data)
    uart7_rebuffer                           0x240000bc   Data          10  main.o(.bss)
    miro_uart7_rebuffer                      0x240000c6   Data          10  main.o(.bss)
    uart1_rebuffer                           0x240000d0   Data          10  main.o(.bss)
    hfdcan1                                  0x24000330   Data         160  fdcan.o(.bss)
    hspi6                                    0x240003d0   Data         136  spi.o(.bss)
    htim6                                    0x24000458   Data          76  tim.o(.bss)
    huart7                                   0x240004a4   Data         148  usart.o(.bss)
    huart1                                   0x24000538   Data         148  usart.o(.bss)
    hdma_uart7_rx                            0x240005cc   Data         120  usart.o(.bss)
    hdma_uart7_tx                            0x24000644   Data         120  usart.o(.bss)
    hdma_usart1_rx                           0x240006bc   Data         120  usart.o(.bss)
    hdma_usart1_tx                           0x24000734   Data         120  usart.o(.bss)
    htim23                                   0x240007ac   Data          76  stm32h7xx_hal_timebase_tim.o(.bss)
    ServoMap                                 0x240044e8   Data          14  servo_mapping.o(.bss)
    Servos                                   0x240044f8   Data          72  servo_mapping.o(.bss)
    MoterMap                                 0x24004540   Data          26  servo_mapping.o(.bss)
    LastServos                               0x2400455c   Data          72  servo_mapping.o(.bss)
    CustomController                         0x240045a4   Data          35  servo_mapping.o(.bss)
    txFrame                                  0x240045c8   Data          42  servo_mapping.o(.bss)
    taskFrequencyCheck                       0x240045f2   Data          18  servo_mapping.o(.bss)
    MotorCurrents                            0x24004604   Data          72  servo_mapping.o(.bss)
    Filtering_angle                          0x2400464c   Data          12  servo_mapping.o(.bss)
    __libspace_start                         0x24004658   Data          96  libspace.o(.bss)
    __temporary_stack_top$libspace           0x240046b8   Data           0  libspace.o(.bss)



==============================================================================

Memory Map of the image

  Image Entry point : 0x080002cd

  Load Region LR_IROM1 (Base: 0x08000000, Size: 0x0000760c, Max: 0x00100000, ABSOLUTE)

    Execution Region ER_IROM1 (Exec base: 0x08000000, Load base: 0x08000000, Size: 0x00007550, Max: 0x00100000, ABSOLUTE)

    Exec Addr    Load Addr    Size         Type   Attr      Idx    E Section Name        Object

    0x08000000   0x08000000   0x000002cc   Data   RO            3    RESET               startup_stm32h723xx.o
    0x080002cc   0x080002cc   0x00000008   Code   RO         7492  * !!!main             c_w.l(__main.o)
    0x080002d4   0x080002d4   0x00000034   Code   RO         7710    !!!scatter          c_w.l(__scatter.o)
    0x08000308   0x08000308   0x0000001a   Code   RO         7712    !!handler_copy      c_w.l(__scatter_copy.o)
    0x08000322   0x08000322   0x00000002   PAD
    0x08000324   0x08000324   0x0000001c   Code   RO         7714    !!handler_zi        c_w.l(__scatter_zi.o)
    0x08000340   0x08000340   0x00000002   Code   RO         7583    .ARM.Collect$$libinit$$00000000  c_w.l(libinit.o)
    0x08000342   0x08000342   0x00000004   Code   RO         7592    .ARM.Collect$$libinit$$00000001  c_w.l(libinit2.o)
    0x08000346   0x08000346   0x00000000   Code   RO         7595    .ARM.Collect$$libinit$$00000004  c_w.l(libinit2.o)
    0x08000346   0x08000346   0x00000000   Code   RO         7598    .ARM.Collect$$libinit$$0000000A  c_w.l(libinit2.o)
    0x08000346   0x08000346   0x00000000   Code   RO         7600    .ARM.Collect$$libinit$$0000000C  c_w.l(libinit2.o)
    0x08000346   0x08000346   0x00000000   Code   RO         7602    .ARM.Collect$$libinit$$0000000E  c_w.l(libinit2.o)
    0x08000346   0x08000346   0x00000000   Code   RO         7605    .ARM.Collect$$libinit$$00000011  c_w.l(libinit2.o)
    0x08000346   0x08000346   0x00000000   Code   RO         7607    .ARM.Collect$$libinit$$00000013  c_w.l(libinit2.o)
    0x08000346   0x08000346   0x00000000   Code   RO         7609    .ARM.Collect$$libinit$$00000015  c_w.l(libinit2.o)
    0x08000346   0x08000346   0x00000000   Code   RO         7611    .ARM.Collect$$libinit$$00000017  c_w.l(libinit2.o)
    0x08000346   0x08000346   0x00000000   Code   RO         7613    .ARM.Collect$$libinit$$00000019  c_w.l(libinit2.o)
    0x08000346   0x08000346   0x00000000   Code   RO         7615    .ARM.Collect$$libinit$$0000001B  c_w.l(libinit2.o)
    0x08000346   0x08000346   0x00000000   Code   RO         7617    .ARM.Collect$$libinit$$0000001D  c_w.l(libinit2.o)
    0x08000346   0x08000346   0x00000000   Code   RO         7619    .ARM.Collect$$libinit$$0000001F  c_w.l(libinit2.o)
    0x08000346   0x08000346   0x00000000   Code   RO         7621    .ARM.Collect$$libinit$$00000021  c_w.l(libinit2.o)
    0x08000346   0x08000346   0x00000000   Code   RO         7623    .ARM.Collect$$libinit$$00000023  c_w.l(libinit2.o)
    0x08000346   0x08000346   0x00000000   Code   RO         7625    .ARM.Collect$$libinit$$00000025  c_w.l(libinit2.o)
    0x08000346   0x08000346   0x00000000   Code   RO         7629    .ARM.Collect$$libinit$$0000002C  c_w.l(libinit2.o)
    0x08000346   0x08000346   0x00000000   Code   RO         7631    .ARM.Collect$$libinit$$0000002E  c_w.l(libinit2.o)
    0x08000346   0x08000346   0x00000000   Code   RO         7633    .ARM.Collect$$libinit$$00000030  c_w.l(libinit2.o)
    0x08000346   0x08000346   0x00000000   Code   RO         7635    .ARM.Collect$$libinit$$00000032  c_w.l(libinit2.o)
    0x08000346   0x08000346   0x00000002   Code   RO         7636    .ARM.Collect$$libinit$$00000033  c_w.l(libinit2.o)
    0x08000348   0x08000348   0x00000002   Code   RO         7667    .ARM.Collect$$libshutdown$$00000000  c_w.l(libshutdown.o)
    0x0800034a   0x0800034a   0x00000000   Code   RO         7693    .ARM.Collect$$libshutdown$$00000002  c_w.l(libshutdown2.o)
    0x0800034a   0x0800034a   0x00000000   Code   RO         7695    .ARM.Collect$$libshutdown$$00000004  c_w.l(libshutdown2.o)
    0x0800034a   0x0800034a   0x00000000   Code   RO         7698    .ARM.Collect$$libshutdown$$00000007  c_w.l(libshutdown2.o)
    0x0800034a   0x0800034a   0x00000000   Code   RO         7701    .ARM.Collect$$libshutdown$$0000000A  c_w.l(libshutdown2.o)
    0x0800034a   0x0800034a   0x00000000   Code   RO         7703    .ARM.Collect$$libshutdown$$0000000C  c_w.l(libshutdown2.o)
    0x0800034a   0x0800034a   0x00000000   Code   RO         7706    .ARM.Collect$$libshutdown$$0000000F  c_w.l(libshutdown2.o)
    0x0800034a   0x0800034a   0x00000002   Code   RO         7707    .ARM.Collect$$libshutdown$$00000010  c_w.l(libshutdown2.o)
    0x0800034c   0x0800034c   0x00000000   Code   RO         7518    .ARM.Collect$$rtentry$$00000000  c_w.l(__rtentry.o)
    0x0800034c   0x0800034c   0x00000000   Code   RO         7546    .ARM.Collect$$rtentry$$00000002  c_w.l(__rtentry2.o)
    0x0800034c   0x0800034c   0x00000006   Code   RO         7558    .ARM.Collect$$rtentry$$00000004  c_w.l(__rtentry4.o)
    0x08000352   0x08000352   0x00000000   Code   RO         7548    .ARM.Collect$$rtentry$$00000009  c_w.l(__rtentry2.o)
    0x08000352   0x08000352   0x00000004   Code   RO         7549    .ARM.Collect$$rtentry$$0000000A  c_w.l(__rtentry2.o)
    0x08000356   0x08000356   0x00000000   Code   RO         7551    .ARM.Collect$$rtentry$$0000000C  c_w.l(__rtentry2.o)
    0x08000356   0x08000356   0x00000008   Code   RO         7552    .ARM.Collect$$rtentry$$0000000D  c_w.l(__rtentry2.o)
    0x0800035e   0x0800035e   0x00000002   Code   RO         7584    .ARM.Collect$$rtexit$$00000000  c_w.l(rtexit.o)
    0x08000360   0x08000360   0x00000000   Code   RO         7640    .ARM.Collect$$rtexit$$00000002  c_w.l(rtexit2.o)
    0x08000360   0x08000360   0x00000004   Code   RO         7641    .ARM.Collect$$rtexit$$00000003  c_w.l(rtexit2.o)
    0x08000364   0x08000364   0x00000006   Code   RO         7642    .ARM.Collect$$rtexit$$00000004  c_w.l(rtexit2.o)
    0x0800036a   0x0800036a   0x00000002   PAD
    0x0800036c   0x0800036c   0x000000be   Code   RO         6912    .emb_text           port.o
    0x0800042a   0x0800042a   0x00000002   PAD
    0x0800042c   0x0800042c   0x00000040   Code   RO            4    .text               startup_stm32h723xx.o
    0x0800046c   0x0800046c   0x000000ee   Code   RO         7478    .text               c_w.l(lludivv7m.o)
    0x0800055a   0x0800055a   0x00000064   Code   RO         7482    .text               c_w.l(rt_memcpy_w.o)
    0x080005be   0x080005be   0x0000004e   Code   RO         7488    .text               c_w.l(rt_memclr_w.o)
    0x0800060c   0x0800060c   0x00000006   Code   RO         7490    .text               c_w.l(heapauxi.o)
    0x08000612   0x08000612   0x00000002   PAD
    0x08000614   0x08000614   0x00000008   Code   RO         7567    .text               c_w.l(libspace.o)
    0x0800061c   0x0800061c   0x0000004a   Code   RO         7570    .text               c_w.l(sys_stackheap_outer.o)
    0x08000666   0x08000666   0x00000012   Code   RO         7572    .text               c_w.l(exit.o)
    0x08000678   0x08000678   0x0000000c   Code   RO         7637    .text               c_w.l(sys_exit.o)
    0x08000684   0x08000684   0x00000002   Code   RO         7656    .text               c_w.l(use_no_semi.o)
    0x08000686   0x08000686   0x00000000   Code   RO         7658    .text               c_w.l(indicate_semi.o)
    0x08000686   0x08000686   0x00000002   Code   RO          571    i.BusFault_Handler  stm32h7xx_it.o
    0x08000688   0x08000688   0x0000000c   Code   RO          572    i.DMA1_Stream0_IRQHandler  stm32h7xx_it.o
    0x08000694   0x08000694   0x0000000c   Code   RO          573    i.DMA1_Stream1_IRQHandler  stm32h7xx_it.o
    0x080006a0   0x080006a0   0x0000000c   Code   RO          574    i.DMA1_Stream2_IRQHandler  stm32h7xx_it.o
    0x080006ac   0x080006ac   0x0000000c   Code   RO          575    i.DMA1_Stream3_IRQHandler  stm32h7xx_it.o
    0x080006b8   0x080006b8   0x000000b4   Code   RO         2532    i.DMA_CalcBaseAndBitshift  stm32h7xx_hal_dma.o
    0x0800076c   0x0800076c   0x0000009c   Code   RO         2533    i.DMA_CalcDMAMUXChannelBaseAndMask  stm32h7xx_hal_dma.o
    0x08000808   0x08000808   0x00000074   Code   RO         2534    i.DMA_CalcDMAMUXRequestGenBaseAndMask  stm32h7xx_hal_dma.o
    0x0800087c   0x0800087c   0x00000054   Code   RO         2535    i.DMA_CheckFifoParam  stm32h7xx_hal_dma.o
    0x080008d0   0x080008d0   0x00000220   Code   RO         2536    i.DMA_SetConfig     stm32h7xx_hal_dma.o
    0x08000af0   0x08000af0   0x00000002   Code   RO          576    i.DebugMon_Handler  stm32h7xx_it.o
    0x08000af2   0x08000af2   0x00000004   Code   RO           13    i.Error_Handler     main.o
    0x08000af6   0x08000af6   0x00000002   PAD
    0x08000af8   0x08000af8   0x0000000c   Code   RO          577    i.FDCAN1_IT0_IRQHandler  stm32h7xx_it.o
    0x08000b04   0x08000b04   0x0000000c   Code   RO          578    i.FDCAN1_IT1_IRQHandler  stm32h7xx_it.o
    0x08000b10   0x08000b10   0x000001c8   Code   RO         4173    i.FDCAN_CalcultateRamBlockAddresses  stm32h7xx_hal_fdcan.o
    0x08000cd8   0x08000cd8   0x0000001e   Code   RO         7077    i.FillServoPacket_LOAD  servo_mapping.o
    0x08000cf6   0x08000cf6   0x00000002   PAD
    0x08000cf8   0x08000cf8   0x0000002c   Code   RO         7079    i.Get_Keynum        servo_mapping.o
    0x08000d24   0x08000d24   0x00000360   Code   RO         2537    i.HAL_DMA_Abort     stm32h7xx_hal_dma.o
    0x08001084   0x08001084   0x00000284   Code   RO         2538    i.HAL_DMA_Abort_IT  stm32h7xx_hal_dma.o
    0x08001308   0x08001308   0x000006e8   Code   RO         2542    i.HAL_DMA_IRQHandler  stm32h7xx_hal_dma.o
    0x080019f0   0x080019f0   0x000003bc   Code   RO         2543    i.HAL_DMA_Init      stm32h7xx_hal_dma.o
    0x08001dac   0x08001dac   0x0000029c   Code   RO         2547    i.HAL_DMA_Start_IT  stm32h7xx_hal_dma.o
    0x08002048   0x08002048   0x00000024   Code   RO         3234    i.HAL_Delay         stm32h7xx_hal.o
    0x0800206c   0x0800206c   0x00000088   Code   RO         4176    i.HAL_FDCAN_ActivateNotification  stm32h7xx_hal_fdcan.o
    0x080020f4   0x080020f4   0x00000002   Code   RO         4179    i.HAL_FDCAN_ClockCalibrationCallback  stm32h7xx_hal_fdcan.o
    0x080020f6   0x080020f6   0x0000005a   Code   RO         4182    i.HAL_FDCAN_ConfigFifoWatermark  stm32h7xx_hal_fdcan.o
    0x08002150   0x08002150   0x0000007e   Code   RO         4183    i.HAL_FDCAN_ConfigFilter  stm32h7xx_hal_fdcan.o
    0x080021ce   0x080021ce   0x00000032   Code   RO         4184    i.HAL_FDCAN_ConfigGlobalFilter  stm32h7xx_hal_fdcan.o
    0x08002200   0x08002200   0x00000002   Code   RO         4205    i.HAL_FDCAN_ErrorCallback  stm32h7xx_hal_fdcan.o
    0x08002202   0x08002202   0x00000002   Code   RO         4206    i.HAL_FDCAN_ErrorStatusCallback  stm32h7xx_hal_fdcan.o
    0x08002204   0x08002204   0x00000194   Code   RO         4217    i.HAL_FDCAN_GetRxMessage  stm32h7xx_hal_fdcan.o
    0x08002398   0x08002398   0x00000002   Code   RO         4223    i.HAL_FDCAN_HighPriorityMessageCallback  stm32h7xx_hal_fdcan.o
    0x0800239a   0x0800239a   0x00000002   PAD
    0x0800239c   0x0800239c   0x00000320   Code   RO         4224    i.HAL_FDCAN_IRQHandler  stm32h7xx_hal_fdcan.o
    0x080026bc   0x080026bc   0x00000244   Code   RO         4225    i.HAL_FDCAN_Init    stm32h7xx_hal_fdcan.o
    0x08002900   0x08002900   0x000000a8   Code   RO          396    i.HAL_FDCAN_MspInit  fdcan.o
    0x080029a8   0x080029a8   0x00000002   Code   RO         4234    i.HAL_FDCAN_RxBufferNewMessageCallback  stm32h7xx_hal_fdcan.o
    0x080029aa   0x080029aa   0x00000002   PAD
    0x080029ac   0x080029ac   0x00000010   Code   RO         7273    i.HAL_FDCAN_RxFifo0Callback  bsp_fdcan.o
    0x080029bc   0x080029bc   0x00000002   Code   RO         4236    i.HAL_FDCAN_RxFifo1Callback  stm32h7xx_hal_fdcan.o
    0x080029be   0x080029be   0x00000032   Code   RO         4237    i.HAL_FDCAN_Start   stm32h7xx_hal_fdcan.o
    0x080029f0   0x080029f0   0x00000002   Code   RO         4259    i.HAL_FDCAN_TT_GlobalTimeCallback  stm32h7xx_hal_fdcan.o
    0x080029f2   0x080029f2   0x00000002   Code   RO         4260    i.HAL_FDCAN_TT_ScheduleSyncCallback  stm32h7xx_hal_fdcan.o
    0x080029f4   0x080029f4   0x00000002   Code   RO         4265    i.HAL_FDCAN_TT_StopWatchCallback  stm32h7xx_hal_fdcan.o
    0x080029f6   0x080029f6   0x00000002   Code   RO         4266    i.HAL_FDCAN_TT_TimeMarkCallback  stm32h7xx_hal_fdcan.o
    0x080029f8   0x080029f8   0x00000002   Code   RO         4267    i.HAL_FDCAN_TimeoutOccurredCallback  stm32h7xx_hal_fdcan.o
    0x080029fa   0x080029fa   0x00000002   Code   RO         4268    i.HAL_FDCAN_TimestampWraparoundCallback  stm32h7xx_hal_fdcan.o
    0x080029fc   0x080029fc   0x00000002   Code   RO         4269    i.HAL_FDCAN_TxBufferAbortCallback  stm32h7xx_hal_fdcan.o
    0x080029fe   0x080029fe   0x00000002   Code   RO         4270    i.HAL_FDCAN_TxBufferCompleteCallback  stm32h7xx_hal_fdcan.o
    0x08002a00   0x08002a00   0x00000002   Code   RO         4271    i.HAL_FDCAN_TxEventFifoCallback  stm32h7xx_hal_fdcan.o
    0x08002a02   0x08002a02   0x00000002   Code   RO         4272    i.HAL_FDCAN_TxFifoEmptyCallback  stm32h7xx_hal_fdcan.o
    0x08002a04   0x08002a04   0x0000021c   Code   RO         2385    i.HAL_GPIO_Init     stm32h7xx_hal_gpio.o
    0x08002c20   0x08002c20   0x0000000a   Code   RO         2387    i.HAL_GPIO_ReadPin  stm32h7xx_hal_gpio.o
    0x08002c2a   0x08002c2a   0x0000000a   Code   RO         2389    i.HAL_GPIO_WritePin  stm32h7xx_hal_gpio.o
    0x08002c34   0x08002c34   0x0000000c   Code   RO         3250    i.HAL_GetTick       stm32h7xx_hal.o
    0x08002c40   0x08002c40   0x00000010   Code   RO         3256    i.HAL_IncTick       stm32h7xx_hal.o
    0x08002c50   0x08002c50   0x0000005c   Code   RO         3257    i.HAL_Init          stm32h7xx_hal.o
    0x08002cac   0x08002cac   0x00000084   Code   RO          713    i.HAL_InitTick      stm32h7xx_hal_timebase_tim.o
    0x08002d30   0x08002d30   0x00000024   Code   RO          689    i.HAL_MspInit       stm32h7xx_hal_msp.o
    0x08002d54   0x08002d54   0x0000001a   Code   RO         1777    i.HAL_NVIC_EnableIRQ  stm32h7xx_hal_cortex.o
    0x08002d6e   0x08002d6e   0x00000002   PAD
    0x08002d70   0x08002d70   0x00000040   Code   RO         1783    i.HAL_NVIC_SetPriority  stm32h7xx_hal_cortex.o
    0x08002db0   0x08002db0   0x00000024   Code   RO         1784    i.HAL_NVIC_SetPriorityGrouping  stm32h7xx_hal_cortex.o
    0x08002dd4   0x08002dd4   0x00000054   Code   RO         2986    i.HAL_PWREx_ConfigSupply  stm32h7xx_hal_pwr_ex.o
    0x08002e28   0x08002e28   0x00000024   Code   RO         2028    i.HAL_RCCEx_GetD3PCLK1Freq  stm32h7xx_hal_rcc_ex.o
    0x08002e4c   0x08002e4c   0x00000144   Code   RO         2030    i.HAL_RCCEx_GetPLL2ClockFreq  stm32h7xx_hal_rcc_ex.o
    0x08002f90   0x08002f90   0x00000144   Code   RO         2031    i.HAL_RCCEx_GetPLL3ClockFreq  stm32h7xx_hal_rcc_ex.o
    0x080030d4   0x080030d4   0x0000093a   Code   RO         2037    i.HAL_RCCEx_PeriphCLKConfig  stm32h7xx_hal_rcc_ex.o
    0x08003a0e   0x08003a0e   0x00000002   PAD
    0x08003a10   0x08003a10   0x0000025c   Code   RO         1913    i.HAL_RCC_ClockConfig  stm32h7xx_hal_rcc.o
    0x08003c6c   0x08003c6c   0x0000005c   Code   RO         1917    i.HAL_RCC_GetClockConfig  stm32h7xx_hal_rcc.o
    0x08003cc8   0x08003cc8   0x00000044   Code   RO         1918    i.HAL_RCC_GetHCLKFreq  stm32h7xx_hal_rcc.o
    0x08003d0c   0x08003d0c   0x00000024   Code   RO         1920    i.HAL_RCC_GetPCLK1Freq  stm32h7xx_hal_rcc.o
    0x08003d30   0x08003d30   0x00000024   Code   RO         1921    i.HAL_RCC_GetPCLK2Freq  stm32h7xx_hal_rcc.o
    0x08003d54   0x08003d54   0x00000138   Code   RO         1922    i.HAL_RCC_GetSysClockFreq  stm32h7xx_hal_rcc.o
    0x08003e8c   0x08003e8c   0x00000526   Code   RO         1925    i.HAL_RCC_OscConfig  stm32h7xx_hal_rcc.o
    0x080043b2   0x080043b2   0x00000002   PAD
    0x080043b4   0x080043b4   0x0000017c   Code   RO         4802    i.HAL_SPI_Init      stm32h7xx_hal_spi.o
    0x08004530   0x08004530   0x0000008c   Code   RO          440    i.HAL_SPI_MspInit   spi.o
    0x080045bc   0x080045bc   0x0000024e   Code   RO         4811    i.HAL_SPI_Transmit  stm32h7xx_hal_spi.o
    0x0800480a   0x0800480a   0x00000002   Code   RO         1468    i.HAL_TIMEx_Break2Callback  stm32h7xx_hal_tim_ex.o
    0x0800480c   0x0800480c   0x00000002   Code   RO         1469    i.HAL_TIMEx_BreakCallback  stm32h7xx_hal_tim_ex.o
    0x0800480e   0x0800480e   0x00000002   Code   RO         1470    i.HAL_TIMEx_CommutCallback  stm32h7xx_hal_tim_ex.o
    0x08004810   0x08004810   0x000000b8   Code   RO         1491    i.HAL_TIMEx_MasterConfigSynchronization  stm32h7xx_hal_tim_ex.o
    0x080048c8   0x080048c8   0x00000062   Code   RO          754    i.HAL_TIM_Base_Init  stm32h7xx_hal_tim.o
    0x0800492a   0x0800492a   0x00000002   PAD
    0x0800492c   0x0800492c   0x0000003c   Code   RO          482    i.HAL_TIM_Base_MspInit  tim.o
    0x08004968   0x08004968   0x000000a0   Code   RO          759    i.HAL_TIM_Base_Start_IT  stm32h7xx_hal_tim.o
    0x08004a08   0x08004a08   0x00000002   Code   RO          788    i.HAL_TIM_IC_CaptureCallback  stm32h7xx_hal_tim.o
    0x08004a0a   0x08004a0a   0x00000182   Code   RO          802    i.HAL_TIM_IRQHandler  stm32h7xx_hal_tim.o
    0x08004b8c   0x08004b8c   0x00000002   Code   RO          805    i.HAL_TIM_OC_DelayElapsedCallback  stm32h7xx_hal_tim.o
    0x08004b8e   0x08004b8e   0x00000002   Code   RO          832    i.HAL_TIM_PWM_PulseFinishedCallback  stm32h7xx_hal_tim.o
    0x08004b90   0x08004b90   0x00000034   Code   RO           14    i.HAL_TIM_PeriodElapsedCallback  main.o
    0x08004bc4   0x08004bc4   0x00000002   Code   RO          845    i.HAL_TIM_TriggerCallback  stm32h7xx_hal_tim.o
    0x08004bc6   0x08004bc6   0x00000040   Code   RO         5540    i.HAL_UARTEx_DisableFifoMode  stm32h7xx_hal_uart_ex.o
    0x08004c06   0x08004c06   0x0000004a   Code   RO         5546    i.HAL_UARTEx_ReceiveToIdle_DMA  stm32h7xx_hal_uart_ex.o
    0x08004c50   0x08004c50   0x0000007c   Code   RO           15    i.HAL_UARTEx_RxEventCallback  main.o
    0x08004ccc   0x08004ccc   0x00000002   Code   RO         5548    i.HAL_UARTEx_RxFifoFullCallback  stm32h7xx_hal_uart_ex.o
    0x08004cce   0x08004cce   0x0000004c   Code   RO         5549    i.HAL_UARTEx_SetRxFifoThreshold  stm32h7xx_hal_uart_ex.o
    0x08004d1a   0x08004d1a   0x0000004c   Code   RO         5550    i.HAL_UARTEx_SetTxFifoThreshold  stm32h7xx_hal_uart_ex.o
    0x08004d66   0x08004d66   0x00000002   Code   RO         5552    i.HAL_UARTEx_TxFifoEmptyCallback  stm32h7xx_hal_uart_ex.o
    0x08004d68   0x08004d68   0x00000002   Code   RO         5553    i.HAL_UARTEx_WakeupCallback  stm32h7xx_hal_uart_ex.o
    0x08004d6a   0x08004d6a   0x00000002   PAD
    0x08004d6c   0x08004d6c   0x00000050   Code   RO           16    i.HAL_UART_ErrorCallback  main.o
    0x08004dbc   0x08004dbc   0x00000388   Code   RO         5148    i.HAL_UART_IRQHandler  stm32h7xx_hal_uart.o
    0x08005144   0x08005144   0x0000006a   Code   RO         5149    i.HAL_UART_Init     stm32h7xx_hal_uart.o
    0x080051ae   0x080051ae   0x00000002   PAD
    0x080051b0   0x080051b0   0x000001e0   Code   RO          524    i.HAL_UART_MspInit  usart.o
    0x08005390   0x08005390   0x00000002   Code   RO         5156    i.HAL_UART_RxCpltCallback  stm32h7xx_hal_uart.o
    0x08005392   0x08005392   0x00000002   Code   RO         5157    i.HAL_UART_RxHalfCpltCallback  stm32h7xx_hal_uart.o
    0x08005394   0x08005394   0x00000090   Code   RO         5159    i.HAL_UART_Transmit_DMA  stm32h7xx_hal_uart.o
    0x08005424   0x08005424   0x00000002   Code   RO         5161    i.HAL_UART_TxCpltCallback  stm32h7xx_hal_uart.o
    0x08005426   0x08005426   0x00000002   Code   RO         5162    i.HAL_UART_TxHalfCpltCallback  stm32h7xx_hal_uart.o
    0x08005428   0x08005428   0x00000002   Code   RO          579    i.HardFault_Handler  stm32h7xx_it.o
    0x0800542a   0x0800542a   0x00000010   Code   RO          302    i.LedTask           freertos.o
    0x0800543a   0x0800543a   0x00000002   PAD
    0x0800543c   0x0800543c   0x0000005c   Code   RO          371    i.MX_DMA_Init       dma.o
    0x08005498   0x08005498   0x00000074   Code   RO          397    i.MX_FDCAN1_Init    fdcan.o
    0x0800550c   0x0800550c   0x00000060   Code   RO          303    i.MX_FREERTOS_Init  freertos.o
    0x0800556c   0x0800556c   0x000000a0   Code   RO          278    i.MX_GPIO_Init      gpio.o
    0x0800560c   0x0800560c   0x00000064   Code   RO          441    i.MX_SPI6_Init      spi.o
    0x08005670   0x08005670   0x00000048   Code   RO          483    i.MX_TIM6_Init      tim.o
    0x080056b8   0x080056b8   0x00000068   Code   RO          525    i.MX_UART7_Init     usart.o
    0x08005720   0x08005720   0x00000068   Code   RO          526    i.MX_USART1_UART_Init  usart.o
    0x08005788   0x08005788   0x00000002   Code   RO          580    i.MemManage_Handler  stm32h7xx_it.o
    0x0800578a   0x0800578a   0x00000002   Code   RO          581    i.NMI_Handler       stm32h7xx_it.o
    0x0800578c   0x0800578c   0x00000120   Code   RO         2040    i.RCCEx_PLL2_Config  stm32h7xx_hal_rcc_ex.o
    0x080058ac   0x080058ac   0x00000120   Code   RO         2041    i.RCCEx_PLL3_Config  stm32h7xx_hal_rcc_ex.o
    0x080059cc   0x080059cc   0x00000012   Code   RO          304    i.Robot_TASK        freertos.o
    0x080059de   0x080059de   0x00000002   Code   RO         7082    i.Robot_Task        servo_mapping.o
    0x080059e0   0x080059e0   0x000000bc   Code   RO         4822    i.SPI_CloseTransfer  stm32h7xx_hal_spi.o
    0x08005a9c   0x08005a9c   0x00000046   Code   RO         4839    i.SPI_WaitOnFlagUntilTimeout  stm32h7xx_hal_spi.o
    0x08005ae2   0x08005ae2   0x00000002   PAD
    0x08005ae4   0x08005ae4   0x000000a8   Code   RO         7084    i.Servo_Mapping_Init  servo_mapping.o
    0x08005b8c   0x08005b8c   0x0000000c   Code   RO          305    i.Servo_TASK        freertos.o
    0x08005b98   0x08005b98   0x00000002   Code   RO         7085    i.Servo_Task        servo_mapping.o
    0x08005b9a   0x08005b9a   0x00000002   PAD
    0x08005b9c   0x08005b9c   0x0000002c   Code   RO         6913    i.SysTick_Handler   port.o
    0x08005bc8   0x08005bc8   0x00000098   Code   RO           17    i.SystemClock_Config  main.o
    0x08005c60   0x08005c60   0x000000c0   Code   RO         5659    i.SystemInit        system_stm32h7xx.o
    0x08005d20   0x08005d20   0x0000000c   Code   RO          582    i.TIM23_IRQHandler  stm32h7xx_it.o
    0x08005d2c   0x08005d2c   0x0000000c   Code   RO          583    i.TIM6_DAC_IRQHandler  stm32h7xx_it.o
    0x08005d38   0x08005d38   0x000000d8   Code   RO          847    i.TIM_Base_SetConfig  stm32h7xx_hal_tim.o
    0x08005e10   0x08005e10   0x00000024   Code   RO         7087    i.TaskFrequencyCheck  servo_mapping.o
    0x08005e34   0x08005e34   0x00000020   Code   RO         7088    i.TaskFrequencycount  servo_mapping.o
    0x08005e54   0x08005e54   0x0000000c   Code   RO          584    i.UART7_IRQHandler  stm32h7xx_it.o
    0x08005e60   0x08005e60   0x00000044   Code   RO         5554    i.UARTEx_SetNbDataToProcess  stm32h7xx_hal_uart_ex.o
    0x08005ea4   0x08005ea4   0x000000c8   Code   RO         5163    i.UART_AdvFeatureConfig  stm32h7xx_hal_uart.o
    0x08005f6c   0x08005f6c   0x000000aa   Code   RO         5164    i.UART_CheckIdleState  stm32h7xx_hal_uart.o
    0x08006016   0x08006016   0x00000014   Code   RO         5165    i.UART_DMAAbortOnError  stm32h7xx_hal_uart.o
    0x0800602a   0x0800602a   0x0000004e   Code   RO         5166    i.UART_DMAError     stm32h7xx_hal_uart.o
    0x08006078   0x08006078   0x00000082   Code   RO         5167    i.UART_DMAReceiveCplt  stm32h7xx_hal_uart.o
    0x080060fa   0x080060fa   0x00000020   Code   RO         5169    i.UART_DMARxHalfCplt  stm32h7xx_hal_uart.o
    0x0800611a   0x0800611a   0x00000040   Code   RO         5171    i.UART_DMATransmitCplt  stm32h7xx_hal_uart.o
    0x0800615a   0x0800615a   0x0000000a   Code   RO         5173    i.UART_DMATxHalfCplt  stm32h7xx_hal_uart.o
    0x08006164   0x08006164   0x00000054   Code   RO         5175    i.UART_EndRxTransfer  stm32h7xx_hal_uart.o
    0x080061b8   0x080061b8   0x0000002e   Code   RO         5176    i.UART_EndTxTransfer  stm32h7xx_hal_uart.o
    0x080061e6   0x080061e6   0x00000002   PAD
    0x080061e8   0x080061e8   0x000003dc   Code   RO         5181    i.UART_SetConfig    stm32h7xx_hal_uart.o
    0x080065c4   0x080065c4   0x000000a8   Code   RO         5182    i.UART_Start_Receive_DMA  stm32h7xx_hal_uart.o
    0x0800666c   0x0800666c   0x0000008c   Code   RO         5188    i.UART_WaitOnFlagUntilTimeout  stm32h7xx_hal_uart.o
    0x080066f8   0x080066f8   0x0000000c   Code   RO          585    i.USART1_IRQHandler  stm32h7xx_it.o
    0x08006704   0x08006704   0x00000002   Code   RO          586    i.UsageFault_Handler  stm32h7xx_it.o
    0x08006706   0x08006706   0x00000002   PAD
    0x08006708   0x08006708   0x0000009c   Code   RO         7340    i.WS2812_Ctrl       ws2812.o
    0x080067a4   0x080067a4   0x00000022   Code   RO         1790    i.__NVIC_SetPriority  stm32h7xx_hal_cortex.o
    0x080067c6   0x080067c6   0x00000002   PAD
    0x080067c8   0x080067c8   0x00000020   Code   RO         7274    i.bsp_can_init      bsp_fdcan.o
    0x080067e8   0x080067e8   0x00000044   Code   RO         7276    i.can_filter_init   bsp_fdcan.o
    0x0800682c   0x0800682c   0x00000014   Code   RO         7277    i.fdcan1_rx_callback  bsp_fdcan.o
    0x08006840   0x08006840   0x0000002c   Code   RO         7278    i.fdcanx_receive    bsp_fdcan.o
    0x0800686c   0x0800686c   0x00000064   Code   RO           18    i.main              main.o
    0x080068d0   0x080068d0   0x0000000e   Code   RO         6478    i.makeFreeRtosPriority  cmsis_os.o
    0x080068de   0x080068de   0x00000002   PAD
    0x080068e0   0x080068e0   0x00000030   Code   RO         7091    i.motor_mapping_init  servo_mapping.o
    0x08006910   0x08006910   0x0000000e   Code   RO         6480    i.osDelay           cmsis_os.o
    0x0800691e   0x0800691e   0x0000000a   Code   RO         6483    i.osKernelStart     cmsis_os.o
    0x08006928   0x08006928   0x00000054   Code   RO         6517    i.osThreadCreate    cmsis_os.o
    0x0800697c   0x0800697c   0x00000070   Code   RO         6160    i.prvAddCurrentTaskToDelayedList  tasks.o
    0x080069ec   0x080069ec   0x000000d0   Code   RO         6161    i.prvAddNewTaskToReadyList  tasks.o
    0x08006abc   0x08006abc   0x00000034   Code   RO         6162    i.prvDeleteTCB      tasks.o
    0x08006af0   0x08006af0   0x00000050   Code   RO         6845    i.prvHeapInit       heap_4.o
    0x08006b40   0x08006b40   0x00000060   Code   RO         6163    i.prvIdleTask       tasks.o
    0x08006ba0   0x08006ba0   0x0000009a   Code   RO         6164    i.prvInitialiseNewTask  tasks.o
    0x08006c3a   0x08006c3a   0x00000002   PAD
    0x08006c3c   0x08006c3c   0x0000004c   Code   RO         6846    i.prvInsertBlockIntoFreeList  heap_4.o
    0x08006c88   0x08006c88   0x00000020   Code   RO         6165    i.prvResetNextTaskUnblockTime  tasks.o
    0x08006ca8   0x08006ca8   0x00000028   Code   RO         6914    i.prvTaskExitError  port.o
    0x08006cd0   0x08006cd0   0x000000dc   Code   RO         6847    i.pvPortMalloc      heap_4.o
    0x08006dac   0x08006dac   0x00000030   Code   RO         6915    i.pxPortInitialiseStack  port.o
    0x08006ddc   0x08006ddc   0x00000026   Code   RO         5796    i.uxListRemove      list.o
    0x08006e02   0x08006e02   0x00000002   PAD
    0x08006e04   0x08006e04   0x00000018   Code   RO          306    i.vApplicationGetIdleTaskMemory  freertos.o
    0x08006e1c   0x08006e1c   0x00000016   Code   RO         5797    i.vListInitialise   list.o
    0x08006e32   0x08006e32   0x00000006   Code   RO         5798    i.vListInitialiseItem  list.o
    0x08006e38   0x08006e38   0x00000030   Code   RO         5799    i.vListInsert       list.o
    0x08006e68   0x08006e68   0x00000018   Code   RO         5800    i.vListInsertEnd    list.o
    0x08006e80   0x08006e80   0x00000040   Code   RO         6917    i.vPortEnterCritical  port.o
    0x08006ec0   0x08006ec0   0x00000028   Code   RO         6918    i.vPortExitCritical  port.o
    0x08006ee8   0x08006ee8   0x00000064   Code   RO         6848    i.vPortFree         heap_4.o
    0x08006f4c   0x08006f4c   0x00000024   Code   RO         6919    i.vPortSetupTimerInterrupt  port.o
    0x08006f70   0x08006f70   0x0000004c   Code   RO         6174    i.vTaskDelay        tasks.o
    0x08006fbc   0x08006fbc   0x0000006c   Code   RO         6187    i.vTaskStartScheduler  tasks.o
    0x08007028   0x08007028   0x00000010   Code   RO         6189    i.vTaskSuspendAll   tasks.o
    0x08007038   0x08007038   0x0000005c   Code   RO         6190    i.vTaskSwitchContext  tasks.o
    0x08007094   0x08007094   0x00000048   Code   RO         7041    i.ws2812_task       safewarning.o
    0x080070dc   0x080070dc   0x000000f4   Code   RO         6921    i.xPortStartScheduler  port.o
    0x080071d0   0x080071d0   0x0000005a   Code   RO         6193    i.xTaskCreate       tasks.o
    0x0800722a   0x0800722a   0x00000056   Code   RO         6194    i.xTaskCreateStatic  tasks.o
    0x08007280   0x08007280   0x000000cc   Code   RO         6201    i.xTaskIncrementTick  tasks.o
    0x0800734c   0x0800734c   0x000000c4   Code   RO         6207    i.xTaskResumeAll    tasks.o
    0x08007410   0x08007410   0x0000000a   Code   RO         7652    x$fpl$fpinit        fz_wv.l(fpinit.o)
    0x0800741a   0x0800741a   0x00000002   PAD
    0x0800741c   0x0800741c   0x00000054   Data   RO          308    .constdata          freertos.o
    0x08007470   0x08007470   0x00000008   Data   RO         2549    .constdata          stm32h7xx_hal_dma.o
    0x08007478   0x08007478   0x0000005c   Data   RO         4273    .constdata          stm32h7xx_hal_fdcan.o
    0x080074d4   0x080074d4   0x00000018   Data   RO         5189    .constdata          stm32h7xx_hal_uart.o
    0x080074ec   0x080074ec   0x00000010   Data   RO         5555    .constdata          stm32h7xx_hal_uart_ex.o
    0x080074fc   0x080074fc   0x00000010   Data   RO         5660    .constdata          system_stm32h7xx.o
    0x0800750c   0x0800750c   0x00000021   Data   RO          309    .conststring        freertos.o
    0x0800752d   0x0800752d   0x00000003   PAD
    0x08007530   0x08007530   0x00000020   Data   RO         7708    Region$$Table       anon$$obj.o


    Execution Region RW_IRAM1 (Exec base: 0x20000000, Load base: 0x08007550, Size: 0x00000000, Max: 0x00020000, ABSOLUTE)

    **** No section assigned to this execution region ****


    Execution Region RW_IRAM2 (Exec base: 0x24000000, Load base: 0x08007550, Size: 0x000050b8, Max: 0x00050000, ABSOLUTE)

    Exec Addr    Load Addr    Size         Type   Attr      Idx    E Section Name        Object

    0x24000000   0x08007550   0x0000000c   Data   RW          310    .data               freertos.o
    0x2400000c   0x0800755c   0x0000000c   Data   RW         3281    .data               stm32h7xx_hal.o
    0x24000018   0x08007568   0x00000008   Data   RW         5661    .data               system_stm32h7xx.o
    0x24000020   0x08007570   0x0000003c   Data   RW         6210    .data               tasks.o
    0x2400005c   0x080075ac   0x00000020   Data   RW         6854    .data               heap_4.o
    0x2400007c   0x080075cc   0x0000000c   Data   RW         6922    .data               port.o
    0x24000088   0x080075d8   0x00000003   Data   RW         7042    .data               safewarning.o
    0x2400008b   0x080075db   0x00000001   PAD
    0x2400008c   0x080075dc   0x00000024   Data   RW         7094    .data               servo_mapping.o
    0x240000b0   0x08007600   0x0000000a   Data   RW         7281    .data               bsp_fdcan.o
    0x240000ba   0x0800760a   0x00000002   PAD
    0x240000bc        -       0x0000001e   Zero   RW           19    .bss                main.o
    0x240000da   0x0800760a   0x00000002   PAD
    0x240000dc        -       0x00000254   Zero   RW          307    .bss                freertos.o
    0x24000330        -       0x000000a0   Zero   RW          400    .bss                fdcan.o
    0x240003d0        -       0x00000088   Zero   RW          442    .bss                spi.o
    0x24000458        -       0x0000004c   Zero   RW          484    .bss                tim.o
    0x240004a4        -       0x00000308   Zero   RW          527    .bss                usart.o
    0x240007ac        -       0x0000004c   Zero   RW          716    .bss                stm32h7xx_hal_timebase_tim.o
    0x240007f8        -       0x000000f0   Zero   RW         6209    .bss                tasks.o
    0x240008e8        -       0x00003c00   Zero   RW         6853    .bss                heap_4.o
    0x240044e8        -       0x00000170   Zero   RW         7093    .bss                servo_mapping.o
    0x24004658        -       0x00000060   Zero   RW         7568    .bss                c_w.l(libspace.o)
    0x240046b8        -       0x00000200   Zero   RW            2    HEAP                startup_stm32h723xx.o
    0x240048b8        -       0x00000800   Zero   RW            1    STACK               startup_stm32h723xx.o


==============================================================================

Image component sizes


      Code (inc. data)   RO Data    RW Data    ZI Data      Debug   Object Name

       180         26          0         10          0       4418   bsp_fdcan.o
       122          0          0          0          0      23813   cmsis_os.o
        92          4          0          0          0       1018   dma.o
         0          0          0          0          0      17028   event_groups.o
       284         22          0          0        160       2263   fdcan.o
       166         16        117         12        596       4198   freertos.o
       160         12          0          0          0       1203   gpio.o
       476         24          0         32      15360       7859   heap_4.o
       138          0          0          0          0       3950   list.o
       512         72          0          0         30    1270782   main.o
       706         74          0         12          0      11624   port.o
        72          6          0          3          0        870   safewarning.o
       362         40          0         36        368       8589   servo_mapping.o
       240         24          0          0        136       2085   spi.o
        64         26        716          0       2560        880   startup_stm32h723xx.o
       156         32          0         12          0      23310   stm32h7xx_hal.o
       160         12          0          0          0      39050   stm32h7xx_hal_cortex.o
      5980        242          8          0          0      12566   stm32h7xx_hal_dma.o
      2724         44         92          0          0      22752   stm32h7xx_hal_fdcan.o
       560         44          0          0          0       3163   stm32h7xx_hal_gpio.o
        36          4          0          0          0       1042   stm32h7xx_hal_msp.o
        84          6          0          0          0        837   stm32h7xx_hal_pwr_ex.o
      2466        110          0          0          0       8221   stm32h7xx_hal_rcc.o
      3622        112          0          0          0       8149   stm32h7xx_hal_rcc_ex.o
      1228         14          0          0          0       5218   stm32h7xx_hal_spi.o
       868         84          0          0          0       7457   stm32h7xx_hal_tim.o
       190         38          0          0          0       3508   stm32h7xx_hal_tim_ex.o
       132         22          0          0         76       1728   stm32h7xx_hal_timebase_tim.o
      3292        172         24          0          0      37325   stm32h7xx_hal_uart.o
       364          6         16          0          0       6849   stm32h7xx_hal_uart_ex.o
       132         60          0          0          0       8273   stm32h7xx_it.o
         0          0          0          0          0        384   stream_buffer.o
       192         34         16          8          0       1630   system_stm32h7xx.o
      1522        110          0         60        240      20454   tasks.o
       132         20          0          0         76       1930   tim.o
       688         52          0          0        776       3375   usart.o
       156          6          0          0          0        950   ws2812.o

    ----------------------------------------------------------------------
     28298       1570       1024        188      20380    1578751   Object Totals
         0          0         32          0          0          0   (incl. Generated)
        40          0          3          3          2          0   (incl. Padding)

    ----------------------------------------------------------------------

      Code (inc. data)   RO Data    RW Data    ZI Data      Debug   Library Member Name

         8          0          0          0          0         68   __main.o
         0          0          0          0          0          0   __rtentry.o
        12          0          0          0          0          0   __rtentry2.o
         6          0          0          0          0          0   __rtentry4.o
        52          8          0          0          0          0   __scatter.o
        26          0          0          0          0          0   __scatter_copy.o
        28          0          0          0          0          0   __scatter_zi.o
        18          0          0          0          0         80   exit.o
         6          0          0          0          0        152   heapauxi.o
         0          0          0          0          0          0   indicate_semi.o
         2          0          0          0          0          0   libinit.o
         6          0          0          0          0          0   libinit2.o
         2          0          0          0          0          0   libshutdown.o
         2          0          0          0          0          0   libshutdown2.o
         8          4          0          0         96         68   libspace.o
       238          0          0          0          0        100   lludivv7m.o
        78          0          0          0          0         80   rt_memclr_w.o
       100          0          0          0          0         80   rt_memcpy_w.o
         2          0          0          0          0          0   rtexit.o
        10          0          0          0          0          0   rtexit2.o
        12          4          0          0          0         68   sys_exit.o
        74          0          0          0          0         80   sys_stackheap_outer.o
         2          0          0          0          0         68   use_no_semi.o
        10          0          0          0          0        116   fpinit.o

    ----------------------------------------------------------------------
       710         16          0          0         96        960   Library Totals
         8          0          0          0          0          0   (incl. Padding)

    ----------------------------------------------------------------------

      Code (inc. data)   RO Data    RW Data    ZI Data      Debug   Library Name

       692         16          0          0         96        844   c_w.l
        10          0          0          0          0        116   fz_wv.l

    ----------------------------------------------------------------------
       710         16          0          0         96        960   Library Totals

    ----------------------------------------------------------------------

==============================================================================


      Code (inc. data)   RO Data    RW Data    ZI Data      Debug   

     29008       1586       1024        188      20476    1560699   Grand Totals
     29008       1586       1024        188      20476    1560699   ELF Image Totals
     29008       1586       1024        188          0          0   ROM Totals

==============================================================================

    Total RO  Size (Code + RO Data)                30032 (  29.33kB)
    Total RW  Size (RW Data + ZI Data)             20664 (  20.18kB)
    Total ROM Size (Code + RO Data + RW Data)      30220 (  29.51kB)

==============================================================================

